Archive member included to satisfy reference by file (symbol)

c:/program files/ac6/systemworkbench/plugins/fr.ac6.mcu.externaltools.arm-none.win32_1.17.0.201812190825/tools/compiler/bin/../lib/gcc/arm-none-eabi/7.3.1/thumb/v7-m\libgcc.a(_arm_addsubdf3.o)
                              Core/Src/main.o (__aeabi_dsub)
c:/program files/ac6/systemworkbench/plugins/fr.ac6.mcu.externaltools.arm-none.win32_1.17.0.201812190825/tools/compiler/bin/../lib/gcc/arm-none-eabi/7.3.1/thumb/v7-m\libgcc.a(_arm_muldivdf3.o)
                              Core/Src/main.o (__aeabi_dmul)
c:/program files/ac6/systemworkbench/plugins/fr.ac6.mcu.externaltools.arm-none.win32_1.17.0.201812190825/tools/compiler/bin/../lib/gcc/arm-none-eabi/7.3.1/thumb/v7-m\libgcc.a(_arm_fixunsdfsi.o)
                              Core/Src/main.o (__aeabi_d2uiz)
c:/program files/ac6/systemworkbench/plugins/fr.ac6.mcu.externaltools.arm-none.win32_1.17.0.201812190825/tools/compiler/bin/../lib/gcc/arm-none-eabi/7.3.1/thumb/v7-m\libgcc.a(_arm_truncdfsf2.o)
                              Core/Src/main.o (__aeabi_d2f)
c:/program files/ac6/systemworkbench/plugins/fr.ac6.mcu.externaltools.arm-none.win32_1.17.0.201812190825/tools/compiler/bin/../lib/gcc/arm-none-eabi/7.3.1/thumb/v7-m\libgcc.a(_arm_addsubsf3.o)
                              Core/Src/main.o (__aeabi_ui2f)
c:/program files/ac6/systemworkbench/plugins/fr.ac6.mcu.externaltools.arm-none.win32_1.17.0.201812190825/tools/compiler/bin/../lib/gcc/arm-none-eabi/7.3.1/thumb/v7-m\libgcc.a(_arm_muldivsf3.o)
                              Core/Src/main.o (__aeabi_fmul)
c:/program files/ac6/systemworkbench/plugins/fr.ac6.mcu.externaltools.arm-none.win32_1.17.0.201812190825/tools/compiler/bin/../lib/gcc/arm-none-eabi/7.3.1/thumb/v7-m\libgcc.a(_arm_cmpsf2.o)
                              Core/Src/main.o (__aeabi_fcmplt)
c:/program files/ac6/systemworkbench/plugins/fr.ac6.mcu.externaltools.arm-none.win32_1.17.0.201812190825/tools/compiler/bin/../lib/gcc/arm-none-eabi/7.3.1/thumb/v7-m\libgcc.a(_arm_fixsfsi.o)
                              Core/Src/main.o (__aeabi_f2iz)
c:/program files/ac6/systemworkbench/plugins/fr.ac6.mcu.externaltools.arm-none.win32_1.17.0.201812190825/tools/compiler/bin/../lib/gcc/arm-none-eabi/7.3.1/../../../../arm-none-eabi/lib/thumb/v7-m\libc_nano.a(lib_a-errno.o)
                              Core/Src/syscalls.o (__errno)
c:/program files/ac6/systemworkbench/plugins/fr.ac6.mcu.externaltools.arm-none.win32_1.17.0.201812190825/tools/compiler/bin/../lib/gcc/arm-none-eabi/7.3.1/../../../../arm-none-eabi/lib/thumb/v7-m\libc_nano.a(lib_a-exit.o)
                              c:/program files/ac6/systemworkbench/plugins/fr.ac6.mcu.externaltools.arm-none.win32_1.17.0.201812190825/tools/compiler/bin/../lib/gcc/arm-none-eabi/7.3.1/../../../../arm-none-eabi/lib/thumb/v7-m/crt0.o (exit)
c:/program files/ac6/systemworkbench/plugins/fr.ac6.mcu.externaltools.arm-none.win32_1.17.0.201812190825/tools/compiler/bin/../lib/gcc/arm-none-eabi/7.3.1/../../../../arm-none-eabi/lib/thumb/v7-m\libc_nano.a(lib_a-impure.o)
                              c:/program files/ac6/systemworkbench/plugins/fr.ac6.mcu.externaltools.arm-none.win32_1.17.0.201812190825/tools/compiler/bin/../lib/gcc/arm-none-eabi/7.3.1/../../../../arm-none-eabi/lib/thumb/v7-m\libc_nano.a(lib_a-exit.o) (_global_impure_ptr)
c:/program files/ac6/systemworkbench/plugins/fr.ac6.mcu.externaltools.arm-none.win32_1.17.0.201812190825/tools/compiler/bin/../lib/gcc/arm-none-eabi/7.3.1/../../../../arm-none-eabi/lib/thumb/v7-m\libc_nano.a(lib_a-init.o)
                              c:/program files/ac6/systemworkbench/plugins/fr.ac6.mcu.externaltools.arm-none.win32_1.17.0.201812190825/tools/compiler/bin/../lib/gcc/arm-none-eabi/7.3.1/../../../../arm-none-eabi/lib/thumb/v7-m/crt0.o (__libc_init_array)
c:/program files/ac6/systemworkbench/plugins/fr.ac6.mcu.externaltools.arm-none.win32_1.17.0.201812190825/tools/compiler/bin/../lib/gcc/arm-none-eabi/7.3.1/../../../../arm-none-eabi/lib/thumb/v7-m\libc_nano.a(lib_a-memset.o)
                              c:/program files/ac6/systemworkbench/plugins/fr.ac6.mcu.externaltools.arm-none.win32_1.17.0.201812190825/tools/compiler/bin/../lib/gcc/arm-none-eabi/7.3.1/../../../../arm-none-eabi/lib/thumb/v7-m/crt0.o (memset)
c:/program files/ac6/systemworkbench/plugins/fr.ac6.mcu.externaltools.arm-none.win32_1.17.0.201812190825/tools/compiler/bin/../lib/gcc/arm-none-eabi/7.3.1/../../../../arm-none-eabi/lib/thumb/v7-m\libc_nano.a(lib_a-sprintf.o)
                              Core/Src/main.o (sprintf)
c:/program files/ac6/systemworkbench/plugins/fr.ac6.mcu.externaltools.arm-none.win32_1.17.0.201812190825/tools/compiler/bin/../lib/gcc/arm-none-eabi/7.3.1/../../../../arm-none-eabi/lib/thumb/v7-m\libc_nano.a(lib_a-strlen.o)
                              Core/Src/fonts.o (strlen)
[...]
Memory Configuration

Name             Origin             Length             Attributes
RAM              0x20000000         0x00005000         xrw
FLASH            0x08000000         0x00010000         xr
*default*        0x00000000         0xffffffff

Linker script and memory map

LOAD c:/program files/ac6/systemworkbench/plugins/fr.ac6.mcu.externaltools.arm-none.win32_1.17.0.201812190825/tools/compiler/bin/../lib/gcc/arm-none-eabi/7.3.1/thumb/v7-m/crti.o
LOAD c:/program files/ac6/systemworkbench/plugins/fr.ac6.mcu.externaltools.arm-none.win32_1.17.0.201812190825/tools/compiler/bin/../lib/gcc/arm-none-eabi/7.3.1/thumb/v7-m/crtbegin.o
LOAD c:/program files/ac6/systemworkbench/plugins/fr.ac6.mcu.externaltools.arm-none.win32_1.17.0.201812190825/tools/compiler/bin/../lib/gcc/arm-none-eabi/7.3.1/../../../../arm-none-eabi/lib/thumb/v7-m/crt0.o
LOAD Core/Src/eeprom.o
LOAD Core/Src/fonts.o
LOAD Core/Src/main.o
LOAD Core/Src/ssd1306.o
LOAD Core/Src/stm32f1xx_hal_msp.o
LOAD Core/Src/stm32f1xx_it.o
LOAD Core/Src/syscalls.o
LOAD Core/Src/system_stm32f1xx.o
LOAD Drivers/STM32F1xx_HAL_Driver/Src/stm32f1xx_hal.o
LOAD Drivers/STM32F1xx_HAL_Driver/Src/stm32f1xx_hal_adc.o
LOAD Drivers/STM32F1xx_HAL_Driver/Src/stm32f1xx_hal_adc_ex.o
LOAD Drivers/STM32F1xx_HAL_Driver/Src/stm32f1xx_hal_cortex.o
LOAD Drivers/STM32F1xx_HAL_Driver/Src/stm32f1xx_hal_dma.o
LOAD Drivers/STM32F1xx_HAL_Driver/Src/stm32f1xx_hal_exti.o
LOAD Drivers/STM32F1xx_HAL_Driver/Src/stm32f1xx_hal_flash.o
LOAD Drivers/STM32F1xx_HAL_Driver/Src/stm32f1xx_hal_flash_ex.o
LOAD Drivers/STM32F1xx_HAL_Driver/Src/stm32f1xx_hal_gpio.o
LOAD Drivers/STM32F1xx_HAL_Driver/Src/stm32f1xx_hal_gpio_ex.o
LOAD Drivers/STM32F1xx_HAL_Driver/Src/stm32f1xx_hal_i2c.o
LOAD Drivers/STM32F1xx_HAL_Driver/Src/stm32f1xx_hal_pwr.o
LOAD Drivers/STM32F1xx_HAL_Driver/Src/stm32f1xx_hal_rcc.o
LOAD Drivers/STM32F1xx_HAL_Driver/Src/stm32f1xx_hal_rcc_ex.o
LOAD Drivers/STM32F1xx_HAL_Driver/Src/stm32f1xx_hal_tim.o
LOAD Drivers/STM32F1xx_HAL_Driver/Src/stm32f1xx_hal_tim_ex.o
LOAD Drivers/STM32F1xx_HAL_Driver/Src/stm32f1xx_hal_uart.o
LOAD startup/startup_stm32f103xb.o
LOAD c:/program files/ac6/systemworkbench/plugins/fr.ac6.mcu.externaltools.arm-none.win32_1.17.0.201812190825/tools/compiler/bin/../lib/gcc/arm-none-eabi/7.3.1/../../../../arm-none-eabi/lib/thumb/v7-m\libstdc++_nano.a
LOAD c:/program files/ac6/systemworkbench/plugins/fr.ac6.mcu.externaltools.arm-none.win32_1.17.0.201812190825/tools/compiler/bin/../lib/gcc/arm-none-eabi/7.3.1/../../../../arm-none-eabi/lib/thumb/v7-m\libm.a
START GROUP
LOAD c:/program files/ac6/systemworkbench/plugins/fr.ac6.mcu.externaltools.arm-none.win32_1.17.0.201812190825/tools/compiler/bin/../lib/gcc/arm-none-eabi/7.3.1/thumb/v7-m\libgcc.a
LOAD c:/program files/ac6/systemworkbench/plugins/fr.ac6.mcu.externaltools.arm-none.win32_1.17.0.201812190825/tools/compiler/bin/../lib/gcc/arm-none-eabi/7.3.1/../../../../arm-none-eabi/lib/thumb/v7-m\libc_nano.a
END GROUP
START GROUP
LOAD c:/program files/ac6/systemworkbench/plugins/fr.ac6.mcu.externaltools.arm-none.win32_1.17.0.201812190825/tools/compiler/bin/../lib/gcc/arm-none-eabi/7.3.1/thumb/v7-m\libgcc.a
LOAD c:/program files/ac6/systemworkbench/plugins/fr.ac6.mcu.externaltools.arm-none.win32_1.17.0.201812190825/tools/compiler/bin/../lib/gcc/arm-none-eabi/7.3.1/../../../../arm-none-eabi/lib/thumb/v7-m\libc_nano.a
LOAD c:/program files/ac6/systemworkbench/plugins/fr.ac6.mcu.externaltools.arm-none.win32_1.17.0.201812190825/tools/compiler/bin/../lib/gcc/arm-none-eabi/7.3.1/../../../../arm-none-eabi/lib/thumb/v7-m\libnosys.a
END GROUP
START GROUP
LOAD c:/program files/ac6/systemworkbench/plugins/fr.ac6.mcu.externaltools.arm-none.win32_1.17.0.201812190825/tools/compiler/bin/../lib/gcc/arm-none-eabi/7.3.1/thumb/v7-m\libgcc.a
LOAD c:/program files/ac6/systemworkbench/plugins/fr.ac6.mcu.externaltools.arm-none.win32_1.17.0.201812190825/tools/compiler/bin/../lib/gcc/arm-none-eabi/7.3.1/../../../../arm-none-eabi/lib/thumb/v7-m\libc_nano.a
LOAD c:/program files/ac6/systemworkbench/plugins/fr.ac6.mcu.externaltools.arm-none.win32_1.17.0.201812190825/tools/compiler/bin/../lib/gcc/arm-none-eabi/7.3.1/../../../../arm-none-eabi/lib/thumb/v7-m\libnosys.a
END GROUP
LOAD c:/program files/ac6/systemworkbench/plugins/fr.ac6.mcu.externaltools.arm-none.win32_1.17.0.201812190825/tools/compiler/bin/../lib/gcc/arm-none-eabi/7.3.1/thumb/v7-m/crtend.o
LOAD c:/program files/ac6/systemworkbench/plugins/fr.ac6.mcu.externaltools.arm-none.win32_1.17.0.201812190825/tools/compiler/bin/../lib/gcc/arm-none-eabi/7.3.1/thumb/v7-m/crtn.o
                0x20005000                _estack = 0x20005000
                0x00000200                _Min_Heap_Size = 0x200
                0x00000400                _Min_Stack_Size = 0x400

.isr_vector     0x08000000      0x10c
                0x08000000                . = ALIGN (0x4)
 *(.isr_vector)
 .isr_vector    0x08000000      0x10c startup/startup_stm32f103xb.o
                0x08000000                g_pfnVectors
                0x0800010c                . = ALIGN (0x4)

.text           0x08000110     0x4eb8
                0x08000110                . = ALIGN (0x4)
 *(.text)
 .text          0x08000110       0x40 c:/program files/ac6/systemworkbench/plugins/fr.ac6.mcu.externaltools.arm-none.win32_1.17.0.201812190825/tools/compiler/bin/../lib/gcc/arm-none-eabi/7.3.1/thumb/v7-m/crtbegin.o
 .text          0x08000150      0x378 c:/program files/ac6/systemworkbench/plugins/fr.ac6.mcu.externaltools.arm-none.win32_1.17.0.201812190825/tools/compiler/bin/../lib/gcc/arm-none-eabi/7.3.1/thumb/v7-m\libgcc.a(_arm_addsubdf3.o)
                0x08000150                __aeabi_drsub
                0x08000158                __aeabi_dsub
                0x08000158                __subdf3
                0x0800015c                __aeabi_dadd
                0x0800015c                __adddf3
                0x080003d4                __floatunsidf
                0x080003d4                __aeabi_ui2d
                0x080003f4                __floatsidf
                0x080003f4                __aeabi_i2d
                0x08000418                __aeabi_f2d
                0x08000418                __extendsfdf2
                0x0800045c                __floatundidf
                0x0800045c                __aeabi_ul2d
                0x0800046c                __floatdidf
                0x0800046c                __aeabi_l2d
 .text          0x080004c8      0x424 c:/program files/ac6/systemworkbench/plugins/fr.ac6.mcu.externaltools.arm-none.win32_1.17.0.201812190825/tools/compiler/bin/../lib/gcc/arm-none-eabi/7.3.1/thumb/v7-m\libgcc.a(_arm_muldivdf3.o)
                0x080004c8                __aeabi_dmul
                0x080004c8                __muldf3
                0x0800071c                __divdf3
                0x0800071c                __aeabi_ddiv
 .text          0x080008ec       0x40 c:/program files/ac6/systemworkbench/plugins/fr.ac6.mcu.externaltools.arm-none.win32_1.17.0.201812190825/tools/compiler/bin/../lib/gcc/arm-none-eabi/7.3.1/thumb/v7-m\libgcc.a(_arm_fixunsdfsi.o)
                0x080008ec                __aeabi_d2uiz
                0x080008ec                __fixunsdfsi
 .text          0x0800092c       0xa0 c:/program files/ac6/systemworkbench/plugins/fr.ac6.mcu.externaltools.arm-none.win32_1.17.0.201812190825/tools/compiler/bin/../lib/gcc/arm-none-eabi/7.3.1/thumb/v7-m\libgcc.a(_arm_truncdfsf2.o)
                0x0800092c                __truncdfsf2
                0x0800092c                __aeabi_d2f
 .text          0x080009cc      0x21c c:/program files/ac6/systemworkbench/plugins/fr.ac6.mcu.externaltools.arm-none.win32_1.17.0.201812190825/tools/compiler/bin/../lib/gcc/arm-none-eabi/7.3.1/thumb/v7-m\libgcc.a(_arm_addsubsf3.o)
                0x080009cc                __aeabi_frsub
                0x080009d4                __subsf3
                0x080009d4                __aeabi_fsub
                0x080009d8                __aeabi_fadd
                0x080009d8                __addsf3
                0x08000b38                __aeabi_ui2f
                0x08000b38                __floatunsisf
                0x08000b40                __aeabi_i2f
                0x08000b40                __floatsisf
                0x08000b5c                __aeabi_ul2f
                0x08000b5c                __floatundisf
                0x08000b6c                __aeabi_l2f
                0x08000b6c                __floatdisf
 .text          0x08000be8      0x2a0 c:/program files/ac6/systemworkbench/plugins/fr.ac6.mcu.externaltools.arm-none.win32_1.17.0.201812190825/tools/compiler/bin/../lib/gcc/arm-none-eabi/7.3.1/thumb/v7-m\libgcc.a(_arm_muldivsf3.o)
                0x08000be8                __mulsf3
                0x08000be8                __aeabi_fmul
                0x08000d50                __aeabi_fdiv
                0x08000d50                __divsf3
 .text          0x08000e88       0xec c:/program files/ac6/systemworkbench/plugins/fr.ac6.mcu.externaltools.arm-none.win32_1.17.0.201812190825/tools/compiler/bin/../lib/gcc/arm-none-eabi/7.3.1/thumb/v7-m\libgcc.a(_arm_cmpsf2.o)
                0x08000e88                __gesf2
                0x08000e88                __gtsf2
                0x08000e90                __lesf2
                0x08000e90                __ltsf2
                0x08000e98                __nesf2
                0x08000e98                __eqsf2
                0x08000e98                __cmpsf2
                0x08000ef8                __aeabi_cfrcmple
                0x08000f00                __aeabi_cfcmpeq
                0x08000f00                __aeabi_cfcmple
                0x08000f10                __aeabi_fcmpeq
                0x08000f24                __aeabi_fcmplt
                0x08000f38                __aeabi_fcmple
                0x08000f4c                __aeabi_fcmpge
                0x08000f60                __aeabi_fcmpgt
 .text          0x08000f74       0x4c c:/program files/ac6/systemworkbench/plugins/fr.ac6.mcu.externaltools.arm-none.win32_1.17.0.201812190825/tools/compiler/bin/../lib/gcc/arm-none-eabi/7.3.1/thumb/v7-m\libgcc.a(_arm_fixsfsi.o)
                0x08000f74                __aeabi_f2iz
                0x08000f74                __fixsfsi
 *(.text*)
 .text.EE_VerifyPageFullyErased
                0x08000fc0       0x24 Core/Src/eeprom.o
 .text.EE_FindValidPage
                0x08000fe4       0x50 Core/Src/eeprom.o
 .text.EE_VerifyPageFullWriteVariable
                0x08001034       0x5c Core/Src/eeprom.o
 .text.EE_Format
                0x08001090       0x5c Core/Src/eeprom.o
 .text.EE_ReadVariable
                0x080010ec       0x44 Core/Src/eeprom.o
                0x080010ec                EE_ReadVariable
 .text.EE_Init  0x08001130      0x260 Core/Src/eeprom.o
                0x08001130                EE_Init
 .text.EE_PageTransfer
                0x08001390       0xc8 Core/Src/eeprom.o
 .text.EE_WriteVariable
                0x08001458       0x1a Core/Src/eeprom.o
                0x08001458                EE_WriteVariable
 *fill*         0x08001472        0x2 
 .text.MX_GPIO_Init
                0x08001474       0xd4 Core/Src/main.o
 .text.Error_Handler
                0x08001548        0x4 Core/Src/main.o
                0x08001548                Error_Handler
 .text.MX_ADC1_Init
                0x0800154c       0x54 Core/Src/main.o
 .text.MX_TIM1_Init
                0x080015a0       0x70 Core/Src/main.o
 .text.MX_USART1_UART_Init
                0x08001610       0x34 Core/Src/main.o
 .text.MX_I2C1_Init
                0x08001644       0x38 Core/Src/main.o
 .text.ADC_ConfigChannel
                0x0800167c       0x28 Core/Src/main.o
 *fill*         0x080016a4        0x4 
 .text.LDR_GetResistence
                0x080016a8       0xa4 Core/Src/main.o
 .text.SystemClock_Config
                0x0800174c       0x6e Core/Src/main.o
                0x0800174c                SystemClock_Config
 *fill*         0x080017ba        0x2 
 .text.main     0x080017bc      0x54c Core/Src/main.o
                0x080017bc                main
 .text.SSD1306_Fill
                0x08001d08       0x1c Core/Src/ssd1306.o
                0x08001d08                SSD1306_Fill
 .text.SSD1306_DrawPixel
                0x08001d24       0x50 Core/Src/ssd1306.o
                0x08001d24                SSD1306_DrawPixel
 .text.SSD1306_GotoXY
                0x08001d74        0xc Core/Src/ssd1306.o
                0x08001d74                SSD1306_GotoXY
 .text.SSD1306_Putc
                0x08001d80       0x9c Core/Src/ssd1306.o
                0x08001d80                SSD1306_Putc
 .text.SSD1306_Puts
                0x08001e1c       0x24 Core/Src/ssd1306.o
                0x08001e1c                SSD1306_Puts
 .text.SSD1306_DrawLine
                0x08001e40      0x132 Core/Src/ssd1306.o
                0x08001e40                SSD1306_DrawLine
 .text.SSD1306_DrawRectangle
                0x08001f72       0x7e Core/Src/ssd1306.o
                0x08001f72                SSD1306_DrawRectangle
 .text.SSD1306_DrawFilledRectangle
                0x08001ff0       0x5e Core/Src/ssd1306.o
                0x08001ff0                SSD1306_DrawFilledRectangle
 .text.SSD1306_DrawTriangle
                0x0800204e       0x42 Core/Src/ssd1306.o
                0x0800204e                SSD1306_DrawTriangle
 .text.SSD1306_DrawFilledCircle
                0x08002090      0x11e Core/Src/ssd1306.o
                0x08002090                SSD1306_DrawFilledCircle
 *fill*         0x080021ae        0x2 
 .text.ssd1306_I2C_WriteMulti
                0x080021b0       0x38 Core/Src/ssd1306.o
                0x080021b0                ssd1306_I2C_WriteMulti
 .text.ssd1306_I2C_Write
                0x080021e8       0x28 Core/Src/ssd1306.o
                0x080021e8                ssd1306_I2C_Write
 .text.SSD1306_UpdateScreen
                0x08002210       0x48 Core/Src/ssd1306.o
                0x08002210                SSD1306_UpdateScreen
 .text.SSD1306_Init
                0x08002258      0x168 Core/Src/ssd1306.o
                0x08002258                SSD1306_Init
 .text.HAL_MspInit
                0x080023c0       0x44 Core/Src/stm32f1xx_hal_msp.o
                0x080023c0                HAL_MspInit
 .text.HAL_ADC_MspInit
                0x08002404       0x60 Core/Src/stm32f1xx_hal_msp.o
                0x08002404                HAL_ADC_MspInit
 .text.HAL_I2C_MspInit
                0x08002464       0x78 Core/Src/stm32f1xx_hal_msp.o
                0x08002464                HAL_I2C_MspInit
 .text.HAL_TIM_Base_MspInit
                0x080024dc       0x50 Core/Src/stm32f1xx_hal_msp.o
                0x080024dc                HAL_TIM_Base_MspInit
 .text.HAL_UART_MspInit
                0x0800252c       0x78 Core/Src/stm32f1xx_hal_msp.o
                0x0800252c                HAL_UART_MspInit
 .text.NMI_Handler
                0x080025a4        0x2 Core/Src/stm32f1xx_it.o
                0x080025a4                NMI_Handler
 .text.HardFault_Handler
                0x080025a6        0x2 Core/Src/stm32f1xx_it.o
                0x080025a6                HardFault_Handler
 .text.MemManage_Handler
                0x080025a8        0x2 Core/Src/stm32f1xx_it.o
                0x080025a8                MemManage_Handler
 .text.BusFault_Handler
                0x080025aa        0x2 Core/Src/stm32f1xx_it.o
                0x080025aa                BusFault_Handler
 .text.UsageFault_Handler
                0x080025ac        0x2 Core/Src/stm32f1xx_it.o
                0x080025ac                UsageFault_Handler
 .text.SVC_Handler
                0x080025ae        0x2 Core/Src/stm32f1xx_it.o
                0x080025ae                SVC_Handler
 .text.DebugMon_Handler
                0x080025b0        0x2 Core/Src/stm32f1xx_it.o
                0x080025b0                DebugMon_Handler
 .text.PendSV_Handler
                0x080025b2        0x2 Core/Src/stm32f1xx_it.o
                0x080025b2                PendSV_Handler
 .text.SysTick_Handler
                0x080025b4        0x8 Core/Src/stm32f1xx_it.o
                0x080025b4                SysTick_Handler
 .text.TIM1_BRK_IRQHandler
                0x080025bc       0x10 Core/Src/stm32f1xx_it.o
                0x080025bc                TIM1_BRK_IRQHandler
 .text.TIM1_UP_IRQHandler
                0x080025cc       0x10 Core/Src/stm32f1xx_it.o
                0x080025cc                TIM1_UP_IRQHandler
 .text._sbrk    0x080025dc       0x3c Core/Src/syscalls.o
                0x080025dc                _sbrk
 .text.SystemInit
                0x08002618        0x2 Core/Src/system_stm32f1xx.o
                0x08002618                SystemInit
 *fill*         0x0800261a        0x2 
 .text.HAL_InitTick
                0x0800261c       0x48 Drivers/STM32F1xx_HAL_Driver/Src/stm32f1xx_hal.o
                0x0800261c                HAL_InitTick
 .text.HAL_Init
                0x08002664       0x24 Drivers/STM32F1xx_HAL_Driver/Src/stm32f1xx_hal.o
                0x08002664                HAL_Init
 .text.HAL_IncTick
                0x08002688       0x18 Drivers/STM32F1xx_HAL_Driver/Src/stm32f1xx_hal.o
                0x08002688                HAL_IncTick
 .text.HAL_GetTick
                0x080026a0        0xc Drivers/STM32F1xx_HAL_Driver/Src/stm32f1xx_hal.o
                0x080026a0                HAL_GetTick
 .text.HAL_Delay
                0x080026ac       0x28 Drivers/STM32F1xx_HAL_Driver/Src/stm32f1xx_hal.o
                0x080026ac                HAL_Delay
 .text.HAL_ADC_PollForConversion
                0x080026d4      0x170 Drivers/STM32F1xx_HAL_Driver/Src/stm32f1xx_hal_adc.o
                0x080026d4                HAL_ADC_PollForConversion
 .text.HAL_ADC_GetValue
                0x08002844        0x6 Drivers/STM32F1xx_HAL_Driver/Src/stm32f1xx_hal_adc.o
                0x08002844                HAL_ADC_GetValue
 *fill*         0x0800284a        0x2 
 .text.HAL_ADC_ConfigChannel
                0x0800284c      0x138 Drivers/STM32F1xx_HAL_Driver/Src/stm32f1xx_hal_adc.o
                0x0800284c                HAL_ADC_ConfigChannel
 .text.HAL_ADC_GetState
                0x08002984        0x4 Drivers/STM32F1xx_HAL_Driver/Src/stm32f1xx_hal_adc.o
                0x08002984                HAL_ADC_GetState
 .text.ADC_Enable
                0x08002988       0x80 Drivers/STM32F1xx_HAL_Driver/Src/stm32f1xx_hal_adc.o
                0x08002988                ADC_Enable
 .text.HAL_ADC_Start
                0x08002a08       0xec Drivers/STM32F1xx_HAL_Driver/Src/stm32f1xx_hal_adc.o
                0x08002a08                HAL_ADC_Start
 .text.ADC_ConversionStop_Disable
                0x08002af4       0x4c Drivers/STM32F1xx_HAL_Driver/Src/stm32f1xx_hal_adc.o
                0x08002af4                ADC_ConversionStop_Disable
 .text.HAL_ADC_Init
                0x08002b40      0x110 Drivers/STM32F1xx_HAL_Driver/Src/stm32f1xx_hal_adc.o
                0x08002b40                HAL_ADC_Init
 .text.HAL_ADC_Stop
                0x08002c50       0x3a Drivers/STM32F1xx_HAL_Driver/Src/stm32f1xx_hal_adc.o
                0x08002c50                HAL_ADC_Stop
 *fill*         0x08002c8a        0x2 
 .text.HAL_NVIC_SetPriorityGrouping
                0x08002c8c       0x24 Drivers/STM32F1xx_HAL_Driver/Src/stm32f1xx_hal_cortex.o
                0x08002c8c                HAL_NVIC_SetPriorityGrouping
 .text.HAL_NVIC_SetPriority
                0x08002cb0       0x68 Drivers/STM32F1xx_HAL_Driver/Src/stm32f1xx_hal_cortex.o
                0x08002cb0                HAL_NVIC_SetPriority
 .text.HAL_NVIC_EnableIRQ
                0x08002d18       0x1c Drivers/STM32F1xx_HAL_Driver/Src/stm32f1xx_hal_cortex.o
                0x08002d18                HAL_NVIC_EnableIRQ
 .text.HAL_SYSTICK_Config
                0x08002d34       0x2c Drivers/STM32F1xx_HAL_Driver/Src/stm32f1xx_hal_cortex.o
                0x08002d34                HAL_SYSTICK_Config
 .text.FLASH_Program_HalfWord
                0x08002d60       0x1c Drivers/STM32F1xx_HAL_Driver/Src/stm32f1xx_hal_flash.o
 .text.FLASH_SetErrorCode
                0x08002d7c       0x74 Drivers/STM32F1xx_HAL_Driver/Src/stm32f1xx_hal_flash.o
 .text.HAL_FLASH_Unlock
                0x08002df0       0x34 Drivers/STM32F1xx_HAL_Driver/Src/stm32f1xx_hal_flash.o
                0x08002df0                HAL_FLASH_Unlock
 .text.FLASH_WaitForLastOperation
                0x08002e24       0x6c Drivers/STM32F1xx_HAL_Driver/Src/stm32f1xx_hal_flash.o
                0x08002e24                FLASH_WaitForLastOperation
 .text.HAL_FLASH_Program
                0x08002e90       0x9c Drivers/STM32F1xx_HAL_Driver/Src/stm32f1xx_hal_flash.o
                0x08002e90                HAL_FLASH_Program
 .text.FLASH_MassErase
                0x08002f2c       0x24 Drivers/STM32F1xx_HAL_Driver/Src/stm32f1xx_hal_flash_ex.o
 .text.FLASH_PageErase
                0x08002f50       0x24 Drivers/STM32F1xx_HAL_Driver/Src/stm32f1xx_hal_flash_ex.o
                0x08002f50                FLASH_PageErase
 .text.HAL_FLASHEx_Erase
                0x08002f74       0xa4 Drivers/STM32F1xx_HAL_Driver/Src/stm32f1xx_hal_flash_ex.o
                0x08002f74                HAL_FLASHEx_Erase
 .text.HAL_GPIO_Init
                0x08003018      0x1d8 Drivers/STM32F1xx_HAL_Driver/Src/stm32f1xx_hal_gpio.o
                0x08003018                HAL_GPIO_Init
 .text.HAL_GPIO_ReadPin
                0x080031f0        0xe Drivers/STM32F1xx_HAL_Driver/Src/stm32f1xx_hal_gpio.o
                0x080031f0                HAL_GPIO_ReadPin
 .text.HAL_GPIO_WritePin
                0x080031fe        0xc Drivers/STM32F1xx_HAL_Driver/Src/stm32f1xx_hal_gpio.o
                0x080031fe                HAL_GPIO_WritePin
 .text.I2C_IsAcknowledgeFailed
                0x0800320a       0x32 Drivers/STM32F1xx_HAL_Driver/Src/stm32f1xx_hal_i2c.o
 .text.I2C_WaitOnFlagUntilTimeout
                0x0800323c       0x70 Drivers/STM32F1xx_HAL_Driver/Src/stm32f1xx_hal_i2c.o
 .text.I2C_WaitOnMasterAddressFlagUntilTimeout
                0x080032ac       0xa4 Drivers/STM32F1xx_HAL_Driver/Src/stm32f1xx_hal_i2c.o
 .text.I2C_MasterRequestWrite
                0x08003350       0xbc Drivers/STM32F1xx_HAL_Driver/Src/stm32f1xx_hal_i2c.o
 .text.I2C_WaitOnTXEFlagUntilTimeout
                0x0800340c       0x54 Drivers/STM32F1xx_HAL_Driver/Src/stm32f1xx_hal_i2c.o
 .text.I2C_WaitOnBTFFlagUntilTimeout
                0x08003460       0x54 Drivers/STM32F1xx_HAL_Driver/Src/stm32f1xx_hal_i2c.o
 .text.HAL_I2C_Init
                0x080034b4      0x1b4 Drivers/STM32F1xx_HAL_Driver/Src/stm32f1xx_hal_i2c.o
                0x080034b4                HAL_I2C_Init
 .text.HAL_I2C_Master_Transmit
                0x08003668      0x174 Drivers/STM32F1xx_HAL_Driver/Src/stm32f1xx_hal_i2c.o
                0x08003668                HAL_I2C_Master_Transmit
 .text.HAL_I2C_IsDeviceReady
                0x080037dc      0x198 Drivers/STM32F1xx_HAL_Driver/Src/stm32f1xx_hal_i2c.o
                0x080037dc                HAL_I2C_IsDeviceReady
 .text.RCC_Delay
                0x08003974       0x2c Drivers/STM32F1xx_HAL_Driver/Src/stm32f1xx_hal_rcc.o
 .text.HAL_RCC_OscConfig
                0x080039a0      0x410 Drivers/STM32F1xx_HAL_Driver/Src/stm32f1xx_hal_rcc.o
                0x080039a0                HAL_RCC_OscConfig
 .text.HAL_RCC_GetSysClockFreq
                0x08003db0       0x70 Drivers/STM32F1xx_HAL_Driver/Src/stm32f1xx_hal_rcc.o
                0x08003db0                HAL_RCC_GetSysClockFreq
 .text.HAL_RCC_ClockConfig
                0x08003e20      0x168 Drivers/STM32F1xx_HAL_Driver/Src/stm32f1xx_hal_rcc.o
                0x08003e20                HAL_RCC_ClockConfig
 .text.HAL_RCC_GetHCLKFreq
                0x08003f88        0xc Drivers/STM32F1xx_HAL_Driver/Src/stm32f1xx_hal_rcc.o
                0x08003f88                HAL_RCC_GetHCLKFreq
 .text.HAL_RCC_GetPCLK1Freq
                0x08003f94       0x20 Drivers/STM32F1xx_HAL_Driver/Src/stm32f1xx_hal_rcc.o
                0x08003f94                HAL_RCC_GetPCLK1Freq
 .text.HAL_RCC_GetPCLK2Freq
                0x08003fb4       0x20 Drivers/STM32F1xx_HAL_Driver/Src/stm32f1xx_hal_rcc.o
                0x08003fb4                HAL_RCC_GetPCLK2Freq
 .text.HAL_RCCEx_PeriphCLKConfig
                0x08003fd4      0x114 Drivers/STM32F1xx_HAL_Driver/Src/stm32f1xx_hal_rcc_ex.o
                0x08003fd4                HAL_RCCEx_PeriphCLKConfig
 .text.HAL_RCCEx_GetPeriphCLKFreq
                0x080040e8       0xfc Drivers/STM32F1xx_HAL_Driver/Src/stm32f1xx_hal_rcc_ex.o
                0x080040e8                HAL_RCCEx_GetPeriphCLKFreq
 .text.TIM_TI1_ConfigInputStage
                0x080041e4       0x24 Drivers/STM32F1xx_HAL_Driver/Src/stm32f1xx_hal_tim.o
 .text.TIM_TI2_ConfigInputStage
                0x08004208       0x26 Drivers/STM32F1xx_HAL_Driver/Src/stm32f1xx_hal_tim.o
 .text.TIM_ITRx_SetConfig
                0x0800422e       0x10 Drivers/STM32F1xx_HAL_Driver/Src/stm32f1xx_hal_tim.o
 .text.HAL_TIM_PeriodElapsedCallback
                0x0800423e        0x2 Drivers/STM32F1xx_HAL_Driver/Src/stm32f1xx_hal_tim.o
                0x0800423e                HAL_TIM_PeriodElapsedCallback
 .text.HAL_TIM_OC_DelayElapsedCallback
                0x08004240        0x2 Drivers/STM32F1xx_HAL_Driver/Src/stm32f1xx_hal_tim.o
                0x08004240                HAL_TIM_OC_DelayElapsedCallback
 .text.HAL_TIM_IC_CaptureCallback
                0x08004242        0x2 Drivers/STM32F1xx_HAL_Driver/Src/stm32f1xx_hal_tim.o
                0x08004242                HAL_TIM_IC_CaptureCallback
 .text.HAL_TIM_PWM_PulseFinishedCallback
                0x08004244        0x2 Drivers/STM32F1xx_HAL_Driver/Src/stm32f1xx_hal_tim.o
                0x08004244                HAL_TIM_PWM_PulseFinishedCallback
 .text.HAL_TIM_TriggerCallback
                0x08004246        0x2 Drivers/STM32F1xx_HAL_Driver/Src/stm32f1xx_hal_tim.o
                0x08004246                HAL_TIM_TriggerCallback
 .text.HAL_TIM_IRQHandler
                0x08004248      0x17a Drivers/STM32F1xx_HAL_Driver/Src/stm32f1xx_hal_tim.o
                0x08004248                HAL_TIM_IRQHandler
 *fill*         0x080043c2        0x2 
 .text.TIM_Base_SetConfig
                0x080043c4       0x74 Drivers/STM32F1xx_HAL_Driver/Src/stm32f1xx_hal_tim.o
                0x080043c4                TIM_Base_SetConfig
 .text.HAL_TIM_Base_Init
                0x08004438       0x56 Drivers/STM32F1xx_HAL_Driver/Src/stm32f1xx_hal_tim.o
                0x08004438                HAL_TIM_Base_Init
 .text.TIM_ETR_SetConfig
                0x0800448e       0x16 Drivers/STM32F1xx_HAL_Driver/Src/stm32f1xx_hal_tim.o
                0x0800448e                TIM_ETR_SetConfig
 .text.HAL_TIM_ConfigClockSource
                0x080044a4       0xda Drivers/STM32F1xx_HAL_Driver/Src/stm32f1xx_hal_tim.o
                0x080044a4                HAL_TIM_ConfigClockSource
 *fill*         0x0800457e        0x2 
 .text.HAL_TIMEx_MasterConfigSynchronization
                0x08004580       0x68 Drivers/STM32F1xx_HAL_Driver/Src/stm32f1xx_hal_tim_ex.o
                0x08004580                HAL_TIMEx_MasterConfigSynchronization
 .text.HAL_TIMEx_CommutCallback
                0x080045e8        0x2 Drivers/STM32F1xx_HAL_Driver/Src/stm32f1xx_hal_tim_ex.o
                0x080045e8                HAL_TIMEx_CommutCallback
 .text.HAL_TIMEx_BreakCallback
                0x080045ea        0x2 Drivers/STM32F1xx_HAL_Driver/Src/stm32f1xx_hal_tim_ex.o
                0x080045ea                HAL_TIMEx_BreakCallback
 .text.UART_SetConfig
                0x080045ec       0x90 Drivers/STM32F1xx_HAL_Driver/Src/stm32f1xx_hal_uart.o
 .text.HAL_UART_Init
                0x0800467c       0x5e Drivers/STM32F1xx_HAL_Driver/Src/stm32f1xx_hal_uart.o
                0x0800467c                HAL_UART_Init
 *fill*         0x080046da        0x2 
 .text.Reset_Handler
                0x080046dc       0x48 startup/startup_stm32f103xb.o
                0x080046dc                Reset_Handler
 .text.Default_Handler
                0x08004724        0x2 startup/startup_stm32f103xb.o
                0x08004724                RTC_Alarm_IRQHandler
                0x08004724                EXTI2_IRQHandler
                0x08004724                TIM1_CC_IRQHandler
                0x08004724                PVD_IRQHandler
                0x08004724                EXTI3_IRQHandler
                0x08004724                EXTI0_IRQHandler
                0x08004724                I2C2_EV_IRQHandler
                0x08004724                ADC1_2_IRQHandler
                0x08004724                SPI1_IRQHandler
                0x08004724                TAMPER_IRQHandler
                0x08004724                DMA1_Channel4_IRQHandler
                0x08004724                USART3_IRQHandler
                0x08004724                RTC_IRQHandler
                0x08004724                DMA1_Channel7_IRQHandler
                0x08004724                CAN1_RX1_IRQHandler
                0x08004724                TIM4_IRQHandler
                0x08004724                I2C1_EV_IRQHandler
                0x08004724                DMA1_Channel6_IRQHandler
                0x08004724                TIM3_IRQHandler
                0x08004724                RCC_IRQHandler
                0x08004724                TIM1_TRG_COM_IRQHandler
                0x08004724                DMA1_Channel1_IRQHandler
                0x08004724                Default_Handler
                0x08004724                EXTI15_10_IRQHandler
                0x08004724                EXTI9_5_IRQHandler
                0x08004724                SPI2_IRQHandler
                0x08004724                DMA1_Channel5_IRQHandler
                0x08004724                EXTI4_IRQHandler
                0x08004724                USB_LP_CAN1_RX0_IRQHandler
                0x08004724                USB_HP_CAN1_TX_IRQHandler
                0x08004724                DMA1_Channel3_IRQHandler
                0x08004724                WWDG_IRQHandler
                0x08004724                TIM2_IRQHandler
                0x08004724                EXTI1_IRQHandler
                0x08004724                USART2_IRQHandler
                0x08004724                I2C2_ER_IRQHandler
                0x08004724                DMA1_Channel2_IRQHandler
                0x08004724                CAN1_SCE_IRQHandler
                0x08004724                FLASH_IRQHandler
                0x08004724                USART1_IRQHandler
                0x08004724                I2C1_ER_IRQHandler
                0x08004724                USBWakeUp_IRQHandler
 *fill*         0x08004726        0x2 
 .text.__errno  0x08004728        0xc c:/program files/ac6/systemworkbench/plugins/fr.ac6.mcu.externaltools.arm-none.win32_1.17.0.201812190825/tools/compiler/bin/../lib/gcc/arm-none-eabi/7.3.1/../../../../arm-none-eabi/lib/thumb/v7-m\libc_nano.a(lib_a-errno.o)
                0x08004728                __errno
 .text.__libc_init_array
                0x08004734       0x48 c:/program files/ac6/systemworkbench/plugins/fr.ac6.mcu.externaltools.arm-none.win32_1.17.0.201812190825/tools/compiler/bin/../lib/gcc/arm-none-eabi/7.3.1/../../../../arm-none-eabi/lib/thumb/v7-m\libc_nano.a(lib_a-init.o)
                0x08004734                __libc_init_array
 .text.memset   0x0800477c       0x10 c:/program files/ac6/systemworkbench/plugins/fr.ac6.mcu.externaltools.arm-none.win32_1.17.0.201812190825/tools/compiler/bin/../lib/gcc/arm-none-eabi/7.3.1/../../../../arm-none-eabi/lib/thumb/v7-m\libc_nano.a(lib_a-memset.o)
                0x0800477c                memset
 .text.sprintf  0x0800478c       0x40 c:/program files/ac6/systemworkbench/plugins/fr.ac6.mcu.externaltools.arm-none.win32_1.17.0.201812190825/tools/compiler/bin/../lib/gcc/arm-none-eabi/7.3.1/../../../../arm-none-eabi/lib/thumb/v7-m\libc_nano.a(lib_a-sprintf.o)
                0x0800478c                siprintf
                0x0800478c                sprintf
 .text.__ssputs_r
                0x080047cc       0xb4 c:/program files/ac6/systemworkbench/plugins/fr.ac6.mcu.externaltools.arm-none.win32_1.17.0.201812190825/tools/compiler/bin/../lib/gcc/arm-none-eabi/7.3.1/../../../../arm-none-eabi/lib/thumb/v7-m\libc_nano.a(lib_a-nano-svfprintf.o)
                0x080047cc                __ssputs_r
 .text._svfprintf_r
                0x08004880      0x1f0 c:/program files/ac6/systemworkbench/plugins/fr.ac6.mcu.externaltools.arm-none.win32_1.17.0.201812190825/tools/compiler/bin/../lib/gcc/arm-none-eabi/7.3.1/../../../../arm-none-eabi/lib/thumb/v7-m\libc_nano.a(lib_a-nano-svfprintf.o)
                0x08004880                _svfiprintf_r
                0x08004880                _svfprintf_r
 .text._printf_common
                0x08004a70       0xec c:/program files/ac6/systemworkbench/plugins/fr.ac6.mcu.externaltools.arm-none.win32_1.17.0.201812190825/tools/compiler/bin/../lib/gcc/arm-none-eabi/7.3.1/../../../../arm-none-eabi/lib/thumb/v7-m\libc_nano.a(lib_a-nano-vfprintf_i.o)
                0x08004a70                _printf_common
 .text._printf_i
                0x08004b5c      0x224 c:/program files/ac6/systemworkbench/plugins/fr.ac6.mcu.externaltools.arm-none.win32_1.17.0.201812190825/tools/compiler/bin/../lib/gcc/arm-none-eabi/7.3.1/../../../../arm-none-eabi/lib/thumb/v7-m\libc_nano.a(lib_a-nano-vfprintf_i.o)
                0x08004b5c                _printf_i
 .text.memchr   0x08004d80       0x1c c:/program files/ac6/systemworkbench/plugins/fr.ac6.mcu.externaltools.arm-none.win32_1.17.0.201812190825/tools/compiler/bin/../lib/gcc/arm-none-eabi/7.3.1/../../../../arm-none-eabi/lib/thumb/v7-m\libc_nano.a(lib_a-memchr-stub.o)
                0x08004d80                memchr
 .text.memcpy   0x08004d9c       0x16 c:/program files/ac6/systemworkbench/plugins/fr.ac6.mcu.externaltools.arm-none.win32_1.17.0.201812190825/tools/compiler/bin/../lib/gcc/arm-none-eabi/7.3.1/../../../../arm-none-eabi/lib/thumb/v7-m\libc_nano.a(lib_a-memcpy-stub.o)
                0x08004d9c                memcpy
 .text.memmove  0x08004db2       0x32 c:/program files/ac6/systemworkbench/plugins/fr.ac6.mcu.externaltools.arm-none.win32_1.17.0.201812190825/tools/compiler/bin/../lib/gcc/arm-none-eabi/7.3.1/../../../../arm-none-eabi/lib/thumb/v7-m\libc_nano.a(lib_a-memmove.o)
                0x08004db2                memmove
 .text._free_r  0x08004de4       0x98 c:/program files/ac6/systemworkbench/plugins/fr.ac6.mcu.externaltools.arm-none.win32_1.17.0.201812190825/tools/compiler/bin/../lib/gcc/arm-none-eabi/7.3.1/../../../../arm-none-eabi/lib/thumb/v7-m\libc_nano.a(lib_a-nano-freer.o)
                0x08004de4                _free_r
 .text._malloc_r
                0x08004e7c       0xb4 c:/program files/ac6/systemworkbench/plugins/fr.ac6.mcu.externaltools.arm-none.win32_1.17.0.201812190825/tools/compiler/bin/../lib/gcc/arm-none-eabi/7.3.1/../../../../arm-none-eabi/lib/thumb/v7-m\libc_nano.a(lib_a-nano-mallocr.o)
                0x08004e7c                _malloc_r
 .text._realloc_r
                0x08004f30       0x4c c:/program files/ac6/systemworkbench/plugins/fr.ac6.mcu.externaltools.arm-none.win32_1.17.0.201812190825/tools/compiler/bin/../lib/gcc/arm-none-eabi/7.3.1/../../../../arm-none-eabi/lib/thumb/v7-m\libc_nano.a(lib_a-nano-reallocr.o)
                0x08004f30                _realloc_r
 .text._sbrk_r  0x08004f7c       0x20 c:/program files/ac6/systemworkbench/plugins/fr.ac6.mcu.externaltools.arm-none.win32_1.17.0.201812190825/tools/compiler/bin/../lib/gcc/arm-none-eabi/7.3.1/../../../../arm-none-eabi/lib/thumb/v7-m\libc_nano.a(lib_a-sbrkr.o)
                0x08004f7c                _sbrk_r
 .text.__malloc_lock
                0x08004f9c        0x2 c:/program files/ac6/systemworkbench/plugins/fr.ac6.mcu.externaltools.arm-none.win32_1.17.0.201812190825/tools/compiler/bin/../lib/gcc/arm-none-eabi/7.3.1/../../../../arm-none-eabi/lib/thumb/v7-m\libc_nano.a(lib_a-mlock.o)
                0x08004f9c                __malloc_lock
 .text.__malloc_unlock
                0x08004f9e        0x2 c:/program files/ac6/systemworkbench/plugins/fr.ac6.mcu.externaltools.arm-none.win32_1.17.0.201812190825/tools/compiler/bin/../lib/gcc/arm-none-eabi/7.3.1/../../../../arm-none-eabi/lib/thumb/v7-m\libc_nano.a(lib_a-mlock.o)
                0x08004f9e                __malloc_unlock
 .text._malloc_usable_size_r
                0x08004fa0       0x10 c:/program files/ac6/systemworkbench/plugins/fr.ac6.mcu.externaltools.arm-none.win32_1.17.0.201812190825/tools/compiler/bin/../lib/gcc/arm-none-eabi/7.3.1/../../../../arm-none-eabi/lib/thumb/v7-m\libc_nano.a(lib_a-nano-msizer.o)
                0x08004fa0                _malloc_usable_size_r
 *(.glue_7)
 .glue_7        0x08004fb0        0x0 linker stubs
 *(.glue_7t)
 .glue_7t       0x08004fb0        0x0 linker stubs
 *(.eh_frame)
 .eh_frame      0x08004fb0        0x0 c:/program files/ac6/systemworkbench/plugins/fr.ac6.mcu.externaltools.arm-none.win32_1.17.0.201812190825/tools/compiler/bin/../lib/gcc/arm-none-eabi/7.3.1/thumb/v7-m/crtbegin.o
 *(.init)
 .init          0x08004fb0        0x4 c:/program files/ac6/systemworkbench/plugins/fr.ac6.mcu.externaltools.arm-none.win32_1.17.0.201812190825/tools/compiler/bin/../lib/gcc/arm-none-eabi/7.3.1/thumb/v7-m/crti.o
                0x08004fb0                _init
 .init          0x08004fb4        0x8 c:/program files/ac6/systemworkbench/plugins/fr.ac6.mcu.externaltools.arm-none.win32_1.17.0.201812190825/tools/compiler/bin/../lib/gcc/arm-none-eabi/7.3.1/thumb/v7-m/crtn.o
 *(.fini)
 .fini          0x08004fbc        0x4 c:/program files/ac6/systemworkbench/plugins/fr.ac6.mcu.externaltools.arm-none.win32_1.17.0.201812190825/tools/compiler/bin/../lib/gcc/arm-none-eabi/7.3.1/thumb/v7-m/crti.o
                0x08004fbc                _fini
 .fini          0x08004fc0        0x8 c:/program files/ac6/systemworkbench/plugins/fr.ac6.mcu.externaltools.arm-none.win32_1.17.0.201812190825/tools/compiler/bin/../lib/gcc/arm-none-eabi/7.3.1/thumb/v7-m/crtn.o
                0x08004fc8                . = ALIGN (0x4)
                0x08004fc8                _etext = .

.vfp11_veneer   0x08004fc8        0x0
 .vfp11_veneer  0x08004fc8        0x0 linker stubs

.v4_bx          0x08004fc8        0x0
 .v4_bx         0x08004fc8        0x0 linker stubs

.iplt           0x08004fc8        0x0
 .iplt          0x08004fc8        0x0 c:/program files/ac6/systemworkbench/plugins/fr.ac6.mcu.externaltools.arm-none.win32_1.17.0.201812190825/tools/compiler/bin/../lib/gcc/arm-none-eabi/7.3.1/thumb/v7-m/crtbegin.o

.rodata         0x08004fc8     0x28a8
                0x08004fc8                . = ALIGN (0x4)
 *(.rodata)
 .rodata        0x08004fc8     0x2814 Core/Src/fonts.o
                0x08004fc8                Font16x26
                0x08006314                Font11x18
                0x08007070                Font7x10
 .rodata        0x080077dc       0x18 Core/Src/system_stm32f1xx.o
                0x080077dc                AHBPrescTable
                0x080077ec                APBPrescTable
 .rodata        0x080077f4       0x12 Drivers/STM32F1xx_HAL_Driver/Src/stm32f1xx_hal_rcc.o
 *fill*         0x08007806        0x2 
 .rodata        0x08007808       0x12 Drivers/STM32F1xx_HAL_Driver/Src/stm32f1xx_hal_rcc_ex.o
 *(.rodata*)
 *fill*         0x0800781a        0x2 
 .rodata.str1.4
                0x0800781c       0x20 Core/Src/main.o
                                 0x1f (size before relaxing)
 .rodata._svfprintf_r.str1.1
                0x0800783c       0x11 c:/program files/ac6/systemworkbench/plugins/fr.ac6.mcu.externaltools.arm-none.win32_1.17.0.201812190825/tools/compiler/bin/../lib/gcc/arm-none-eabi/7.3.1/../../../../arm-none-eabi/lib/thumb/v7-m\libc_nano.a(lib_a-nano-svfprintf.o)
 .rodata._printf_i.str1.1
                0x0800784d       0x22 c:/program files/ac6/systemworkbench/plugins/fr.ac6.mcu.externaltools.arm-none.win32_1.17.0.201812190825/tools/compiler/bin/../lib/gcc/arm-none-eabi/7.3.1/../../../../arm-none-eabi/lib/thumb/v7-m\libc_nano.a(lib_a-nano-vfprintf_i.o)
                0x08007870                . = ALIGN (0x4)
 *fill*         0x0800786f        0x1 

.rel.dyn        0x08007870        0x0
 .rel.iplt      0x08007870        0x0 c:/program files/ac6/systemworkbench/plugins/fr.ac6.mcu.externaltools.arm-none.win32_1.17.0.201812190825/tools/compiler/bin/../lib/gcc/arm-none-eabi/7.3.1/thumb/v7-m/crtbegin.o

.ARM.extab
 *(.ARM.extab* .gnu.linkonce.armextab.*)

.ARM            0x08007870        0x0
                0x08007870                __exidx_start = .
 *(.ARM.exidx*)
                0x08007870                __exidx_end = .

.preinit_array  0x08007870        0x0
                0x08007870                PROVIDE (__preinit_array_start = .)
 *(.preinit_array*)
                0x08007870                PROVIDE (__preinit_array_end = .)

.init_array     0x08007870        0x4
                0x08007870                PROVIDE (__init_array_start = .)
 *(SORT_BY_NAME(.init_array.*))
 *(.init_array*)
 .init_array    0x08007870        0x4 c:/program files/ac6/systemworkbench/plugins/fr.ac6.mcu.externaltools.arm-none.win32_1.17.0.201812190825/tools/compiler/bin/../lib/gcc/arm-none-eabi/7.3.1/thumb/v7-m/crtbegin.o
                0x08007874                PROVIDE (__init_array_end = .)

.fini_array     0x08007874        0x4
                [!provide]                PROVIDE (__fini_array_start = .)
 *(SORT_BY_NAME(.fini_array.*))
 *(.fini_array*)
 .fini_array    0x08007874        0x4 c:/program files/ac6/systemworkbench/plugins/fr.ac6.mcu.externaltools.arm-none.win32_1.17.0.201812190825/tools/compiler/bin/../lib/gcc/arm-none-eabi/7.3.1/thumb/v7-m/crtbegin.o
                [!provide]                PROVIDE (__fini_array_end = .)
                0x08007878                _sidata = LOADADDR (.data)

.data           0x20000000       0x90 load address 0x08007878
                0x20000000                . = ALIGN (0x4)
                0x20000000                _sdata = .
 *(.data)
 .data          0x20000000       0x18 Core/Src/fonts.o
                0x20000000                Font_16x26
                0x20000008                Font_11x18
                0x20000010                Font_7x10
 .data          0x20000018        0x6 Core/Src/main.o
                0x20000018                VirtAddVarTab
 *fill*         0x2000001e        0x2 
 .data          0x20000020        0x4 Core/Src/system_stm32f1xx.o
                0x20000020                SystemCoreClock
 .data          0x20000024        0x8 Drivers/STM32F1xx_HAL_Driver/Src/stm32f1xx_hal.o
                0x20000024                uwTickFreq
                0x20000028                uwTickPrio
 *(.data*)
 .data._impure_ptr
                0x2000002c        0x4 c:/program files/ac6/systemworkbench/plugins/fr.ac6.mcu.externaltools.arm-none.win32_1.17.0.201812190825/tools/compiler/bin/../lib/gcc/arm-none-eabi/7.3.1/../../../../arm-none-eabi/lib/thumb/v7-m\libc_nano.a(lib_a-impure.o)
                0x2000002c                _impure_ptr
 .data.impure_data
                0x20000030       0x60 c:/program files/ac6/systemworkbench/plugins/fr.ac6.mcu.externaltools.arm-none.win32_1.17.0.201812190825/tools/compiler/bin/../lib/gcc/arm-none-eabi/7.3.1/../../../../arm-none-eabi/lib/thumb/v7-m\libc_nano.a(lib_a-impure.o)
                0x20000090                . = ALIGN (0x4)
                0x20000090                _edata = .

.igot.plt       0x20000090        0x0 load address 0x08007908
 .igot.plt      0x20000090        0x0 c:/program files/ac6/systemworkbench/plugins/fr.ac6.mcu.externaltools.arm-none.win32_1.17.0.201812190825/tools/compiler/bin/../lib/gcc/arm-none-eabi/7.3.1/thumb/v7-m/crtbegin.o
                0x20000090                . = ALIGN (0x4)

.bss            0x20000090      0x56c load address 0x08007908
                0x20000090                _sbss = .
                0x20000090                __bss_start__ = _sbss
 *(.bss)
 .bss           0x20000090       0x1c c:/program files/ac6/systemworkbench/plugins/fr.ac6.mcu.externaltools.arm-none.win32_1.17.0.201812190825/tools/compiler/bin/../lib/gcc/arm-none-eabi/7.3.1/thumb/v7-m/crtbegin.o
 .bss           0x200000ac        0x2 Core/Src/eeprom.o
                0x200000ac                DataVar
 *fill*         0x200000ae        0x2 
 .bss           0x200000b0      0x408 Core/Src/ssd1306.o
 .bss           0x200004b8        0x8 Core/Src/syscalls.o
                0x200004bc                __env
 *(.bss*)
 .bss.__malloc_free_list
                0x200004c0        0x4 c:/program files/ac6/systemworkbench/plugins/fr.ac6.mcu.externaltools.arm-none.win32_1.17.0.201812190825/tools/compiler/bin/../lib/gcc/arm-none-eabi/7.3.1/../../../../arm-none-eabi/lib/thumb/v7-m\libc_nano.a(lib_a-nano-mallocr.o)
                0x200004c0                __malloc_free_list
 .bss.__malloc_sbrk_start
                0x200004c4        0x4 c:/program files/ac6/systemworkbench/plugins/fr.ac6.mcu.externaltools.arm-none.win32_1.17.0.201812190825/tools/compiler/bin/../lib/gcc/arm-none-eabi/7.3.1/../../../../arm-none-eabi/lib/thumb/v7-m\libc_nano.a(lib_a-nano-mallocr.o)
                0x200004c4                __malloc_sbrk_start
 *(COMMON)
 COMMON         0x200004c8      0x10c Core/Src/main.o
                0x200004c8                hi2c1
                0x2000051c                hadc1
                0x2000054c                huart1
                0x2000058c                htim1
 COMMON         0x200005d4        0x4 Drivers/STM32F1xx_HAL_Driver/Src/stm32f1xx_hal.o
                0x200005d4                uwTick
 COMMON         0x200005d8       0x20 Drivers/STM32F1xx_HAL_Driver/Src/stm32f1xx_hal_flash.o
                0x200005d8                pFlash
 COMMON         0x200005f8        0x4 c:/program files/ac6/systemworkbench/plugins/fr.ac6.mcu.externaltools.arm-none.win32_1.17.0.201812190825/tools/compiler/bin/../lib/gcc/arm-none-eabi/7.3.1/../../../../arm-none-eabi/lib/thumb/v7-m\libc_nano.a(lib_a-reent.o)
                0x200005f8                errno
                0x200005fc                . = ALIGN (0x4)
                0x200005fc                _ebss = .
                0x200005fc                __bss_end__ = _ebss

._user_heap_stack
                0x200005fc      0x604 load address 0x08007908
                0x20000600                . = ALIGN (0x8)
 *fill*         0x200005fc        0x4 
                0x20000600                PROVIDE (end = .)
                [!provide]                PROVIDE (_end = .)
                0x20000800                . = (. + _Min_Heap_Size)
 *fill*         0x20000600      0x200 
                0x20000c00                . = (. + _Min_Stack_Size)
 *fill*         0x20000800      0x400 
                0x20000c00                . = ALIGN (0x8)

/DISCARD/
 libc.a(*)
 libm.a(*)
 libgcc.a(*)

.ARM.attributes
                0x00000000       0x29
 *(.ARM.attributes)
 .ARM.attributes
                0x00000000       0x1d c:/program files/ac6/systemworkbench/plugins/fr.ac6.mcu.externaltools.arm-none.win32_1.17.0.201812190825/tools/compiler/bin/../lib/gcc/arm-none-eabi/7.3.1/thumb/v7-m/crti.o
 .ARM.attributes
                0x0000001d       0x2d c:/program files/ac6/systemworkbench/plugins/fr.ac6.mcu.externaltools.arm-none.win32_1.17.0.201812190825/tools/compiler/bin/../lib/gcc/arm-none-eabi/7.3.1/thumb/v7-m/crtbegin.o
 .ARM.attributes
                0x0000004a       0x33 Core/Src/eeprom.o
 .ARM.attributes
                0x0000007d       0x33 Core/Src/fonts.o
 .ARM.attributes
                0x000000b0       0x33 Core/Src/main.o
 .ARM.attributes
                0x000000e3       0x33 Core/Src/ssd1306.o
 .ARM.attributes
                0x00000116       0x33 Core/Src/stm32f1xx_hal_msp.o
 .ARM.attributes
                0x00000149       0x33 Core/Src/stm32f1xx_it.o
 .ARM.attributes
                0x0000017c       0x33 Core/Src/syscalls.o
 .ARM.attributes
                0x000001af       0x33 Core/Src/system_stm32f1xx.o
 .ARM.attributes
                0x000001e2       0x33 Drivers/STM32F1xx_HAL_Driver/Src/stm32f1xx_hal.o
 .ARM.attributes
                0x00000215       0x33 Drivers/STM32F1xx_HAL_Driver/Src/stm32f1xx_hal_adc.o
 .ARM.attributes
                0x00000248       0x33 Drivers/STM32F1xx_HAL_Driver/Src/stm32f1xx_hal_cortex.o
 .ARM.attributes
                0x0000027b       0x33 Drivers/STM32F1xx_HAL_Driver/Src/stm32f1xx_hal_flash.o
 .ARM.attributes
                0x000002ae       0x33 Drivers/STM32F1xx_HAL_Driver/Src/stm32f1xx_hal_flash_ex.o
 .ARM.attributes
                0x000002e1       0x33 Drivers/STM32F1xx_HAL_Driver/Src/stm32f1xx_hal_gpio.o
 .ARM.attributes
                0x00000314       0x33 Drivers/STM32F1xx_HAL_Driver/Src/stm32f1xx_hal_i2c.o
 .ARM.attributes
                0x00000347       0x33 Drivers/STM32F1xx_HAL_Driver/Src/stm32f1xx_hal_rcc.o
 .ARM.attributes
                0x0000037a       0x33 Drivers/STM32F1xx_HAL_Driver/Src/stm32f1xx_hal_rcc_ex.o
 .ARM.attributes
                0x000003ad       0x33 Drivers/STM32F1xx_HAL_Driver/Src/stm32f1xx_hal_tim.o
 .ARM.attributes
                0x000003e0       0x33 Drivers/STM32F1xx_HAL_Driver/Src/stm32f1xx_hal_tim_ex.o
 .ARM.attributes
                0x00000413       0x33 Drivers/STM32F1xx_HAL_Driver/Src/stm32f1xx_hal_uart.o
 .ARM.attributes
                0x00000446       0x21 startup/startup_stm32f103xb.o
 .ARM.attributes
                0x00000467       0x1d c:/program files/ac6/systemworkbench/plugins/fr.ac6.mcu.externaltools.arm-none.win32_1.17.0.201812190825/tools/compiler/bin/../lib/gcc/arm-none-eabi/7.3.1/thumb/v7-m\libgcc.a(_arm_addsubdf3.o)
 .ARM.attributes
                0x00000484       0x1d c:/program files/ac6/systemworkbench/plugins/fr.ac6.mcu.externaltools.arm-none.win32_1.17.0.201812190825/tools/compiler/bin/../lib/gcc/arm-none-eabi/7.3.1/thumb/v7-m\libgcc.a(_arm_muldivdf3.o)
 .ARM.attributes
                0x000004a1       0x1d c:/program files/ac6/systemworkbench/plugins/fr.ac6.mcu.externaltools.arm-none.win32_1.17.0.201812190825/tools/compiler/bin/../lib/gcc/arm-none-eabi/7.3.1/thumb/v7-m\libgcc.a(_arm_fixunsdfsi.o)
 .ARM.attributes
                0x000004be       0x1d c:/program files/ac6/systemworkbench/plugins/fr.ac6.mcu.externaltools.arm-none.win32_1.17.0.201812190825/tools/compiler/bin/../lib/gcc/arm-none-eabi/7.3.1/thumb/v7-m\libgcc.a(_arm_truncdfsf2.o)
 .ARM.attributes
                0x000004db       0x1d c:/program files/ac6/systemworkbench/plugins/fr.ac6.mcu.externaltools.arm-none.win32_1.17.0.201812190825/tools/compiler/bin/../lib/gcc/arm-none-eabi/7.3.1/thumb/v7-m\libgcc.a(_arm_addsubsf3.o)
 .ARM.attributes
                0x000004f8       0x1d c:/program files/ac6/systemworkbench/plugins/fr.ac6.mcu.externaltools.arm-none.win32_1.17.0.201812190825/tools/compiler/bin/../lib/gcc/arm-none-eabi/7.3.1/thumb/v7-m\libgcc.a(_arm_muldivsf3.o)
 .ARM.attributes
                0x00000515       0x1d c:/program files/ac6/systemworkbench/plugins/fr.ac6.mcu.externaltools.arm-none.win32_1.17.0.201812190825/tools/compiler/bin/../lib/gcc/arm-none-eabi/7.3.1/thumb/v7-m\libgcc.a(_arm_cmpsf2.o)
 .ARM.attributes
                0x00000532       0x1d c:/program files/ac6/systemworkbench/plugins/fr.ac6.mcu.externaltools.arm-none.win32_1.17.0.201812190825/tools/compiler/bin/../lib/gcc/arm-none-eabi/7.3.1/thumb/v7-m\libgcc.a(_arm_fixsfsi.o)
 .ARM.attributes
                0x0000054f       0x2d c:/program files/ac6/systemworkbench/plugins/fr.ac6.mcu.externaltools.arm-none.win32_1.17.0.201812190825/tools/compiler/bin/../lib/gcc/arm-none-eabi/7.3.1/../../../../arm-none-eabi/lib/thumb/v7-m\libc_nano.a(lib_a-errno.o)
 .ARM.attributes
                0x0000057c       0x2d c:/program files/ac6/systemworkbench/plugins/fr.ac6.mcu.externaltools.arm-none.win32_1.17.0.201812190825/tools/compiler/bin/../lib/gcc/arm-none-eabi/7.3.1/../../../../arm-none-eabi/lib/thumb/v7-m\libc_nano.a(lib_a-impure.o)
 .ARM.attributes
                0x000005a9       0x2d c:/program files/ac6/systemworkbench/plugins/fr.ac6.mcu.externaltools.arm-none.win32_1.17.0.201812190825/tools/compiler/bin/../lib/gcc/arm-none-eabi/7.3.1/../../../../arm-none-eabi/lib/thumb/v7-m\libc_nano.a(lib_a-init.o)
 .ARM.attributes
                0x000005d6       0x2d c:/program files/ac6/systemworkbench/plugins/fr.ac6.mcu.externaltools.arm-none.win32_1.17.0.201812190825/tools/compiler/bin/../lib/gcc/arm-none-eabi/7.3.1/../../../../arm-none-eabi/lib/thumb/v7-m\libc_nano.a(lib_a-memset.o)
 .ARM.attributes
                0x00000603       0x2d c:/program files/ac6/systemworkbench/plugins/fr.ac6.mcu.externaltools.arm-none.win32_1.17.0.201812190825/tools/compiler/bin/../lib/gcc/arm-none-eabi/7.3.1/../../../../arm-none-eabi/lib/thumb/v7-m\libc_nano.a(lib_a-sprintf.o)
 .ARM.attributes
                0x00000630       0x2d c:/program files/ac6/systemworkbench/plugins/fr.ac6.mcu.externaltools.arm-none.win32_1.17.0.201812190825/tools/compiler/bin/../lib/gcc/arm-none-eabi/7.3.1/../../../../arm-none-eabi/lib/thumb/v7-m\libc_nano.a(lib_a-nano-svfprintf.o)
 .ARM.attributes
                0x0000065d       0x2d c:/program files/ac6/systemworkbench/plugins/fr.ac6.mcu.externaltools.arm-none.win32_1.17.0.201812190825/tools/compiler/bin/../lib/gcc/arm-none-eabi/7.3.1/../../../../arm-none-eabi/lib/thumb/v7-m\libc_nano.a(lib_a-nano-vfprintf_i.o)
 .ARM.attributes
                0x0000068a       0x2d c:/program files/ac6/systemworkbench/plugins/fr.ac6.mcu.externaltools.arm-none.win32_1.17.0.201812190825/tools/compiler/bin/../lib/gcc/arm-none-eabi/7.3.1/../../../../arm-none-eabi/lib/thumb/v7-m\libc_nano.a(lib_a-memchr-stub.o)
 .ARM.attributes
                0x000006b7       0x2d c:/program files/ac6/systemworkbench/plugins/fr.ac6.mcu.externaltools.arm-none.win32_1.17.0.201812190825/tools/compiler/bin/../lib/gcc/arm-none-eabi/7.3.1/../../../../arm-none-eabi/lib/thumb/v7-m\libc_nano.a(lib_a-memcpy-stub.o)
 .ARM.attributes
                0x000006e4       0x2d c:/program files/ac6/systemworkbench/plugins/fr.ac6.mcu.externaltools.arm-none.win32_1.17.0.201812190825/tools/compiler/bin/../lib/gcc/arm-none-eabi/7.3.1/../../../../arm-none-eabi/lib/thumb/v7-m\libc_nano.a(lib_a-memmove.o)
 .ARM.attributes
                0x00000711       0x2d c:/program files/ac6/systemworkbench/plugins/fr.ac6.mcu.externaltools.arm-none.win32_1.17.0.201812190825/tools/compiler/bin/../lib/gcc/arm-none-eabi/7.3.1/../../../../arm-none-eabi/lib/thumb/v7-m\libc_nano.a(lib_a-nano-freer.o)
 .ARM.attributes
                0x0000073e       0x2d c:/program files/ac6/systemworkbench/plugins/fr.ac6.mcu.externaltools.arm-none.win32_1.17.0.201812190825/tools/compiler/bin/../lib/gcc/arm-none-eabi/7.3.1/../../../../arm-none-eabi/lib/thumb/v7-m\libc_nano.a(lib_a-nano-mallocr.o)
 .ARM.attributes
                0x0000076b       0x2d c:/program files/ac6/systemworkbench/plugins/fr.ac6.mcu.externaltools.arm-none.win32_1.17.0.201812190825/tools/compiler/bin/../lib/gcc/arm-none-eabi/7.3.1/../../../../arm-none-eabi/lib/thumb/v7-m\libc_nano.a(lib_a-nano-reallocr.o)
 .ARM.attributes
                0x00000798       0x2d c:/program files/ac6/systemworkbench/plugins/fr.ac6.mcu.externaltools.arm-none.win32_1.17.0.201812190825/tools/compiler/bin/../lib/gcc/arm-none-eabi/7.3.1/../../../../arm-none-eabi/lib/thumb/v7-m\libc_nano.a(lib_a-sbrkr.o)
 .ARM.attributes
                0x000007c5       0x2d c:/program files/ac6/systemworkbench/plugins/fr.ac6.mcu.externaltools.arm-none.win32_1.17.0.201812190825/tools/compiler/bin/../lib/gcc/arm-none-eabi/7.3.1/../../../../arm-none-eabi/lib/thumb/v7-m\libc_nano.a(lib_a-mlock.o)
 .ARM.attributes
                0x000007f2       0x2d c:/program files/ac6/systemworkbench/plugins/fr.ac6.mcu.externaltools.arm-none.win32_1.17.0.201812190825/tools/compiler/bin/../lib/gcc/arm-none-eabi/7.3.1/../../../../arm-none-eabi/lib/thumb/v7-m\libc_nano.a(lib_a-nano-msizer.o)
 .ARM.attributes
                0x0000081f       0x2d c:/program files/ac6/systemworkbench/plugins/fr.ac6.mcu.externaltools.arm-none.win32_1.17.0.201812190825/tools/compiler/bin/../lib/gcc/arm-none-eabi/7.3.1/../../../../arm-none-eabi/lib/thumb/v7-m\libc_nano.a(lib_a-reent.o)
 .ARM.attributes
                0x0000084c       0x1d c:/program files/ac6/systemworkbench/plugins/fr.ac6.mcu.externaltools.arm-none.win32_1.17.0.201812190825/tools/compiler/bin/../lib/gcc/arm-none-eabi/7.3.1/thumb/v7-m/crtn.o
OUTPUT(codes.elf elf32-littlearm)

.debug_info     0x00000000    0x17768
 .debug_info    0x00000000      0x977 Core/Src/eeprom.o
 .debug_info    0x00000977      0xb4a Core/Src/fonts.o
 .debug_info    0x000014c1     0x2a1e Core/Src/main.o
 .debug_info    0x00003edf     0x2879 Core/Src/ssd1306.o
 .debug_info    0x00006758     0x143c Core/Src/stm32f1xx_hal_msp.o
 .debug_info    0x00007b94      0x796 Core/Src/stm32f1xx_it.o
 .debug_info    0x0000832a      0xfd3 Core/Src/syscalls.o
 .debug_info    0x000092fd      0x29d Core/Src/system_stm32f1xx.o
 .debug_info    0x0000959a      0x7c0 Drivers/STM32F1xx_HAL_Driver/Src/stm32f1xx_hal.o
 .debug_info    0x00009d5a      0xe6b Drivers/STM32F1xx_HAL_Driver/Src/stm32f1xx_hal_adc.o
 .debug_info    0x0000abc5      0xcb5 Drivers/STM32F1xx_HAL_Driver/Src/stm32f1xx_hal_cortex.o
 .debug_info    0x0000b87a      0x6e5 Drivers/STM32F1xx_HAL_Driver/Src/stm32f1xx_hal_flash.o
 .debug_info    0x0000bf5f      0xad6 Drivers/STM32F1xx_HAL_Driver/Src/stm32f1xx_hal_flash_ex.o
 .debug_info    0x0000ca35      0x6ab Drivers/STM32F1xx_HAL_Driver/Src/stm32f1xx_hal_gpio.o
 .debug_info    0x0000d0e0     0x3484 Drivers/STM32F1xx_HAL_Driver/Src/stm32f1xx_hal_i2c.o
 .debug_info    0x00010564      0x9ef Drivers/STM32F1xx_HAL_Driver/Src/stm32f1xx_hal_rcc.o
 .debug_info    0x00010f53      0x497 Drivers/STM32F1xx_HAL_Driver/Src/stm32f1xx_hal_rcc_ex.o
 .debug_info    0x000113ea     0x3554 Drivers/STM32F1xx_HAL_Driver/Src/stm32f1xx_hal_tim.o
 .debug_info    0x0001493e     0x1787 Drivers/STM32F1xx_HAL_Driver/Src/stm32f1xx_hal_tim_ex.o
 .debug_info    0x000160c5     0x1681 Drivers/STM32F1xx_HAL_Driver/Src/stm32f1xx_hal_uart.o
 .debug_info    0x00017746       0x22 startup/startup_stm32f103xb.o

.debug_abbrev   0x00000000     0x2d3e
 .debug_abbrev  0x00000000      0x1b8 Core/Src/eeprom.o
 .debug_abbrev  0x000001b8      0x23c Core/Src/fonts.o
 .debug_abbrev  0x000003f4      0x363 Core/Src/main.o
 .debug_abbrev  0x00000757      0x395 Core/Src/ssd1306.o
 .debug_abbrev  0x00000aec      0x21b Core/Src/stm32f1xx_hal_msp.o
 .debug_abbrev  0x00000d07      0x178 Core/Src/stm32f1xx_it.o
 .debug_abbrev  0x00000e7f      0x2d4 Core/Src/syscalls.o
 .debug_abbrev  0x00001153      0x134 Core/Src/system_stm32f1xx.o
 .debug_abbrev  0x00001287      0x1ed Drivers/STM32F1xx_HAL_Driver/Src/stm32f1xx_hal.o
 .debug_abbrev  0x00001474      0x1ee Drivers/STM32F1xx_HAL_Driver/Src/stm32f1xx_hal_adc.o
 .debug_abbrev  0x00001662      0x303 Drivers/STM32F1xx_HAL_Driver/Src/stm32f1xx_hal_cortex.o
 .debug_abbrev  0x00001965      0x242 Drivers/STM32F1xx_HAL_Driver/Src/stm32f1xx_hal_flash.o
 .debug_abbrev  0x00001ba7      0x229 Drivers/STM32F1xx_HAL_Driver/Src/stm32f1xx_hal_flash_ex.o
 .debug_abbrev  0x00001dd0      0x1de Drivers/STM32F1xx_HAL_Driver/Src/stm32f1xx_hal_gpio.o
 .debug_abbrev  0x00001fae      0x282 Drivers/STM32F1xx_HAL_Driver/Src/stm32f1xx_hal_i2c.o
 .debug_abbrev  0x00002230      0x257 Drivers/STM32F1xx_HAL_Driver/Src/stm32f1xx_hal_rcc.o
 .debug_abbrev  0x00002487      0x1c9 Drivers/STM32F1xx_HAL_Driver/Src/stm32f1xx_hal_rcc_ex.o
 .debug_abbrev  0x00002650      0x237 Drivers/STM32F1xx_HAL_Driver/Src/stm32f1xx_hal_tim.o
 .debug_abbrev  0x00002887      0x246 Drivers/STM32F1xx_HAL_Driver/Src/stm32f1xx_hal_tim_ex.o
 .debug_abbrev  0x00002acd      0x25f Drivers/STM32F1xx_HAL_Driver/Src/stm32f1xx_hal_uart.o
 .debug_abbrev  0x00002d2c       0x12 startup/startup_stm32f103xb.o

.debug_loc      0x00000000     0xfcb6
 .debug_loc     0x00000000      0x9a8 Core/Src/eeprom.o
 .debug_loc     0x000009a8       0x5d Core/Src/fonts.o
 .debug_loc     0x00000a05      0x405 Core/Src/main.o
 .debug_loc     0x00000e0a     0x1196 Core/Src/ssd1306.o
 .debug_loc     0x00001fa0      0x1ce Core/Src/stm32f1xx_hal_msp.o
 .debug_loc     0x0000216e      0x3af Core/Src/syscalls.o
 .debug_loc     0x0000251d       0xdf Core/Src/system_stm32f1xx.o
 .debug_loc     0x000025fc      0x11b Drivers/STM32F1xx_HAL_Driver/Src/stm32f1xx_hal.o
 .debug_loc     0x00002717      0x9ef Drivers/STM32F1xx_HAL_Driver/Src/stm32f1xx_hal_adc.o
 .debug_loc     0x00003106      0x5ad Drivers/STM32F1xx_HAL_Driver/Src/stm32f1xx_hal_cortex.o
 .debug_loc     0x000036b3      0x337 Drivers/STM32F1xx_HAL_Driver/Src/stm32f1xx_hal_flash.o
 .debug_loc     0x000039ea      0x859 Drivers/STM32F1xx_HAL_Driver/Src/stm32f1xx_hal_flash_ex.o
 .debug_loc     0x00004243      0x3d8 Drivers/STM32F1xx_HAL_Driver/Src/stm32f1xx_hal_gpio.o
 .debug_loc     0x0000461b     0x37c1 Drivers/STM32F1xx_HAL_Driver/Src/stm32f1xx_hal_i2c.o
 .debug_loc     0x00007ddc      0x4bb Drivers/STM32F1xx_HAL_Driver/Src/stm32f1xx_hal_rcc.o
 .debug_loc     0x00008297      0x2d0 Drivers/STM32F1xx_HAL_Driver/Src/stm32f1xx_hal_rcc_ex.o
 .debug_loc     0x00008567     0x46c3 Drivers/STM32F1xx_HAL_Driver/Src/stm32f1xx_hal_tim.o
 .debug_loc     0x0000cc2a     0x1a68 Drivers/STM32F1xx_HAL_Driver/Src/stm32f1xx_hal_tim_ex.o
 .debug_loc     0x0000e692     0x1624 Drivers/STM32F1xx_HAL_Driver/Src/stm32f1xx_hal_uart.o

.debug_aranges  0x00000000     0x11e8
 .debug_aranges
                0x00000000       0x58 Core/Src/eeprom.o
 .debug_aranges
                0x00000058       0x20 Core/Src/fonts.o
 .debug_aranges
                0x00000078       0x68 Core/Src/main.o
 .debug_aranges
                0x000000e0       0xf8 Core/Src/ssd1306.o
 .debug_aranges
                0x000001d8       0x60 Core/Src/stm32f1xx_hal_msp.o
 .debug_aranges
                0x00000238       0x70 Core/Src/stm32f1xx_it.o
 .debug_aranges
                0x000002a8       0xb0 Core/Src/syscalls.o
 .debug_aranges
                0x00000358       0x28 Core/Src/system_stm32f1xx.o
 .debug_aranges
                0x00000380       0xe0 Drivers/STM32F1xx_HAL_Driver/Src/stm32f1xx_hal.o
 .debug_aranges
                0x00000460       0xf0 Drivers/STM32F1xx_HAL_Driver/Src/stm32f1xx_hal_adc.o
 .debug_aranges
                0x00000550       0x90 Drivers/STM32F1xx_HAL_Driver/Src/stm32f1xx_hal_cortex.o
 .debug_aranges
                0x000005e0       0x88 Drivers/STM32F1xx_HAL_Driver/Src/stm32f1xx_hal_flash.o
 .debug_aranges
                0x00000668       0x98 Drivers/STM32F1xx_HAL_Driver/Src/stm32f1xx_hal_flash_ex.o
 .debug_aranges
                0x00000700       0x58 Drivers/STM32F1xx_HAL_Driver/Src/stm32f1xx_hal_gpio.o
 .debug_aranges
                0x00000758      0x2a0 Drivers/STM32F1xx_HAL_Driver/Src/stm32f1xx_hal_i2c.o
 .debug_aranges
                0x000009f8       0x90 Drivers/STM32F1xx_HAL_Driver/Src/stm32f1xx_hal_rcc.o
 .debug_aranges
                0x00000a88       0x30 Drivers/STM32F1xx_HAL_Driver/Src/stm32f1xx_hal_rcc_ex.o
 .debug_aranges
                0x00000ab8      0x3d0 Drivers/STM32F1xx_HAL_Driver/Src/stm32f1xx_hal_tim.o
 .debug_aranges
                0x00000e88      0x168 Drivers/STM32F1xx_HAL_Driver/Src/stm32f1xx_hal_tim_ex.o
 .debug_aranges
                0x00000ff0      0x1d0 Drivers/STM32F1xx_HAL_Driver/Src/stm32f1xx_hal_uart.o
 .debug_aranges
                0x000011c0       0x28 startup/startup_stm32f103xb.o

.debug_ranges   0x00000000     0x11a8
 .debug_ranges  0x00000000       0x48 Core/Src/eeprom.o
 .debug_ranges  0x00000048       0x10 Core/Src/fonts.o
 .debug_ranges  0x00000058       0x70 Core/Src/main.o
 .debug_ranges  0x000000c8      0x120 Core/Src/ssd1306.o
 .debug_ranges  0x000001e8       0x50 Core/Src/stm32f1xx_hal_msp.o
 .debug_ranges  0x00000238       0x60 Core/Src/stm32f1xx_it.o
 .debug_ranges  0x00000298       0xa0 Core/Src/syscalls.o
 .debug_ranges  0x00000338       0x18 Core/Src/system_stm32f1xx.o
 .debug_ranges  0x00000350       0xd0 Drivers/STM32F1xx_HAL_Driver/Src/stm32f1xx_hal.o
 .debug_ranges  0x00000420       0xe0 Drivers/STM32F1xx_HAL_Driver/Src/stm32f1xx_hal_adc.o
 .debug_ranges  0x00000500       0xe0 Drivers/STM32F1xx_HAL_Driver/Src/stm32f1xx_hal_cortex.o
 .debug_ranges  0x000005e0       0x78 Drivers/STM32F1xx_HAL_Driver/Src/stm32f1xx_hal_flash.o
 .debug_ranges  0x00000658       0x88 Drivers/STM32F1xx_HAL_Driver/Src/stm32f1xx_hal_flash_ex.o
 .debug_ranges  0x000006e0       0x48 Drivers/STM32F1xx_HAL_Driver/Src/stm32f1xx_hal_gpio.o
 .debug_ranges  0x00000728      0x2b0 Drivers/STM32F1xx_HAL_Driver/Src/stm32f1xx_hal_i2c.o
 .debug_ranges  0x000009d8       0xa0 Drivers/STM32F1xx_HAL_Driver/Src/stm32f1xx_hal_rcc.o
 .debug_ranges  0x00000a78       0x38 Drivers/STM32F1xx_HAL_Driver/Src/stm32f1xx_hal_rcc_ex.o
 .debug_ranges  0x00000ab0      0x3c0 Drivers/STM32F1xx_HAL_Driver/Src/stm32f1xx_hal_tim.o
 .debug_ranges  0x00000e70      0x158 Drivers/STM32F1xx_HAL_Driver/Src/stm32f1xx_hal_tim_ex.o
 .debug_ranges  0x00000fc8      0x1c0 Drivers/STM32F1xx_HAL_Driver/Src/stm32f1xx_hal_uart.o
 .debug_ranges  0x00001188       0x20 startup/startup_stm32f103xb.o

.debug_macro    0x00000000    0x1a586
 .debug_macro   0x00000000      0x1d0 Core/Src/eeprom.o
 .debug_macro   0x000001d0      0xa54 Core/Src/eeprom.o
 .debug_macro   0x00000c24      0x227 Core/Src/eeprom.o
 .debug_macro   0x00000e4b       0x2e Core/Src/eeprom.o
 .debug_macro   0x00000e79       0x22 Core/Src/eeprom.o
 .debug_macro   0x00000e9b       0x22 Core/Src/eeprom.o
 .debug_macro   0x00000ebd       0x8e Core/Src/eeprom.o
 .debug_macro   0x00000f4b       0x51 Core/Src/eeprom.o
 .debug_macro   0x00000f9c       0xef Core/Src/eeprom.o
 .debug_macro   0x0000108b       0x6a Core/Src/eeprom.o
 .debug_macro   0x000010f5      0x1df Core/Src/eeprom.o
 .debug_macro   0x000012d4       0x1c Core/Src/eeprom.o
 .debug_macro   0x000012f0       0x22 Core/Src/eeprom.o
 .debug_macro   0x00001312       0xc3 Core/Src/eeprom.o
 .debug_macro   0x000013d5      0xd23 Core/Src/eeprom.o
 .debug_macro   0x000020f8     0xe097 Core/Src/eeprom.o
 .debug_macro   0x0001018f       0x43 Core/Src/eeprom.o
 .debug_macro   0x000101d2     0x3468 Core/Src/eeprom.o
 .debug_macro   0x0001363a      0x174 Core/Src/eeprom.o
 .debug_macro   0x000137ae       0x5c Core/Src/eeprom.o
 .debug_macro   0x0001380a      0x5be Core/Src/eeprom.o
 .debug_macro   0x00013dc8      0x289 Core/Src/eeprom.o
 .debug_macro   0x00014051      0x1cb Core/Src/eeprom.o
 .debug_macro   0x0001421c      0x114 Core/Src/eeprom.o
 .debug_macro   0x00014330      0x1b2 Core/Src/eeprom.o
 .debug_macro   0x000144e2       0x27 Core/Src/eeprom.o
 .debug_macro   0x00014509      0x136 Core/Src/eeprom.o
 .debug_macro   0x0001463f      0x1bc Core/Src/eeprom.o
 .debug_macro   0x000147fb       0x34 Core/Src/eeprom.o
 .debug_macro   0x0001482f       0x3c Core/Src/eeprom.o
 .debug_macro   0x0001486b       0x57 Core/Src/eeprom.o
 .debug_macro   0x000148c2      0x46a Core/Src/eeprom.o
 .debug_macro   0x00014d2c      0x1b5 Core/Src/eeprom.o
 .debug_macro   0x00014ee1       0x88 Core/Src/eeprom.o
 .debug_macro   0x00014f69      0x241 Core/Src/eeprom.o
 .debug_macro   0x000151aa      0x287 Core/Src/eeprom.o
 .debug_macro   0x00015431      0x141 Core/Src/eeprom.o
 .debug_macro   0x00015572      0x8d1 Core/Src/eeprom.o
 .debug_macro   0x00015e43      0x26b Core/Src/eeprom.o
 .debug_macro   0x000160ae       0x83 Core/Src/eeprom.o
 .debug_macro   0x00016131      0x3a0 Core/Src/eeprom.o
 .debug_macro   0x000164d1      0x287 Core/Src/fonts.o
 .debug_macro   0x00016758       0x5e Core/Src/fonts.o
 .debug_macro   0x000167b6       0x18 Core/Src/fonts.o
 .debug_macro   0x000167ce       0x35 Core/Src/fonts.o
 .debug_macro   0x00016803       0x34 Core/Src/fonts.o
 .debug_macro   0x00016837       0x58 Core/Src/fonts.o
 .debug_macro   0x0001688f       0x1f Core/Src/fonts.o
 .debug_macro   0x000168ae       0x43 Core/Src/fonts.o
 .debug_macro   0x000168f1       0x20 Core/Src/fonts.o
 .debug_macro   0x00016911      0x18e Core/Src/fonts.o
 .debug_macro   0x00016a9f      0x32a Core/Src/fonts.o
 .debug_macro   0x00016dc9       0x10 Core/Src/fonts.o
 .debug_macro   0x00016dd9       0x35 Core/Src/fonts.o
 .debug_macro   0x00016e0e      0x382 Core/Src/main.o
 .debug_macro   0x00017190       0x88 Core/Src/main.o
 .debug_macro   0x00017218      0x3a6 Core/Src/main.o
 .debug_macro   0x000175be       0x16 Core/Src/main.o
 .debug_macro   0x000175d4       0x16 Core/Src/main.o
 .debug_macro   0x000175ea       0x29 Core/Src/main.o
 .debug_macro   0x00017613       0x1d Core/Src/main.o
 .debug_macro   0x00017630      0x312 Core/Src/ssd1306.o
 .debug_macro   0x00017942      0x1d0 Core/Src/stm32f1xx_hal_msp.o
 .debug_macro   0x00017b12      0x1da Core/Src/stm32f1xx_it.o
 .debug_macro   0x00017cec      0x243 Core/Src/syscalls.o
 .debug_macro   0x00017f2f       0x58 Core/Src/syscalls.o
 .debug_macro   0x00017f87       0x94 Core/Src/syscalls.o
 .debug_macro   0x0001801b       0x57 Core/Src/syscalls.o
 .debug_macro   0x00018072      0x330 Core/Src/syscalls.o
 .debug_macro   0x000183a2       0x10 Core/Src/syscalls.o
 .debug_macro   0x000183b2       0x10 Core/Src/syscalls.o
 .debug_macro   0x000183c2       0x10 Core/Src/syscalls.o
 .debug_macro   0x000183d2       0x10 Core/Src/syscalls.o
 .debug_macro   0x000183e2       0x1c Core/Src/syscalls.o
 .debug_macro   0x000183fe       0x52 Core/Src/syscalls.o
 .debug_macro   0x00018450       0x40 Core/Src/syscalls.o
 .debug_macro   0x00018490       0x10 Core/Src/syscalls.o
 .debug_macro   0x000184a0       0x40 Core/Src/syscalls.o
 .debug_macro   0x000184e0       0xd7 Core/Src/syscalls.o
 .debug_macro   0x000185b7       0x1c Core/Src/syscalls.o
 .debug_macro   0x000185d3       0x3d Core/Src/syscalls.o
 .debug_macro   0x00018610       0x35 Core/Src/syscalls.o
 .debug_macro   0x00018645      0x122 Core/Src/syscalls.o
 .debug_macro   0x00018767       0x10 Core/Src/syscalls.o
 .debug_macro   0x00018777      0x241 Core/Src/syscalls.o
 .debug_macro   0x000189b8       0x1c Core/Src/syscalls.o
 .debug_macro   0x000189d4       0x10 Core/Src/syscalls.o
 .debug_macro   0x000189e4       0x10 Core/Src/syscalls.o
 .debug_macro   0x000189f4       0x16 Core/Src/syscalls.o
 .debug_macro   0x00018a0a      0x16f Core/Src/syscalls.o
 .debug_macro   0x00018b79      0x189 Core/Src/syscalls.o
 .debug_macro   0x00018d02       0x16 Core/Src/syscalls.o
 .debug_macro   0x00018d18       0x88 Core/Src/syscalls.o
 .debug_macro   0x00018da0      0x1c1 Core/Src/system_stm32f1xx.o
 .debug_macro   0x00018f61      0x1e5 Drivers/STM32F1xx_HAL_Driver/Src/stm32f1xx_hal.o
 .debug_macro   0x00019146      0x1de Drivers/STM32F1xx_HAL_Driver/Src/stm32f1xx_hal_adc.o
 .debug_macro   0x00019324      0x1c1 Drivers/STM32F1xx_HAL_Driver/Src/stm32f1xx_hal_cortex.o
 .debug_macro   0x000194e5      0x1c1 Drivers/STM32F1xx_HAL_Driver/Src/stm32f1xx_hal_flash.o
 .debug_macro   0x000196a6      0x1d3 Drivers/STM32F1xx_HAL_Driver/Src/stm32f1xx_hal_flash_ex.o
 .debug_macro   0x00019879      0x22c Drivers/STM32F1xx_HAL_Driver/Src/stm32f1xx_hal_gpio.o
 .debug_macro   0x00019aa5      0x208 Drivers/STM32F1xx_HAL_Driver/Src/stm32f1xx_hal_i2c.o
 .debug_macro   0x00019cad      0x1d3 Drivers/STM32F1xx_HAL_Driver/Src/stm32f1xx_hal_rcc.o
 .debug_macro   0x00019e80      0x1c1 Drivers/STM32F1xx_HAL_Driver/Src/stm32f1xx_hal_rcc_ex.o
 .debug_macro   0x0001a041      0x1c2 Drivers/STM32F1xx_HAL_Driver/Src/stm32f1xx_hal_tim.o
 .debug_macro   0x0001a203      0x1c1 Drivers/STM32F1xx_HAL_Driver/Src/stm32f1xx_hal_tim_ex.o
 .debug_macro   0x0001a3c4      0x1c2 Drivers/STM32F1xx_HAL_Driver/Src/stm32f1xx_hal_uart.o

.debug_line     0x00000000     0xfd37
 .debug_line    0x00000000      0x94e Core/Src/eeprom.o
 .debug_line    0x0000094e      0x82c Core/Src/fonts.o
 .debug_line    0x0000117a      0xa7d Core/Src/main.o
 .debug_line    0x00001bf7      0xc7f Core/Src/ssd1306.o
 .debug_line    0x00002876      0x877 Core/Src/stm32f1xx_hal_msp.o
 .debug_line    0x000030ed      0x851 Core/Src/stm32f1xx_it.o
 .debug_line    0x0000393e      0x60e Core/Src/syscalls.o
 .debug_line    0x00003f4c      0x7c8 Core/Src/system_stm32f1xx.o
 .debug_line    0x00004714      0x972 Drivers/STM32F1xx_HAL_Driver/Src/stm32f1xx_hal.o
 .debug_line    0x00005086      0xce3 Drivers/STM32F1xx_HAL_Driver/Src/stm32f1xx_hal_adc.o
 .debug_line    0x00005d69      0x981 Drivers/STM32F1xx_HAL_Driver/Src/stm32f1xx_hal_cortex.o
 .debug_line    0x000066ea      0x99b Drivers/STM32F1xx_HAL_Driver/Src/stm32f1xx_hal_flash.o
 .debug_line    0x00007085      0xa2c Drivers/STM32F1xx_HAL_Driver/Src/stm32f1xx_hal_flash_ex.o
 .debug_line    0x00007ab1      0x943 Drivers/STM32F1xx_HAL_Driver/Src/stm32f1xx_hal_gpio.o
 .debug_line    0x000083f4     0x1e72 Drivers/STM32F1xx_HAL_Driver/Src/stm32f1xx_hal_i2c.o
 .debug_line    0x0000a266      0xa7c Drivers/STM32F1xx_HAL_Driver/Src/stm32f1xx_hal_rcc.o
 .debug_line    0x0000ace2      0x85f Drivers/STM32F1xx_HAL_Driver/Src/stm32f1xx_hal_rcc_ex.o
 .debug_line    0x0000b541     0x2276 Drivers/STM32F1xx_HAL_Driver/Src/stm32f1xx_hal_tim.o
 .debug_line    0x0000d7b7     0x1423 Drivers/STM32F1xx_HAL_Driver/Src/stm32f1xx_hal_tim_ex.o
 .debug_line    0x0000ebda     0x10e0 Drivers/STM32F1xx_HAL_Driver/Src/stm32f1xx_hal_uart.o
 .debug_line    0x0000fcba       0x7d startup/startup_stm32f103xb.o

.debug_str      0x00000000    0x94d18
 .debug_str     0x00000000    0x8a7de Core/Src/eeprom.o
                              0x8ab54 (size before relaxing)
 .debug_str     0x0008a7de     0x2ba6 Core/Src/fonts.o
                              0x8bd4e (size before relaxing)
 .debug_str     0x0008d384     0x15bf Core/Src/main.o
                              0x8ec64 (size before relaxing)
 .debug_str     0x0008e943      0x49d Core/Src/ssd1306.o
                              0x8c81f (size before relaxing)
 .debug_str     0x0008ede0      0x3b8 Core/Src/stm32f1xx_hal_msp.o
                              0x8a234 (size before relaxing)
 .debug_str     0x0008f198       0xdc Core/Src/stm32f1xx_it.o
                              0x8991b (size before relaxing)
 .debug_str     0x0008f274     0x23ac Core/Src/syscalls.o
                               0x859c (size before relaxing)
 .debug_str     0x00091620       0x52 Core/Src/system_stm32f1xx.o
                              0x891b0 (size before relaxing)
 .debug_str     0x00091672      0x2f2 Drivers/STM32F1xx_HAL_Driver/Src/stm32f1xx_hal.o
                              0x89886 (size before relaxing)
 .debug_str     0x00091964      0x33a Drivers/STM32F1xx_HAL_Driver/Src/stm32f1xx_hal_adc.o
                              0x898a9 (size before relaxing)
 .debug_str     0x00091c9e      0x294 Drivers/STM32F1xx_HAL_Driver/Src/stm32f1xx_hal_cortex.o
                              0x89849 (size before relaxing)
 .debug_str     0x00091f32      0x26d Drivers/STM32F1xx_HAL_Driver/Src/stm32f1xx_hal_flash.o
                              0x894b7 (size before relaxing)
 .debug_str     0x0009219f      0x2fb Drivers/STM32F1xx_HAL_Driver/Src/stm32f1xx_hal_flash_ex.o
                              0x89665 (size before relaxing)
 .debug_str     0x0009249a      0x2d5 Drivers/STM32F1xx_HAL_Driver/Src/stm32f1xx_hal_gpio.o
                              0x89574 (size before relaxing)
 .debug_str     0x0009276f      0xb37 Drivers/STM32F1xx_HAL_Driver/Src/stm32f1xx_hal_i2c.o
                              0x8a240 (size before relaxing)
 .debug_str     0x000932a6      0x209 Drivers/STM32F1xx_HAL_Driver/Src/stm32f1xx_hal_rcc.o
                              0x895d4 (size before relaxing)
 .debug_str     0x000934af       0x84 Drivers/STM32F1xx_HAL_Driver/Src/stm32f1xx_hal_rcc_ex.o
                              0x8935b (size before relaxing)
 .debug_str     0x00093533      0xdbc Drivers/STM32F1xx_HAL_Driver/Src/stm32f1xx_hal_tim.o
                              0x8a5d2 (size before relaxing)
 .debug_str     0x000942ef      0x4d9 Drivers/STM32F1xx_HAL_Driver/Src/stm32f1xx_hal_tim_ex.o
                              0x89dfc (size before relaxing)
 .debug_str     0x000947c8      0x521 Drivers/STM32F1xx_HAL_Driver/Src/stm32f1xx_hal_uart.o
                              0x89b2a (size before relaxing)
 .debug_str     0x00094ce9       0x2f startup/startup_stm32f103xb.o
                                 0x7f (size before relaxing)

.comment        0x00000000       0x7f
 .comment       0x00000000       0x7f Core/Src/eeprom.o
                                 0x80 (size before relaxing)
 .comment       0x0000007f       0x80 Core/Src/fonts.o
 .comment       0x0000007f       0x80 Core/Src/main.o
 .comment       0x0000007f       0x80 Core/Src/ssd1306.o
 .comment       0x0000007f       0x80 Core/Src/stm32f1xx_hal_msp.o
 .comment       0x0000007f       0x80 Core/Src/stm32f1xx_it.o
 .comment       0x0000007f       0x80 Core/Src/syscalls.o
 .comment       0x0000007f       0x80 Core/Src/system_stm32f1xx.o
 .comment       0x0000007f       0x80 Drivers/STM32F1xx_HAL_Driver/Src/stm32f1xx_hal.o
 .comment       0x0000007f       0x80 Drivers/STM32F1xx_HAL_Driver/Src/stm32f1xx_hal_adc.o
 .comment       0x0000007f       0x80 Drivers/STM32F1xx_HAL_Driver/Src/stm32f1xx_hal_cortex.o
 .comment       0x0000007f       0x80 Drivers/STM32F1xx_HAL_Driver/Src/stm32f1xx_hal_flash.o
 .comment       0x0000007f       0x80 Drivers/STM32F1xx_HAL_Driver/Src/stm32f1xx_hal_flash_ex.o
 .comment       0x0000007f       0x80 Drivers/STM32F1xx_HAL_Driver/Src/stm32f1xx_hal_gpio.o
 .comment       0x0000007f       0x80 Drivers/STM32F1xx_HAL_Driver/Src/stm32f1xx_hal_i2c.o
 .comment       0x0000007f       0x80 Drivers/STM32F1xx_HAL_Driver/Src/stm32f1xx_hal_rcc.o
 .comment       0x0000007f       0x80 Drivers/STM32F1xx_HAL_Driver/Src/stm32f1xx_hal_rcc_ex.o
 .comment       0x0000007f       0x80 Drivers/STM32F1xx_HAL_Driver/Src/stm32f1xx_hal_tim.o
 .comment       0x0000007f       0x80 Drivers/STM32F1xx_HAL_Driver/Src/stm32f1xx_hal_tim_ex.o
 .comment       0x0000007f       0x80 Drivers/STM32F1xx_HAL_Driver/Src/stm32f1xx_hal_uart.o

.debug_frame    0x00000000     0x3974
 .debug_frame   0x00000000       0xf4 Core/Src/eeprom.o
 .debug_frame   0x000000f4       0x2c Core/Src/fonts.o
 .debug_frame   0x00000120      0x13c Core/Src/main.o
 .debug_frame   0x0000025c      0x358 Core/Src/ssd1306.o
 .debug_frame   0x000005b4      0x104 Core/Src/stm32f1xx_hal_msp.o
 .debug_frame   0x000006b8       0xd8 Core/Src/stm32f1xx_it.o
 .debug_frame   0x00000790      0x1a8 Core/Src/syscalls.o
 .debug_frame   0x00000938       0x30 Core/Src/system_stm32f1xx.o
 .debug_frame   0x00000968      0x1cc Drivers/STM32F1xx_HAL_Driver/Src/stm32f1xx_hal.o
 .debug_frame   0x00000b34      0x2c4 Drivers/STM32F1xx_HAL_Driver/Src/stm32f1xx_hal_adc.o
 .debug_frame   0x00000df8      0x12c Drivers/STM32F1xx_HAL_Driver/Src/stm32f1xx_hal_cortex.o
 .debug_frame   0x00000f24      0x134 Drivers/STM32F1xx_HAL_Driver/Src/stm32f1xx_hal_flash.o
 .debug_frame   0x00001058      0x194 Drivers/STM32F1xx_HAL_Driver/Src/stm32f1xx_hal_flash_ex.o
 .debug_frame   0x000011ec       0xe8 Drivers/STM32F1xx_HAL_Driver/Src/stm32f1xx_hal_gpio.o
 .debug_frame   0x000012d4      0x948 Drivers/STM32F1xx_HAL_Driver/Src/stm32f1xx_hal_i2c.o
 .debug_frame   0x00001c1c      0x198 Drivers/STM32F1xx_HAL_Driver/Src/stm32f1xx_hal_rcc.o
 .debug_frame   0x00001db4       0x6c Drivers/STM32F1xx_HAL_Driver/Src/stm32f1xx_hal_rcc_ex.o
 .debug_frame   0x00001e20      0xb8c Drivers/STM32F1xx_HAL_Driver/Src/stm32f1xx_hal_tim.o
 .debug_frame   0x000029ac      0x474 Drivers/STM32F1xx_HAL_Driver/Src/stm32f1xx_hal_tim_ex.o
 .debug_frame   0x00002e20      0x4e8 Drivers/STM32F1xx_HAL_Driver/Src/stm32f1xx_hal_uart.o
 .debug_frame   0x00003308       0xac c:/program files/ac6/systemworkbench/plugins/fr.ac6.mcu.externaltools.arm-none.win32_1.17.0.201812190825/tools/compiler/bin/../lib/gcc/arm-none-eabi/7.3.1/thumb/v7-m\libgcc.a(_arm_addsubdf3.o)
 .debug_frame   0x000033b4       0x50 c:/program files/ac6/systemworkbench/plugins/fr.ac6.mcu.externaltools.arm-none.win32_1.17.0.201812190825/tools/compiler/bin/../lib/gcc/arm-none-eabi/7.3.1/thumb/v7-m\libgcc.a(_arm_muldivdf3.o)
 .debug_frame   0x00003404       0x24 c:/program files/ac6/systemworkbench/plugins/fr.ac6.mcu.externaltools.arm-none.win32_1.17.0.201812190825/tools/compiler/bin/../lib/gcc/arm-none-eabi/7.3.1/thumb/v7-m\libgcc.a(_arm_fixunsdfsi.o)
 .debug_frame   0x00003428       0x24 c:/program files/ac6/systemworkbench/plugins/fr.ac6.mcu.externaltools.arm-none.win32_1.17.0.201812190825/tools/compiler/bin/../lib/gcc/arm-none-eabi/7.3.1/thumb/v7-m\libgcc.a(_arm_truncdfsf2.o)
 .debug_frame   0x0000344c       0x4c c:/program files/ac6/systemworkbench/plugins/fr.ac6.mcu.externaltools.arm-none.win32_1.17.0.201812190825/tools/compiler/bin/../lib/gcc/arm-none-eabi/7.3.1/thumb/v7-m\libgcc.a(_arm_addsubsf3.o)
 .debug_frame   0x00003498       0x38 c:/program files/ac6/systemworkbench/plugins/fr.ac6.mcu.externaltools.arm-none.win32_1.17.0.201812190825/tools/compiler/bin/../lib/gcc/arm-none-eabi/7.3.1/thumb/v7-m\libgcc.a(_arm_muldivsf3.o)
 .debug_frame   0x000034d0       0xc8 c:/program files/ac6/systemworkbench/plugins/fr.ac6.mcu.externaltools.arm-none.win32_1.17.0.201812190825/tools/compiler/bin/../lib/gcc/arm-none-eabi/7.3.1/thumb/v7-m\libgcc.a(_arm_cmpsf2.o)
 .debug_frame   0x00003598       0x24 c:/program files/ac6/systemworkbench/plugins/fr.ac6.mcu.externaltools.arm-none.win32_1.17.0.201812190825/tools/compiler/bin/../lib/gcc/arm-none-eabi/7.3.1/thumb/v7-m\libgcc.a(_arm_fixsfsi.o)
 .debug_frame   0x000035bc       0x20 c:/program files/ac6/systemworkbench/plugins/fr.ac6.mcu.externaltools.arm-none.win32_1.17.0.201812190825/tools/compiler/bin/../lib/gcc/arm-none-eabi/7.3.1/../../../../arm-none-eabi/lib/thumb/v7-m\libc_nano.a(lib_a-errno.o)
 .debug_frame   0x000035dc       0x2c c:/program files/ac6/systemworkbench/plugins/fr.ac6.mcu.externaltools.arm-none.win32_1.17.0.201812190825/tools/compiler/bin/../lib/gcc/arm-none-eabi/7.3.1/../../../../arm-none-eabi/lib/thumb/v7-m\libc_nano.a(lib_a-init.o)
 .debug_frame   0x00003608       0x20 c:/program files/ac6/systemworkbench/plugins/fr.ac6.mcu.externaltools.arm-none.win32_1.17.0.201812190825/tools/compiler/bin/../lib/gcc/arm-none-eabi/7.3.1/../../../../arm-none-eabi/lib/thumb/v7-m\libc_nano.a(lib_a-memset.o)
 .debug_frame   0x00003628       0x6c c:/program files/ac6/systemworkbench/plugins/fr.ac6.mcu.externaltools.arm-none.win32_1.17.0.201812190825/tools/compiler/bin/../lib/gcc/arm-none-eabi/7.3.1/../../../../arm-none-eabi/lib/thumb/v7-m\libc_nano.a(lib_a-sprintf.o)
 .debug_frame   0x00003694       0x90 c:/program files/ac6/systemworkbench/plugins/fr.ac6.mcu.externaltools.arm-none.win32_1.17.0.201812190825/tools/compiler/bin/../lib/gcc/arm-none-eabi/7.3.1/../../../../arm-none-eabi/lib/thumb/v7-m\libc_nano.a(lib_a-nano-svfprintf.o)
 .debug_frame   0x00003724       0x60 c:/program files/ac6/systemworkbench/plugins/fr.ac6.mcu.externaltools.arm-none.win32_1.17.0.201812190825/tools/compiler/bin/../lib/gcc/arm-none-eabi/7.3.1/../../../../arm-none-eabi/lib/thumb/v7-m\libc_nano.a(lib_a-nano-vfprintf_i.o)
 .debug_frame   0x00003784       0x28 c:/program files/ac6/systemworkbench/plugins/fr.ac6.mcu.externaltools.arm-none.win32_1.17.0.201812190825/tools/compiler/bin/../lib/gcc/arm-none-eabi/7.3.1/../../../../arm-none-eabi/lib/thumb/v7-m\libc_nano.a(lib_a-memchr-stub.o)
 .debug_frame   0x000037ac       0x28 c:/program files/ac6/systemworkbench/plugins/fr.ac6.mcu.externaltools.arm-none.win32_1.17.0.201812190825/tools/compiler/bin/../lib/gcc/arm-none-eabi/7.3.1/../../../../arm-none-eabi/lib/thumb/v7-m\libc_nano.a(lib_a-memcpy-stub.o)
 .debug_frame   0x000037d4       0x28 c:/program files/ac6/systemworkbench/plugins/fr.ac6.mcu.externaltools.arm-none.win32_1.17.0.201812190825/tools/compiler/bin/../lib/gcc/arm-none-eabi/7.3.1/../../../../arm-none-eabi/lib/thumb/v7-m\libc_nano.a(lib_a-memmove.o)
 .debug_frame   0x000037fc       0x38 c:/program files/ac6/systemworkbench/plugins/fr.ac6.mcu.externaltools.arm-none.win32_1.17.0.201812190825/tools/compiler/bin/../lib/gcc/arm-none-eabi/7.3.1/../../../../arm-none-eabi/lib/thumb/v7-m\libc_nano.a(lib_a-nano-freer.o)
 .debug_frame   0x00003834       0x2c c:/program files/ac6/systemworkbench/plugins/fr.ac6.mcu.externaltools.arm-none.win32_1.17.0.201812190825/tools/compiler/bin/../lib/gcc/arm-none-eabi/7.3.1/../../../../arm-none-eabi/lib/thumb/v7-m\libc_nano.a(lib_a-nano-mallocr.o)
 .debug_frame   0x00003860       0x3c c:/program files/ac6/systemworkbench/plugins/fr.ac6.mcu.externaltools.arm-none.win32_1.17.0.201812190825/tools/compiler/bin/../lib/gcc/arm-none-eabi/7.3.1/../../../../arm-none-eabi/lib/thumb/v7-m\libc_nano.a(lib_a-nano-reallocr.o)
 .debug_frame   0x0000389c       0x2c c:/program files/ac6/systemworkbench/plugins/fr.ac6.mcu.externaltools.arm-none.win32_1.17.0.201812190825/tools/compiler/bin/../lib/gcc/arm-none-eabi/7.3.1/../../../../arm-none-eabi/lib/thumb/v7-m\libc_nano.a(lib_a-sbrkr.o)
 .debug_frame   0x000038c8       0x30 c:/program files/ac6/systemworkbench/plugins/fr.ac6.mcu.externaltools.arm-none.win32_1.17.0.201812190825/tools/compiler/bin/../lib/gcc/arm-none-eabi/7.3.1/../../../../arm-none-eabi/lib/thumb/v7-m\libc_nano.a(lib_a-mlock.o)
 .debug_frame   0x000038f8       0x20 c:/program files/ac6/systemworkbench/plugins/fr.ac6.mcu.externaltools.arm-none.win32_1.17.0.201812190825/tools/compiler/bin/../lib/gcc/arm-none-eabi/7.3.1/../../../../arm-none-eabi/lib/thumb/v7-m\libc_nano.a(lib_a-nano-msizer.o)
 .debug_frame   0x00003918       0x5c c:/program files/ac6/systemworkbench/plugins/fr.ac6.mcu.externaltools.arm-none.win32_1.17.0.201812190825/tools/compiler/bin/../lib/gcc/arm-none-eabi/7.3.1/../../../../arm-none-eabi/lib/thumb/v7-m\libc_nano.a(lib_a-reent.o)
