Archive member included to satisfy reference by file (symbol)

c:/program files/ac6/systemworkbench/plugins/fr.ac6.mcu.externaltools.arm-none.win32_1.17.0.201812190825/tools/compiler/bin/../lib/gcc/arm-none-eabi/7.3.1/thumb/v7-m\libgcc.a(_arm_addsubdf3.o)
                              Core/Src/main.o (__aeabi_dsub)
c:/program files/ac6/systemworkbench/plugins/fr.ac6.mcu.externaltools.arm-none.win32_1.17.0.201812190825/tools/compiler/bin/../lib/gcc/arm-none-eabi/7.3.1/thumb/v7-m\libgcc.a(_arm_muldivdf3.o)
                              Core/Src/main.o (__aeabi_dmul)
c:/program files/ac6/systemworkbench/plugins/fr.ac6.mcu.externaltools.arm-none.win32_1.17.0.201812190825/tools/compiler/bin/../lib/gcc/arm-none-eabi/7.3.1/thumb/v7-m\libgcc.a(_arm_fixunsdfsi.o)
                              Core/Src/main.o (__aeabi_d2uiz)
c:/program files/ac6/systemworkbench/plugins/fr.ac6.mcu.externaltools.arm-none.win32_1.17.0.201812190825/tools/compiler/bin/../lib/gcc/arm-none-eabi/7.3.1/thumb/v7-m\libgcc.a(_arm_truncdfsf2.o)
                              Core/Src/main.o (__aeabi_d2f)
c:/program files/ac6/systemworkbench/plugins/fr.ac6.mcu.externaltools.arm-none.win32_1.17.0.201812190825/tools/compiler/bin/../lib/gcc/arm-none-eabi/7.3.1/thumb/v7-m\libgcc.a(_arm_addsubsf3.o)
                              Core/Src/main.o (__aeabi_fadd)
c:/program files/ac6/systemworkbench/plugins/fr.ac6.mcu.externaltools.arm-none.win32_1.17.0.201812190825/tools/compiler/bin/../lib/gcc/arm-none-eabi/7.3.1/thumb/v7-m\libgcc.a(_arm_muldivsf3.o)
                              Core/Src/main.o (__aeabi_fmul)
c:/program files/ac6/systemworkbench/plugins/fr.ac6.mcu.externaltools.arm-none.win32_1.17.0.201812190825/tools/compiler/bin/../lib/gcc/arm-none-eabi/7.3.1/thumb/v7-m\libgcc.a(_arm_cmpsf2.o)
                              Core/Src/main.o (__aeabi_fcmplt)
c:/program files/ac6/systemworkbench/plugins/fr.ac6.mcu.externaltools.arm-none.win32_1.17.0.201812190825/tools/compiler/bin/../lib/gcc/arm-none-eabi/7.3.1/thumb/v7-m\libgcc.a(_arm_fixsfsi.o)
                              Core/Src/main.o (__aeabi_f2iz)
c:/program files/ac6/systemworkbench/plugins/fr.ac6.mcu.externaltools.arm-none.win32_1.17.0.201812190825/tools/compiler/bin/../lib/gcc/arm-none-eabi/7.3.1/../../../../arm-none-eabi/lib/thumb/v7-m\libc_nano.a(lib_a-errno.o)
                              Core/Src/syscalls.o (__errno)
c:/program files/ac6/systemworkbench/plugins/fr.ac6.mcu.externaltools.arm-none.win32_1.17.0.201812190825/tools/compiler/bin/../lib/gcc/arm-none-eabi/7.3.1/../../../../arm-none-eabi/lib/thumb/v7-m\libc_nano.a(lib_a-exit.o)
                              c:/program files/ac6/systemworkbench/plugins/fr.ac6.mcu.externaltools.arm-none.win32_1.17.0.201812190825/tools/compiler/bin/../lib/gcc/arm-none-eabi/7.3.1/../../../../arm-none-eabi/lib/thumb/v7-m/crt0.o (exit)
c:/program files/ac6/systemworkbench/plugins/fr.ac6.mcu.externaltools.arm-none.win32_1.17.0.201812190825/tools/compiler/bin/../lib/gcc/arm-none-eabi/7.3.1/../../../../arm-none-eabi/lib/thumb/v7-m\libc_nano.a(lib_a-impure.o)
                              c:/program files/ac6/systemworkbench/plugins/fr.ac6.mcu.externaltools.arm-none.win32_1.17.0.201812190825/tools/compiler/bin/../lib/gcc/arm-none-eabi/7.3.1/../../../../arm-none-eabi/lib/thumb/v7-m\libc_nano.a(lib_a-exit.o) (_global_impure_ptr)
c:/program files/ac6/systemworkbench/plugins/fr.ac6.mcu.externaltools.arm-none.win32_1.17.0.201812190825/tools/compiler/bin/../lib/gcc/arm-none-eabi/7.3.1/../../../../arm-none-eabi/lib/thumb/v7-m\libc_nano.a(lib_a-init.o)
                              c:/program files/ac6/systemworkbench/plugins/fr.ac6.mcu.externaltools.arm-none.win32_1.17.0.201812190825/tools/compiler/bin/../lib/gcc/arm-none-eabi/7.3.1/../../../../arm-none-eabi/lib/thumb/v7-m/crt0.o (__libc_init_array)
c:/program files/ac6/systemworkbench/plugins/fr.ac6.mcu.externaltools.arm-none.win32_1.17.0.201812190825/tools/compiler/bin/../lib/gcc/arm-none-eabi/7.3.1/../../../../arm-none-eabi/lib/thumb/v7-m\libc_nano.a(lib_a-memcpy-stub.o)
                              Middlewares/Third_Party/FreeRTOS/Source/CMSIS_RTOS_V2/cmsis_os2.o (memcpy)
c:/program files/ac6/systemworkbench/plugins/fr.ac6.mcu.externaltools.arm-none.win32_1.17.0.201812190825/tools/compiler/bin/../lib/gcc/arm-none-eabi/7.3.1/../../../../arm-none-eabi/lib/thumb/v7-m\libc_nano.a(lib_a-memset.o)
                              c:/program files/ac6/systemworkbench/plugins/fr.ac6.mcu.externaltools.arm-none.win32_1.17.0.201812190825/tools/compiler/bin/../lib/gcc/arm-none-eabi/7.3.1/../../../../arm-none-eabi/lib/thumb/v7-m/crt0.o (memset)
c:/program files/ac6/systemworkbench/plugins/fr.ac6.mcu.externaltools.arm-none.win32_1.17.0.201812190825/tools/compiler/bin/../lib/gcc/arm-none-eabi/7.3.1/../../../../arm-none-eabi/lib/thumb/v7-m\libc_nano.a(lib_a-sprintf.o)
                              Core/Src/main.o (sprintf)
[...]
Memory Configuration

Name             Origin             Length             Attributes
RAM              0x20000000         0x00005000         xrw
FLASH            0x08000000         0x00010000         xr
*default*        0x00000000         0xffffffff

Linker script and memory map

LOAD c:/program files/ac6/systemworkbench/plugins/fr.ac6.mcu.externaltools.arm-none.win32_1.17.0.201812190825/tools/compiler/bin/../lib/gcc/arm-none-eabi/7.3.1/thumb/v7-m/crti.o
LOAD c:/program files/ac6/systemworkbench/plugins/fr.ac6.mcu.externaltools.arm-none.win32_1.17.0.201812190825/tools/compiler/bin/../lib/gcc/arm-none-eabi/7.3.1/thumb/v7-m/crtbegin.o
LOAD c:/program files/ac6/systemworkbench/plugins/fr.ac6.mcu.externaltools.arm-none.win32_1.17.0.201812190825/tools/compiler/bin/../lib/gcc/arm-none-eabi/7.3.1/../../../../arm-none-eabi/lib/thumb/v7-m/crt0.o
LOAD Core/Src/eeprom.o
LOAD Core/Src/fonts.o
LOAD Core/Src/freertos.o
LOAD Core/Src/main.o
LOAD Core/Src/ssd1306.o
LOAD Core/Src/stm32f1xx_hal_msp.o
LOAD Core/Src/stm32f1xx_hal_timebase_tim.o
LOAD Core/Src/stm32f1xx_it.o
LOAD Core/Src/syscalls.o
LOAD Drivers/CMSIS/Device/ST/STM32F1xx/Source/Templates/system_stm32f1xx.o
LOAD Drivers/STM32F1xx_HAL_Driver/Src/stm32f1xx_hal.o
LOAD Drivers/STM32F1xx_HAL_Driver/Src/stm32f1xx_hal_adc.o
LOAD Drivers/STM32F1xx_HAL_Driver/Src/stm32f1xx_hal_adc_ex.o
LOAD Drivers/STM32F1xx_HAL_Driver/Src/stm32f1xx_hal_cortex.o
LOAD Drivers/STM32F1xx_HAL_Driver/Src/stm32f1xx_hal_dma.o
LOAD Drivers/STM32F1xx_HAL_Driver/Src/stm32f1xx_hal_exti.o
LOAD Drivers/STM32F1xx_HAL_Driver/Src/stm32f1xx_hal_flash.o
LOAD Drivers/STM32F1xx_HAL_Driver/Src/stm32f1xx_hal_flash_ex.o
LOAD Drivers/STM32F1xx_HAL_Driver/Src/stm32f1xx_hal_gpio.o
LOAD Drivers/STM32F1xx_HAL_Driver/Src/stm32f1xx_hal_gpio_ex.o
LOAD Drivers/STM32F1xx_HAL_Driver/Src/stm32f1xx_hal_i2c.o
LOAD Drivers/STM32F1xx_HAL_Driver/Src/stm32f1xx_hal_pwr.o
LOAD Drivers/STM32F1xx_HAL_Driver/Src/stm32f1xx_hal_rcc.o
LOAD Drivers/STM32F1xx_HAL_Driver/Src/stm32f1xx_hal_rcc_ex.o
LOAD Drivers/STM32F1xx_HAL_Driver/Src/stm32f1xx_hal_tim.o
LOAD Drivers/STM32F1xx_HAL_Driver/Src/stm32f1xx_hal_tim_ex.o
LOAD Drivers/STM32F1xx_HAL_Driver/Src/stm32f1xx_hal_uart.o
LOAD Middlewares/Third_Party/FreeRTOS/Source/CMSIS_RTOS_V2/cmsis_os2.o
LOAD Middlewares/Third_Party/FreeRTOS/Source/croutine.o
LOAD Middlewares/Third_Party/FreeRTOS/Source/event_groups.o
LOAD Middlewares/Third_Party/FreeRTOS/Source/list.o
LOAD Middlewares/Third_Party/FreeRTOS/Source/queue.o
LOAD Middlewares/Third_Party/FreeRTOS/Source/stream_buffer.o
LOAD Middlewares/Third_Party/FreeRTOS/Source/tasks.o
LOAD Middlewares/Third_Party/FreeRTOS/Source/timers.o
LOAD Middlewares/Third_Party/FreeRTOS/Source/portable/GCC/ARM_CM3/port.o
LOAD Middlewares/Third_Party/FreeRTOS/Source/portable/MemMang/heap_4.o
LOAD startup/startup_stm32f103xb.o
LOAD c:/program files/ac6/systemworkbench/plugins/fr.ac6.mcu.externaltools.arm-none.win32_1.17.0.201812190825/tools/compiler/bin/../lib/gcc/arm-none-eabi/7.3.1/../../../../arm-none-eabi/lib/thumb/v7-m\libstdc++_nano.a
LOAD c:/program files/ac6/systemworkbench/plugins/fr.ac6.mcu.externaltools.arm-none.win32_1.17.0.201812190825/tools/compiler/bin/../lib/gcc/arm-none-eabi/7.3.1/../../../../arm-none-eabi/lib/thumb/v7-m\libm.a
START GROUP
LOAD c:/program files/ac6/systemworkbench/plugins/fr.ac6.mcu.externaltools.arm-none.win32_1.17.0.201812190825/tools/compiler/bin/../lib/gcc/arm-none-eabi/7.3.1/thumb/v7-m\libgcc.a
LOAD c:/program files/ac6/systemworkbench/plugins/fr.ac6.mcu.externaltools.arm-none.win32_1.17.0.201812190825/tools/compiler/bin/../lib/gcc/arm-none-eabi/7.3.1/../../../../arm-none-eabi/lib/thumb/v7-m\libc_nano.a
END GROUP
START GROUP
LOAD c:/program files/ac6/systemworkbench/plugins/fr.ac6.mcu.externaltools.arm-none.win32_1.17.0.201812190825/tools/compiler/bin/../lib/gcc/arm-none-eabi/7.3.1/thumb/v7-m\libgcc.a
LOAD c:/program files/ac6/systemworkbench/plugins/fr.ac6.mcu.externaltools.arm-none.win32_1.17.0.201812190825/tools/compiler/bin/../lib/gcc/arm-none-eabi/7.3.1/../../../../arm-none-eabi/lib/thumb/v7-m\libc_nano.a
LOAD c:/program files/ac6/systemworkbench/plugins/fr.ac6.mcu.externaltools.arm-none.win32_1.17.0.201812190825/tools/compiler/bin/../lib/gcc/arm-none-eabi/7.3.1/../../../../arm-none-eabi/lib/thumb/v7-m\libnosys.a
END GROUP
START GROUP
LOAD c:/program files/ac6/systemworkbench/plugins/fr.ac6.mcu.externaltools.arm-none.win32_1.17.0.201812190825/tools/compiler/bin/../lib/gcc/arm-none-eabi/7.3.1/thumb/v7-m\libgcc.a
LOAD c:/program files/ac6/systemworkbench/plugins/fr.ac6.mcu.externaltools.arm-none.win32_1.17.0.201812190825/tools/compiler/bin/../lib/gcc/arm-none-eabi/7.3.1/../../../../arm-none-eabi/lib/thumb/v7-m\libc_nano.a
LOAD c:/program files/ac6/systemworkbench/plugins/fr.ac6.mcu.externaltools.arm-none.win32_1.17.0.201812190825/tools/compiler/bin/../lib/gcc/arm-none-eabi/7.3.1/../../../../arm-none-eabi/lib/thumb/v7-m\libnosys.a
END GROUP
LOAD c:/program files/ac6/systemworkbench/plugins/fr.ac6.mcu.externaltools.arm-none.win32_1.17.0.201812190825/tools/compiler/bin/../lib/gcc/arm-none-eabi/7.3.1/thumb/v7-m/crtend.o
LOAD c:/program files/ac6/systemworkbench/plugins/fr.ac6.mcu.externaltools.arm-none.win32_1.17.0.201812190825/tools/compiler/bin/../lib/gcc/arm-none-eabi/7.3.1/thumb/v7-m/crtn.o
                0x20005000                _estack = 0x20005000
                0x00000200                _Min_Heap_Size = 0x200
                0x00000400                _Min_Stack_Size = 0x400

.isr_vector     0x08000000      0x10c
                0x08000000                . = ALIGN (0x4)
 *(.isr_vector)
 .isr_vector    0x08000000      0x10c startup/startup_stm32f103xb.o
                0x08000000                g_pfnVectors
                0x0800010c                . = ALIGN (0x4)

.text           0x08000110     0x6cc0
                0x08000110                . = ALIGN (0x4)
 *(.text)
 .text          0x08000110       0x40 c:/program files/ac6/systemworkbench/plugins/fr.ac6.mcu.externaltools.arm-none.win32_1.17.0.201812190825/tools/compiler/bin/../lib/gcc/arm-none-eabi/7.3.1/thumb/v7-m/crtbegin.o
 .text          0x08000150      0x378 c:/program files/ac6/systemworkbench/plugins/fr.ac6.mcu.externaltools.arm-none.win32_1.17.0.201812190825/tools/compiler/bin/../lib/gcc/arm-none-eabi/7.3.1/thumb/v7-m\libgcc.a(_arm_addsubdf3.o)
                0x08000150                __aeabi_drsub
                0x08000158                __aeabi_dsub
                0x08000158                __subdf3
                0x0800015c                __aeabi_dadd
                0x0800015c                __adddf3
                0x080003d4                __floatunsidf
                0x080003d4                __aeabi_ui2d
                0x080003f4                __floatsidf
                0x080003f4                __aeabi_i2d
                0x08000418                __aeabi_f2d
                0x08000418                __extendsfdf2
                0x0800045c                __floatundidf
                0x0800045c                __aeabi_ul2d
                0x0800046c                __floatdidf
                0x0800046c                __aeabi_l2d
 .text          0x080004c8      0x424 c:/program files/ac6/systemworkbench/plugins/fr.ac6.mcu.externaltools.arm-none.win32_1.17.0.201812190825/tools/compiler/bin/../lib/gcc/arm-none-eabi/7.3.1/thumb/v7-m\libgcc.a(_arm_muldivdf3.o)
                0x080004c8                __aeabi_dmul
                0x080004c8                __muldf3
                0x0800071c                __divdf3
                0x0800071c                __aeabi_ddiv
 .text          0x080008ec       0x40 c:/program files/ac6/systemworkbench/plugins/fr.ac6.mcu.externaltools.arm-none.win32_1.17.0.201812190825/tools/compiler/bin/../lib/gcc/arm-none-eabi/7.3.1/thumb/v7-m\libgcc.a(_arm_fixunsdfsi.o)
                0x080008ec                __aeabi_d2uiz
                0x080008ec                __fixunsdfsi
 .text          0x0800092c       0xa0 c:/program files/ac6/systemworkbench/plugins/fr.ac6.mcu.externaltools.arm-none.win32_1.17.0.201812190825/tools/compiler/bin/../lib/gcc/arm-none-eabi/7.3.1/thumb/v7-m\libgcc.a(_arm_truncdfsf2.o)
                0x0800092c                __truncdfsf2
                0x0800092c                __aeabi_d2f
 .text          0x080009cc      0x21c c:/program files/ac6/systemworkbench/plugins/fr.ac6.mcu.externaltools.arm-none.win32_1.17.0.201812190825/tools/compiler/bin/../lib/gcc/arm-none-eabi/7.3.1/thumb/v7-m\libgcc.a(_arm_addsubsf3.o)
                0x080009cc                __aeabi_frsub
                0x080009d4                __subsf3
                0x080009d4                __aeabi_fsub
                0x080009d8                __aeabi_fadd
                0x080009d8                __addsf3
                0x08000b38                __aeabi_ui2f
                0x08000b38                __floatunsisf
                0x08000b40                __aeabi_i2f
                0x08000b40                __floatsisf
                0x08000b5c                __aeabi_ul2f
                0x08000b5c                __floatundisf
                0x08000b6c                __aeabi_l2f
                0x08000b6c                __floatdisf
 .text          0x08000be8      0x2a0 c:/program files/ac6/systemworkbench/plugins/fr.ac6.mcu.externaltools.arm-none.win32_1.17.0.201812190825/tools/compiler/bin/../lib/gcc/arm-none-eabi/7.3.1/thumb/v7-m\libgcc.a(_arm_muldivsf3.o)
                0x08000be8                __mulsf3
                0x08000be8                __aeabi_fmul
                0x08000d50                __aeabi_fdiv
                0x08000d50                __divsf3
 .text          0x08000e88       0xec c:/program files/ac6/systemworkbench/plugins/fr.ac6.mcu.externaltools.arm-none.win32_1.17.0.201812190825/tools/compiler/bin/../lib/gcc/arm-none-eabi/7.3.1/thumb/v7-m\libgcc.a(_arm_cmpsf2.o)
                0x08000e88                __gesf2
                0x08000e88                __gtsf2
                0x08000e90                __lesf2
                0x08000e90                __ltsf2
                0x08000e98                __nesf2
                0x08000e98                __eqsf2
                0x08000e98                __cmpsf2
                0x08000ef8                __aeabi_cfrcmple
                0x08000f00                __aeabi_cfcmpeq
                0x08000f00                __aeabi_cfcmple
                0x08000f10                __aeabi_fcmpeq
                0x08000f24                __aeabi_fcmplt
                0x08000f38                __aeabi_fcmple
                0x08000f4c                __aeabi_fcmpge
                0x08000f60                __aeabi_fcmpgt
 .text          0x08000f74       0x4c c:/program files/ac6/systemworkbench/plugins/fr.ac6.mcu.externaltools.arm-none.win32_1.17.0.201812190825/tools/compiler/bin/../lib/gcc/arm-none-eabi/7.3.1/thumb/v7-m\libgcc.a(_arm_fixsfsi.o)
                0x08000f74                __aeabi_f2iz
                0x08000f74                __fixsfsi
 *(.text*)
 .text.EE_VerifyPageFullyErased
                0x08000fc0       0x24 Core/Src/eeprom.o
 .text.EE_FindValidPage
                0x08000fe4       0x50 Core/Src/eeprom.o
 .text.EE_VerifyPageFullWriteVariable
                0x08001034       0x5c Core/Src/eeprom.o
 .text.EE_Format
                0x08001090       0x5c Core/Src/eeprom.o
 .text.EE_ReadVariable
                0x080010ec       0x44 Core/Src/eeprom.o
                0x080010ec                EE_ReadVariable
 .text.EE_Init  0x08001130      0x260 Core/Src/eeprom.o
                0x08001130                EE_Init
 .text.EE_PageTransfer
                0x08001390       0xc8 Core/Src/eeprom.o
 .text.EE_WriteVariable
                0x08001458       0x1a Core/Src/eeprom.o
                0x08001458                EE_WriteVariable
 *fill*         0x08001472        0x2 
 .text.MX_GPIO_Init
                0x08001474       0xd4 Core/Src/main.o
 .text.StartWiFiTask
                0x08001548        0xa Core/Src/main.o
                0x08001548                StartWiFiTask
 *fill*         0x08001552        0x2 
 .text.StartDisplayTask
                0x08001554      0x3a4 Core/Src/main.o
                0x08001554                StartDisplayTask
 .text.StartButtonsTask
                0x080018f8       0x84 Core/Src/main.o
                0x080018f8                StartButtonsTask
 .text.HAL_TIM_PeriodElapsedCallback
                0x0800197c       0x18 Core/Src/main.o
                0x0800197c                HAL_TIM_PeriodElapsedCallback
 .text.Error_Handler
                0x08001994        0x4 Core/Src/main.o
                0x08001994                Error_Handler
 .text.MX_ADC1_Init
                0x08001998       0x54 Core/Src/main.o
 .text.MX_TIM1_Init
                0x080019ec       0x70 Core/Src/main.o
 .text.MX_USART1_UART_Init
                0x08001a5c       0x34 Core/Src/main.o
 .text.MX_I2C1_Init
                0x08001a90       0x38 Core/Src/main.o
 .text.SystemClock_Config
                0x08001ac8       0x6e Core/Src/main.o
                0x08001ac8                SystemClock_Config
 *fill*         0x08001b36        0x2 
 .text.main     0x08001b38       0xa4 Core/Src/main.o
                0x08001b38                main
 .text.ADC_ConfigChannel
                0x08001bdc       0x28 Core/Src/main.o
 *fill*         0x08001c04        0x4 
 .text.LDR_GetResistence
                0x08001c08       0xa4 Core/Src/main.o
 .text.StartAeratorsTask
                0x08001cac      0x1a8 Core/Src/main.o
                0x08001cac                StartAeratorsTask
 .text.SSD1306_ToggleOpposed
                0x08001e54       0x2c Core/Src/ssd1306.o
                0x08001e54                SSD1306_ToggleOpposed
 .text.SSD1306_Fill
                0x08001e80       0x1c Core/Src/ssd1306.o
                0x08001e80                SSD1306_Fill
 .text.SSD1306_DrawPixel
                0x08001e9c       0x64 Core/Src/ssd1306.o
                0x08001e9c                SSD1306_DrawPixel
 .text.SSD1306_GotoXY
                0x08001f00        0xc Core/Src/ssd1306.o
                0x08001f00                SSD1306_GotoXY
 .text.SSD1306_Putc
                0x08001f0c       0x9c Core/Src/ssd1306.o
                0x08001f0c                SSD1306_Putc
 .text.SSD1306_Puts
                0x08001fa8       0x24 Core/Src/ssd1306.o
                0x08001fa8                SSD1306_Puts
 .text.SSD1306_DrawLine
                0x08001fcc      0x132 Core/Src/ssd1306.o
                0x08001fcc                SSD1306_DrawLine
 .text.SSD1306_DrawRectangle
                0x080020fe       0x7e Core/Src/ssd1306.o
                0x080020fe                SSD1306_DrawRectangle
 .text.SSD1306_DrawFilledRectangle
                0x0800217c       0x5e Core/Src/ssd1306.o
                0x0800217c                SSD1306_DrawFilledRectangle
 .text.SSD1306_DrawTriangle
                0x080021da       0x42 Core/Src/ssd1306.o
                0x080021da                SSD1306_DrawTriangle
 .text.SSD1306_DrawFilledCircle
                0x0800221c      0x11e Core/Src/ssd1306.o
                0x0800221c                SSD1306_DrawFilledCircle
 *fill*         0x0800233a        0x2 
 .text.ssd1306_I2C_WriteMulti
                0x0800233c       0x38 Core/Src/ssd1306.o
                0x0800233c                ssd1306_I2C_WriteMulti
 .text.ssd1306_I2C_Write
                0x08002374       0x28 Core/Src/ssd1306.o
                0x08002374                ssd1306_I2C_Write
 .text.SSD1306_UpdateScreen
                0x0800239c       0x48 Core/Src/ssd1306.o
                0x0800239c                SSD1306_UpdateScreen
 .text.SSD1306_Init
                0x080023e4      0x168 Core/Src/ssd1306.o
                0x080023e4                SSD1306_Init
 .text.HAL_MspInit
                0x0800254c       0x54 Core/Src/stm32f1xx_hal_msp.o
                0x0800254c                HAL_MspInit
 .text.HAL_ADC_MspInit
                0x080025a0       0x60 Core/Src/stm32f1xx_hal_msp.o
                0x080025a0                HAL_ADC_MspInit
 .text.HAL_I2C_MspInit
                0x08002600       0x78 Core/Src/stm32f1xx_hal_msp.o
                0x08002600                HAL_I2C_MspInit
 .text.HAL_TIM_Base_MspInit
                0x08002678       0x50 Core/Src/stm32f1xx_hal_msp.o
                0x08002678                HAL_TIM_Base_MspInit
 .text.HAL_UART_MspInit
                0x080026c8       0x78 Core/Src/stm32f1xx_hal_msp.o
                0x080026c8                HAL_UART_MspInit
 .text.HAL_InitTick
                0x08002740       0x78 Core/Src/stm32f1xx_hal_timebase_tim.o
                0x08002740                HAL_InitTick
 .text.NMI_Handler
                0x080027b8        0x2 Core/Src/stm32f1xx_it.o
                0x080027b8                NMI_Handler
 .text.HardFault_Handler
                0x080027ba        0x2 Core/Src/stm32f1xx_it.o
                0x080027ba                HardFault_Handler
 .text.MemManage_Handler
                0x080027bc        0x2 Core/Src/stm32f1xx_it.o
                0x080027bc                MemManage_Handler
 .text.BusFault_Handler
                0x080027be        0x2 Core/Src/stm32f1xx_it.o
                0x080027be                BusFault_Handler
 .text.UsageFault_Handler
                0x080027c0        0x2 Core/Src/stm32f1xx_it.o
                0x080027c0                UsageFault_Handler
 .text.DebugMon_Handler
                0x080027c2        0x2 Core/Src/stm32f1xx_it.o
                0x080027c2                DebugMon_Handler
 .text.TIM1_BRK_IRQHandler
                0x080027c4       0x10 Core/Src/stm32f1xx_it.o
                0x080027c4                TIM1_BRK_IRQHandler
 .text.TIM1_UP_IRQHandler
                0x080027d4       0x10 Core/Src/stm32f1xx_it.o
                0x080027d4                TIM1_UP_IRQHandler
 .text.TIM4_IRQHandler
                0x080027e4       0x10 Core/Src/stm32f1xx_it.o
                0x080027e4                TIM4_IRQHandler
 .text._sbrk    0x080027f4       0x3c Core/Src/syscalls.o
                0x080027f4                _sbrk
 .text.SystemInit
                0x08002830        0x2 Drivers/CMSIS/Device/ST/STM32F1xx/Source/Templates/system_stm32f1xx.o
                0x08002830                SystemInit
 *fill*         0x08002832        0x2 
 .text.HAL_Init
                0x08002834       0x24 Drivers/STM32F1xx_HAL_Driver/Src/stm32f1xx_hal.o
                0x08002834                HAL_Init
 .text.HAL_IncTick
                0x08002858       0x18 Drivers/STM32F1xx_HAL_Driver/Src/stm32f1xx_hal.o
                0x08002858                HAL_IncTick
 .text.HAL_GetTick
                0x08002870        0xc Drivers/STM32F1xx_HAL_Driver/Src/stm32f1xx_hal.o
                0x08002870                HAL_GetTick
 .text.HAL_Delay
                0x0800287c       0x28 Drivers/STM32F1xx_HAL_Driver/Src/stm32f1xx_hal.o
                0x0800287c                HAL_Delay
 .text.HAL_ADC_PollForConversion
                0x080028a4      0x170 Drivers/STM32F1xx_HAL_Driver/Src/stm32f1xx_hal_adc.o
                0x080028a4                HAL_ADC_PollForConversion
 .text.HAL_ADC_GetValue
                0x08002a14        0x6 Drivers/STM32F1xx_HAL_Driver/Src/stm32f1xx_hal_adc.o
                0x08002a14                HAL_ADC_GetValue
 *fill*         0x08002a1a        0x2 
 .text.HAL_ADC_ConfigChannel
                0x08002a1c      0x138 Drivers/STM32F1xx_HAL_Driver/Src/stm32f1xx_hal_adc.o
                0x08002a1c                HAL_ADC_ConfigChannel
 .text.HAL_ADC_GetState
                0x08002b54        0x4 Drivers/STM32F1xx_HAL_Driver/Src/stm32f1xx_hal_adc.o
                0x08002b54                HAL_ADC_GetState
 .text.ADC_Enable
                0x08002b58       0x80 Drivers/STM32F1xx_HAL_Driver/Src/stm32f1xx_hal_adc.o
                0x08002b58                ADC_Enable
 .text.HAL_ADC_Start
                0x08002bd8       0xec Drivers/STM32F1xx_HAL_Driver/Src/stm32f1xx_hal_adc.o
                0x08002bd8                HAL_ADC_Start
 .text.ADC_ConversionStop_Disable
                0x08002cc4       0x4c Drivers/STM32F1xx_HAL_Driver/Src/stm32f1xx_hal_adc.o
                0x08002cc4                ADC_ConversionStop_Disable
 .text.HAL_ADC_Init
                0x08002d10      0x110 Drivers/STM32F1xx_HAL_Driver/Src/stm32f1xx_hal_adc.o
                0x08002d10                HAL_ADC_Init
 .text.HAL_ADC_Stop
                0x08002e20       0x3a Drivers/STM32F1xx_HAL_Driver/Src/stm32f1xx_hal_adc.o
                0x08002e20                HAL_ADC_Stop
 *fill*         0x08002e5a        0x2 
 .text.HAL_NVIC_SetPriorityGrouping
                0x08002e5c       0x24 Drivers/STM32F1xx_HAL_Driver/Src/stm32f1xx_hal_cortex.o
                0x08002e5c                HAL_NVIC_SetPriorityGrouping
 .text.HAL_NVIC_SetPriority
                0x08002e80       0x68 Drivers/STM32F1xx_HAL_Driver/Src/stm32f1xx_hal_cortex.o
                0x08002e80                HAL_NVIC_SetPriority
 .text.HAL_NVIC_EnableIRQ
                0x08002ee8       0x1c Drivers/STM32F1xx_HAL_Driver/Src/stm32f1xx_hal_cortex.o
                0x08002ee8                HAL_NVIC_EnableIRQ
 .text.FLASH_Program_HalfWord
                0x08002f04       0x1c Drivers/STM32F1xx_HAL_Driver/Src/stm32f1xx_hal_flash.o
 .text.FLASH_SetErrorCode
                0x08002f20       0x74 Drivers/STM32F1xx_HAL_Driver/Src/stm32f1xx_hal_flash.o
 .text.HAL_FLASH_Unlock
                0x08002f94       0x34 Drivers/STM32F1xx_HAL_Driver/Src/stm32f1xx_hal_flash.o
                0x08002f94                HAL_FLASH_Unlock
 .text.FLASH_WaitForLastOperation
                0x08002fc8       0x6c Drivers/STM32F1xx_HAL_Driver/Src/stm32f1xx_hal_flash.o
                0x08002fc8                FLASH_WaitForLastOperation
 .text.HAL_FLASH_Program
                0x08003034       0x9c Drivers/STM32F1xx_HAL_Driver/Src/stm32f1xx_hal_flash.o
                0x08003034                HAL_FLASH_Program
 .text.FLASH_MassErase
                0x080030d0       0x24 Drivers/STM32F1xx_HAL_Driver/Src/stm32f1xx_hal_flash_ex.o
 .text.FLASH_PageErase
                0x080030f4       0x24 Drivers/STM32F1xx_HAL_Driver/Src/stm32f1xx_hal_flash_ex.o
                0x080030f4                FLASH_PageErase
 .text.HAL_FLASHEx_Erase
                0x08003118       0xa4 Drivers/STM32F1xx_HAL_Driver/Src/stm32f1xx_hal_flash_ex.o
                0x08003118                HAL_FLASHEx_Erase
 .text.HAL_GPIO_Init
                0x080031bc      0x1d8 Drivers/STM32F1xx_HAL_Driver/Src/stm32f1xx_hal_gpio.o
                0x080031bc                HAL_GPIO_Init
 .text.HAL_GPIO_ReadPin
                0x08003394        0xe Drivers/STM32F1xx_HAL_Driver/Src/stm32f1xx_hal_gpio.o
                0x08003394                HAL_GPIO_ReadPin
 .text.HAL_GPIO_WritePin
                0x080033a2        0xc Drivers/STM32F1xx_HAL_Driver/Src/stm32f1xx_hal_gpio.o
                0x080033a2                HAL_GPIO_WritePin
 .text.I2C_IsAcknowledgeFailed
                0x080033ae       0x32 Drivers/STM32F1xx_HAL_Driver/Src/stm32f1xx_hal_i2c.o
 .text.I2C_WaitOnFlagUntilTimeout
                0x080033e0       0x70 Drivers/STM32F1xx_HAL_Driver/Src/stm32f1xx_hal_i2c.o
 .text.I2C_WaitOnMasterAddressFlagUntilTimeout
                0x08003450       0xa4 Drivers/STM32F1xx_HAL_Driver/Src/stm32f1xx_hal_i2c.o
 .text.I2C_MasterRequestWrite
                0x080034f4       0xbc Drivers/STM32F1xx_HAL_Driver/Src/stm32f1xx_hal_i2c.o
 .text.I2C_WaitOnTXEFlagUntilTimeout
                0x080035b0       0x54 Drivers/STM32F1xx_HAL_Driver/Src/stm32f1xx_hal_i2c.o
 .text.I2C_WaitOnBTFFlagUntilTimeout
                0x08003604       0x54 Drivers/STM32F1xx_HAL_Driver/Src/stm32f1xx_hal_i2c.o
 .text.HAL_I2C_Init
                0x08003658      0x1b4 Drivers/STM32F1xx_HAL_Driver/Src/stm32f1xx_hal_i2c.o
                0x08003658                HAL_I2C_Init
 .text.HAL_I2C_Master_Transmit
                0x0800380c      0x174 Drivers/STM32F1xx_HAL_Driver/Src/stm32f1xx_hal_i2c.o
                0x0800380c                HAL_I2C_Master_Transmit
 .text.HAL_I2C_IsDeviceReady
                0x08003980      0x198 Drivers/STM32F1xx_HAL_Driver/Src/stm32f1xx_hal_i2c.o
                0x08003980                HAL_I2C_IsDeviceReady
 .text.RCC_Delay
                0x08003b18       0x2c Drivers/STM32F1xx_HAL_Driver/Src/stm32f1xx_hal_rcc.o
 .text.HAL_RCC_OscConfig
                0x08003b44      0x410 Drivers/STM32F1xx_HAL_Driver/Src/stm32f1xx_hal_rcc.o
                0x08003b44                HAL_RCC_OscConfig
 .text.HAL_RCC_GetSysClockFreq
                0x08003f54       0x70 Drivers/STM32F1xx_HAL_Driver/Src/stm32f1xx_hal_rcc.o
                0x08003f54                HAL_RCC_GetSysClockFreq
 .text.HAL_RCC_ClockConfig
                0x08003fc4      0x168 Drivers/STM32F1xx_HAL_Driver/Src/stm32f1xx_hal_rcc.o
                0x08003fc4                HAL_RCC_ClockConfig
 .text.HAL_RCC_GetHCLKFreq
                0x0800412c        0xc Drivers/STM32F1xx_HAL_Driver/Src/stm32f1xx_hal_rcc.o
                0x0800412c                HAL_RCC_GetHCLKFreq
 .text.HAL_RCC_GetPCLK1Freq
                0x08004138       0x20 Drivers/STM32F1xx_HAL_Driver/Src/stm32f1xx_hal_rcc.o
                0x08004138                HAL_RCC_GetPCLK1Freq
 .text.HAL_RCC_GetPCLK2Freq
                0x08004158       0x20 Drivers/STM32F1xx_HAL_Driver/Src/stm32f1xx_hal_rcc.o
                0x08004158                HAL_RCC_GetPCLK2Freq
 .text.HAL_RCC_GetClockConfig
                0x08004178       0x3c Drivers/STM32F1xx_HAL_Driver/Src/stm32f1xx_hal_rcc.o
                0x08004178                HAL_RCC_GetClockConfig
 .text.HAL_RCCEx_PeriphCLKConfig
                0x080041b4      0x114 Drivers/STM32F1xx_HAL_Driver/Src/stm32f1xx_hal_rcc_ex.o
                0x080041b4                HAL_RCCEx_PeriphCLKConfig
 .text.HAL_RCCEx_GetPeriphCLKFreq
                0x080042c8       0xfc Drivers/STM32F1xx_HAL_Driver/Src/stm32f1xx_hal_rcc_ex.o
                0x080042c8                HAL_RCCEx_GetPeriphCLKFreq
 .text.TIM_TI1_ConfigInputStage
                0x080043c4       0x24 Drivers/STM32F1xx_HAL_Driver/Src/stm32f1xx_hal_tim.o
 .text.TIM_TI2_ConfigInputStage
                0x080043e8       0x26 Drivers/STM32F1xx_HAL_Driver/Src/stm32f1xx_hal_tim.o
 .text.TIM_ITRx_SetConfig
                0x0800440e       0x10 Drivers/STM32F1xx_HAL_Driver/Src/stm32f1xx_hal_tim.o
 *fill*         0x0800441e        0x2 
 .text.HAL_TIM_Base_Start_IT
                0x08004420       0x68 Drivers/STM32F1xx_HAL_Driver/Src/stm32f1xx_hal_tim.o
                0x08004420                HAL_TIM_Base_Start_IT
 .text.HAL_TIM_OC_DelayElapsedCallback
                0x08004488        0x2 Drivers/STM32F1xx_HAL_Driver/Src/stm32f1xx_hal_tim.o
                0x08004488                HAL_TIM_OC_DelayElapsedCallback
 .text.HAL_TIM_IC_CaptureCallback
                0x0800448a        0x2 Drivers/STM32F1xx_HAL_Driver/Src/stm32f1xx_hal_tim.o
                0x0800448a                HAL_TIM_IC_CaptureCallback
 .text.HAL_TIM_PWM_PulseFinishedCallback
                0x0800448c        0x2 Drivers/STM32F1xx_HAL_Driver/Src/stm32f1xx_hal_tim.o
                0x0800448c                HAL_TIM_PWM_PulseFinishedCallback
 .text.HAL_TIM_TriggerCallback
                0x0800448e        0x2 Drivers/STM32F1xx_HAL_Driver/Src/stm32f1xx_hal_tim.o
                0x0800448e                HAL_TIM_TriggerCallback
 .text.HAL_TIM_IRQHandler
                0x08004490      0x17a Drivers/STM32F1xx_HAL_Driver/Src/stm32f1xx_hal_tim.o
                0x08004490                HAL_TIM_IRQHandler
 *fill*         0x0800460a        0x2 
 .text.TIM_Base_SetConfig
                0x0800460c       0x74 Drivers/STM32F1xx_HAL_Driver/Src/stm32f1xx_hal_tim.o
                0x0800460c                TIM_Base_SetConfig
 .text.HAL_TIM_Base_Init
                0x08004680       0x56 Drivers/STM32F1xx_HAL_Driver/Src/stm32f1xx_hal_tim.o
                0x08004680                HAL_TIM_Base_Init
 .text.TIM_ETR_SetConfig
                0x080046d6       0x16 Drivers/STM32F1xx_HAL_Driver/Src/stm32f1xx_hal_tim.o
                0x080046d6                TIM_ETR_SetConfig
 .text.HAL_TIM_ConfigClockSource
                0x080046ec       0xda Drivers/STM32F1xx_HAL_Driver/Src/stm32f1xx_hal_tim.o
                0x080046ec                HAL_TIM_ConfigClockSource
 *fill*         0x080047c6        0x2 
 .text.HAL_TIMEx_MasterConfigSynchronization
                0x080047c8       0x68 Drivers/STM32F1xx_HAL_Driver/Src/stm32f1xx_hal_tim_ex.o
                0x080047c8                HAL_TIMEx_MasterConfigSynchronization
 .text.HAL_TIMEx_CommutCallback
                0x08004830        0x2 Drivers/STM32F1xx_HAL_Driver/Src/stm32f1xx_hal_tim_ex.o
                0x08004830                HAL_TIMEx_CommutCallback
 .text.HAL_TIMEx_BreakCallback
                0x08004832        0x2 Drivers/STM32F1xx_HAL_Driver/Src/stm32f1xx_hal_tim_ex.o
                0x08004832                HAL_TIMEx_BreakCallback
 .text.UART_SetConfig
                0x08004834       0x90 Drivers/STM32F1xx_HAL_Driver/Src/stm32f1xx_hal_uart.o
 .text.HAL_UART_Init
                0x080048c4       0x5e Drivers/STM32F1xx_HAL_Driver/Src/stm32f1xx_hal_uart.o
                0x080048c4                HAL_UART_Init
 *fill*         0x08004922        0x2 
 .text.osKernelInitialize
                0x08004924       0x44 Middlewares/Third_Party/FreeRTOS/Source/CMSIS_RTOS_V2/cmsis_os2.o
                0x08004924                osKernelInitialize
 .text.osKernelStart
                0x08004968       0x4c Middlewares/Third_Party/FreeRTOS/Source/CMSIS_RTOS_V2/cmsis_os2.o
                0x08004968                osKernelStart
 .text.osThreadNew
                0x080049b4       0xe8 Middlewares/Third_Party/FreeRTOS/Source/CMSIS_RTOS_V2/cmsis_os2.o
                0x080049b4                osThreadNew
 .text.osDelay  0x08004a9c       0x44 Middlewares/Third_Party/FreeRTOS/Source/CMSIS_RTOS_V2/cmsis_os2.o
                0x08004a9c                osDelay
 .text.vApplicationGetIdleTaskMemory
                0x08004ae0       0x18 Middlewares/Third_Party/FreeRTOS/Source/CMSIS_RTOS_V2/cmsis_os2.o
                0x08004ae0                vApplicationGetIdleTaskMemory
 .text.vApplicationGetTimerTaskMemory
                0x08004af8       0x20 Middlewares/Third_Party/FreeRTOS/Source/CMSIS_RTOS_V2/cmsis_os2.o
                0x08004af8                vApplicationGetTimerTaskMemory
 .text.vListInitialise
                0x08004b18       0x16 Middlewares/Third_Party/FreeRTOS/Source/list.o
                0x08004b18                vListInitialise
 .text.vListInitialiseItem
                0x08004b2e        0x6 Middlewares/Third_Party/FreeRTOS/Source/list.o
                0x08004b2e                vListInitialiseItem
 .text.vListInsertEnd
                0x08004b34       0x18 Middlewares/Third_Party/FreeRTOS/Source/list.o
                0x08004b34                vListInsertEnd
 .text.vListInsert
                0x08004b4c       0x34 Middlewares/Third_Party/FreeRTOS/Source/list.o
                0x08004b4c                vListInsert
 .text.uxListRemove
                0x08004b80       0x28 Middlewares/Third_Party/FreeRTOS/Source/list.o
                0x08004b80                uxListRemove
 .text.prvIsQueueFull
                0x08004ba8       0x1e Middlewares/Third_Party/FreeRTOS/Source/queue.o
 .text.prvIsQueueEmpty
                0x08004bc6       0x1a Middlewares/Third_Party/FreeRTOS/Source/queue.o
 .text.prvCopyDataToQueue
                0x08004be0       0x76 Middlewares/Third_Party/FreeRTOS/Source/queue.o
 .text.prvCopyDataFromQueue
                0x08004c56       0x24 Middlewares/Third_Party/FreeRTOS/Source/queue.o
 .text.prvUnlockQueue
                0x08004c7a       0x6e Middlewares/Third_Party/FreeRTOS/Source/queue.o
 .text.xQueueGenericReset
                0x08004ce8       0x84 Middlewares/Third_Party/FreeRTOS/Source/queue.o
                0x08004ce8                xQueueGenericReset
 .text.prvInitialiseNewQueue
                0x08004d6c       0x22 Middlewares/Third_Party/FreeRTOS/Source/queue.o
 .text.xQueueGenericCreateStatic
                0x08004d8e       0x90 Middlewares/Third_Party/FreeRTOS/Source/queue.o
                0x08004d8e                xQueueGenericCreateStatic
 *fill*         0x08004e1e        0x2 
 .text.xQueueGenericSend
                0x08004e20      0x17c Middlewares/Third_Party/FreeRTOS/Source/queue.o
                0x08004e20                xQueueGenericSend
 .text.xQueueGenericSendFromISR
                0x08004f9c       0xcc Middlewares/Third_Party/FreeRTOS/Source/queue.o
                0x08004f9c                xQueueGenericSendFromISR
 .text.xQueueReceive
                0x08005068      0x158 Middlewares/Third_Party/FreeRTOS/Source/queue.o
                0x08005068                xQueueReceive
 .text.vQueueAddToRegistry
                0x080051c0       0x28 Middlewares/Third_Party/FreeRTOS/Source/queue.o
                0x080051c0                vQueueAddToRegistry
 .text.vQueueWaitForMessageRestricted
                0x080051e8       0x52 Middlewares/Third_Party/FreeRTOS/Source/queue.o
                0x080051e8                vQueueWaitForMessageRestricted
 *fill*         0x0800523a        0x2 
 .text.prvResetNextTaskUnblockTime
                0x0800523c       0x24 Middlewares/Third_Party/FreeRTOS/Source/tasks.o
 .text.prvInitialiseNewTask
                0x08005260       0x90 Middlewares/Third_Party/FreeRTOS/Source/tasks.o
 .text.prvInitialiseTaskLists
                0x080052f0       0x58 Middlewares/Third_Party/FreeRTOS/Source/tasks.o
 .text.prvAddNewTaskToReadyList
                0x08005348       0xb0 Middlewares/Third_Party/FreeRTOS/Source/tasks.o
 .text.prvDeleteTCB
                0x080053f8       0x38 Middlewares/Third_Party/FreeRTOS/Source/tasks.o
 .text.prvCheckTasksWaitingTermination
                0x08005430       0x44 Middlewares/Third_Party/FreeRTOS/Source/tasks.o
 .text.prvIdleTask
                0x08005474       0x28 Middlewares/Third_Party/FreeRTOS/Source/tasks.o
 .text.prvAddCurrentTaskToDelayedList
                0x0800549c       0x6c Middlewares/Third_Party/FreeRTOS/Source/tasks.o
 .text.xTaskCreateStatic
                0x08005508       0x72 Middlewares/Third_Party/FreeRTOS/Source/tasks.o
                0x08005508                xTaskCreateStatic
 .text.xTaskCreate
                0x0800557a       0x66 Middlewares/Third_Party/FreeRTOS/Source/tasks.o
                0x0800557a                xTaskCreate
 .text.vTaskStartScheduler
                0x080055e0       0x8c Middlewares/Third_Party/FreeRTOS/Source/tasks.o
                0x080055e0                vTaskStartScheduler
 .text.vTaskSuspendAll
                0x0800566c       0x14 Middlewares/Third_Party/FreeRTOS/Source/tasks.o
                0x0800566c                vTaskSuspendAll
 .text.xTaskGetTickCount
                0x08005680        0xc Middlewares/Third_Party/FreeRTOS/Source/tasks.o
                0x08005680                xTaskGetTickCount
 .text.xTaskIncrementTick
                0x0800568c      0x10c Middlewares/Third_Party/FreeRTOS/Source/tasks.o
                0x0800568c                xTaskIncrementTick
 .text.xTaskResumeAll
                0x08005798       0xf0 Middlewares/Third_Party/FreeRTOS/Source/tasks.o
                0x08005798                xTaskResumeAll
 .text.vTaskDelay
                0x08005888       0x4c Middlewares/Third_Party/FreeRTOS/Source/tasks.o
                0x08005888                vTaskDelay
 .text.vTaskSwitchContext
                0x080058d4       0x90 Middlewares/Third_Party/FreeRTOS/Source/tasks.o
                0x080058d4                vTaskSwitchContext
 .text.vTaskPlaceOnEventList
                0x08005964       0x34 Middlewares/Third_Party/FreeRTOS/Source/tasks.o
                0x08005964                vTaskPlaceOnEventList
 .text.vTaskPlaceOnEventListRestricted
                0x08005998       0x3c Middlewares/Third_Party/FreeRTOS/Source/tasks.o
                0x08005998                vTaskPlaceOnEventListRestricted
 .text.xTaskRemoveFromEventList
                0x080059d4       0x88 Middlewares/Third_Party/FreeRTOS/Source/tasks.o
                0x080059d4                xTaskRemoveFromEventList
 .text.vTaskInternalSetTimeOutState
                0x08005a5c       0x14 Middlewares/Third_Party/FreeRTOS/Source/tasks.o
                0x08005a5c                vTaskInternalSetTimeOutState
 .text.xTaskCheckForTimeOut
                0x08005a70       0x80 Middlewares/Third_Party/FreeRTOS/Source/tasks.o
                0x08005a70                xTaskCheckForTimeOut
 .text.vTaskMissedYield
                0x08005af0       0x10 Middlewares/Third_Party/FreeRTOS/Source/tasks.o
                0x08005af0                vTaskMissedYield
 .text.xTaskGetSchedulerState
                0x08005b00       0x20 Middlewares/Third_Party/FreeRTOS/Source/tasks.o
                0x08005b00                xTaskGetSchedulerState
 .text.xTaskPriorityDisinherit
                0x08005b20       0x90 Middlewares/Third_Party/FreeRTOS/Source/tasks.o
                0x08005b20                xTaskPriorityDisinherit
 .text.prvGetNextExpireTime
                0x08005bb0       0x20 Middlewares/Third_Party/FreeRTOS/Source/timers.o
 .text.prvInsertTimerInActiveList
                0x08005bd0       0x44 Middlewares/Third_Party/FreeRTOS/Source/timers.o
 .text.prvCheckForValidListAndQueue
                0x08005c14       0x5c Middlewares/Third_Party/FreeRTOS/Source/timers.o
 .text.xTimerCreateTimerTask
                0x08005c70       0x64 Middlewares/Third_Party/FreeRTOS/Source/timers.o
                0x08005c70                xTimerCreateTimerTask
 .text.xTimerGenericCommand
                0x08005cd4       0x6c Middlewares/Third_Party/FreeRTOS/Source/timers.o
                0x08005cd4                xTimerGenericCommand
 .text.prvSwitchTimerLists
                0x08005d40       0x88 Middlewares/Third_Party/FreeRTOS/Source/timers.o
 .text.prvSampleTimeNow
                0x08005dc8       0x30 Middlewares/Third_Party/FreeRTOS/Source/timers.o
 .text.prvProcessExpiredTimer
                0x08005df8       0x60 Middlewares/Third_Party/FreeRTOS/Source/timers.o
 .text.prvProcessTimerOrBlockTask
                0x08005e58       0x70 Middlewares/Third_Party/FreeRTOS/Source/timers.o
 .text.prvProcessReceivedCommands
                0x08005ec8       0xfc Middlewares/Third_Party/FreeRTOS/Source/timers.o
 .text.prvTimerTask
                0x08005fc4       0x16 Middlewares/Third_Party/FreeRTOS/Source/timers.o
 *fill*         0x08005fda        0x2 
 .text.prvTaskExitError
                0x08005fdc       0x40 Middlewares/Third_Party/FreeRTOS/Source/portable/GCC/ARM_CM3/port.o
 .text.prvPortStartFirstTask
                0x0800601c       0x20 Middlewares/Third_Party/FreeRTOS/Source/portable/GCC/ARM_CM3/port.o
 .text.pxPortInitialiseStack
                0x0800603c       0x24 Middlewares/Third_Party/FreeRTOS/Source/portable/GCC/ARM_CM3/port.o
                0x0800603c                pxPortInitialiseStack
 .text.SVC_Handler
                0x08006060       0x24 Middlewares/Third_Party/FreeRTOS/Source/portable/GCC/ARM_CM3/port.o
                0x08006060                SVC_Handler
 .text.vPortEnterCritical
                0x08006084       0x44 Middlewares/Third_Party/FreeRTOS/Source/portable/GCC/ARM_CM3/port.o
                0x08006084                vPortEnterCritical
 .text.vPortExitCritical
                0x080060c8       0x2c Middlewares/Third_Party/FreeRTOS/Source/portable/GCC/ARM_CM3/port.o
                0x080060c8                vPortExitCritical
 *fill*         0x080060f4        0xc 
 .text.PendSV_Handler
                0x08006100       0x44 Middlewares/Third_Party/FreeRTOS/Source/portable/GCC/ARM_CM3/port.o
                0x08006100                PendSV_Handler
 .text.SysTick_Handler
                0x08006144       0x2c Middlewares/Third_Party/FreeRTOS/Source/portable/GCC/ARM_CM3/port.o
                0x08006144                SysTick_Handler
 .text.vPortSetupTimerInterrupt
                0x08006170       0x38 Middlewares/Third_Party/FreeRTOS/Source/portable/GCC/ARM_CM3/port.o
                0x08006170                vPortSetupTimerInterrupt
 .text.xPortStartScheduler
                0x080061a8       0xb4 Middlewares/Third_Party/FreeRTOS/Source/portable/GCC/ARM_CM3/port.o
                0x080061a8                xPortStartScheduler
 .text.vPortValidateInterruptPriority
                0x0800625c       0x58 Middlewares/Third_Party/FreeRTOS/Source/portable/GCC/ARM_CM3/port.o
                0x0800625c                vPortValidateInterruptPriority
 .text.prvHeapInit
                0x080062b4       0x58 Middlewares/Third_Party/FreeRTOS/Source/portable/MemMang/heap_4.o
 .text.prvInsertBlockIntoFreeList
                0x0800630c       0x58 Middlewares/Third_Party/FreeRTOS/Source/portable/MemMang/heap_4.o
 .text.pvPortMalloc
                0x08006364      0x10c Middlewares/Third_Party/FreeRTOS/Source/portable/MemMang/heap_4.o
                0x08006364                pvPortMalloc
 .text.vPortFree
                0x08006470       0x70 Middlewares/Third_Party/FreeRTOS/Source/portable/MemMang/heap_4.o
                0x08006470                vPortFree
 .text.Reset_Handler
                0x080064e0       0x48 startup/startup_stm32f103xb.o
                0x080064e0                Reset_Handler
 .text.Default_Handler
                0x08006528        0x2 startup/startup_stm32f103xb.o
                0x08006528                RTC_Alarm_IRQHandler
                0x08006528                EXTI2_IRQHandler
                0x08006528                TIM1_CC_IRQHandler
                0x08006528                PVD_IRQHandler
                0x08006528                EXTI3_IRQHandler
                0x08006528                EXTI0_IRQHandler
                0x08006528                I2C2_EV_IRQHandler
                0x08006528                ADC1_2_IRQHandler
                0x08006528                SPI1_IRQHandler
                0x08006528                TAMPER_IRQHandler
                0x08006528                DMA1_Channel4_IRQHandler
                0x08006528                USART3_IRQHandler
                0x08006528                RTC_IRQHandler
                0x08006528                DMA1_Channel7_IRQHandler
                0x08006528                CAN1_RX1_IRQHandler
                0x08006528                I2C1_EV_IRQHandler
                0x08006528                DMA1_Channel6_IRQHandler
                0x08006528                TIM3_IRQHandler
                0x08006528                RCC_IRQHandler
                0x08006528                TIM1_TRG_COM_IRQHandler
                0x08006528                DMA1_Channel1_IRQHandler
                0x08006528                Default_Handler
                0x08006528                EXTI15_10_IRQHandler
                0x08006528                EXTI9_5_IRQHandler
                0x08006528                SPI2_IRQHandler
                0x08006528                DMA1_Channel5_IRQHandler
                0x08006528                EXTI4_IRQHandler
                0x08006528                USB_LP_CAN1_RX0_IRQHandler
                0x08006528                USB_HP_CAN1_TX_IRQHandler
                0x08006528                DMA1_Channel3_IRQHandler
                0x08006528                WWDG_IRQHandler
                0x08006528                TIM2_IRQHandler
                0x08006528                EXTI1_IRQHandler
                0x08006528                USART2_IRQHandler
                0x08006528                I2C2_ER_IRQHandler
                0x08006528                DMA1_Channel2_IRQHandler
                0x08006528                CAN1_SCE_IRQHandler
                0x08006528                FLASH_IRQHandler
                0x08006528                USART1_IRQHandler
                0x08006528                I2C1_ER_IRQHandler
                0x08006528                USBWakeUp_IRQHandler
 *fill*         0x0800652a        0x2 
 .text.__errno  0x0800652c        0xc c:/program files/ac6/systemworkbench/plugins/fr.ac6.mcu.externaltools.arm-none.win32_1.17.0.201812190825/tools/compiler/bin/../lib/gcc/arm-none-eabi/7.3.1/../../../../arm-none-eabi/lib/thumb/v7-m\libc_nano.a(lib_a-errno.o)
                0x0800652c                __errno
 .text.__libc_init_array
                0x08006538       0x48 c:/program files/ac6/systemworkbench/plugins/fr.ac6.mcu.externaltools.arm-none.win32_1.17.0.201812190825/tools/compiler/bin/../lib/gcc/arm-none-eabi/7.3.1/../../../../arm-none-eabi/lib/thumb/v7-m\libc_nano.a(lib_a-init.o)
                0x08006538                __libc_init_array
 .text.memcpy   0x08006580       0x16 c:/program files/ac6/systemworkbench/plugins/fr.ac6.mcu.externaltools.arm-none.win32_1.17.0.201812190825/tools/compiler/bin/../lib/gcc/arm-none-eabi/7.3.1/../../../../arm-none-eabi/lib/thumb/v7-m\libc_nano.a(lib_a-memcpy-stub.o)
                0x08006580                memcpy
 .text.memset   0x08006596       0x10 c:/program files/ac6/systemworkbench/plugins/fr.ac6.mcu.externaltools.arm-none.win32_1.17.0.201812190825/tools/compiler/bin/../lib/gcc/arm-none-eabi/7.3.1/../../../../arm-none-eabi/lib/thumb/v7-m\libc_nano.a(lib_a-memset.o)
                0x08006596                memset
 *fill*         0x080065a6        0x2 
 .text.sprintf  0x080065a8       0x40 c:/program files/ac6/systemworkbench/plugins/fr.ac6.mcu.externaltools.arm-none.win32_1.17.0.201812190825/tools/compiler/bin/../lib/gcc/arm-none-eabi/7.3.1/../../../../arm-none-eabi/lib/thumb/v7-m\libc_nano.a(lib_a-sprintf.o)
                0x080065a8                siprintf
                0x080065a8                sprintf
 .text.__ssputs_r
                0x080065e8       0xb4 c:/program files/ac6/systemworkbench/plugins/fr.ac6.mcu.externaltools.arm-none.win32_1.17.0.201812190825/tools/compiler/bin/../lib/gcc/arm-none-eabi/7.3.1/../../../../arm-none-eabi/lib/thumb/v7-m\libc_nano.a(lib_a-nano-svfprintf.o)
                0x080065e8                __ssputs_r
 .text._svfprintf_r
                0x0800669c      0x1f0 c:/program files/ac6/systemworkbench/plugins/fr.ac6.mcu.externaltools.arm-none.win32_1.17.0.201812190825/tools/compiler/bin/../lib/gcc/arm-none-eabi/7.3.1/../../../../arm-none-eabi/lib/thumb/v7-m\libc_nano.a(lib_a-nano-svfprintf.o)
                0x0800669c                _svfiprintf_r
                0x0800669c                _svfprintf_r
 .text._printf_common
                0x0800688c       0xec c:/program files/ac6/systemworkbench/plugins/fr.ac6.mcu.externaltools.arm-none.win32_1.17.0.201812190825/tools/compiler/bin/../lib/gcc/arm-none-eabi/7.3.1/../../../../arm-none-eabi/lib/thumb/v7-m\libc_nano.a(lib_a-nano-vfprintf_i.o)
                0x0800688c                _printf_common
 .text._printf_i
                0x08006978      0x224 c:/program files/ac6/systemworkbench/plugins/fr.ac6.mcu.externaltools.arm-none.win32_1.17.0.201812190825/tools/compiler/bin/../lib/gcc/arm-none-eabi/7.3.1/../../../../arm-none-eabi/lib/thumb/v7-m\libc_nano.a(lib_a-nano-vfprintf_i.o)
                0x08006978                _printf_i
 .text.memchr   0x08006b9c       0x1c c:/program files/ac6/systemworkbench/plugins/fr.ac6.mcu.externaltools.arm-none.win32_1.17.0.201812190825/tools/compiler/bin/../lib/gcc/arm-none-eabi/7.3.1/../../../../arm-none-eabi/lib/thumb/v7-m\libc_nano.a(lib_a-memchr-stub.o)
                0x08006b9c                memchr
 .text.memmove  0x08006bb8       0x32 c:/program files/ac6/systemworkbench/plugins/fr.ac6.mcu.externaltools.arm-none.win32_1.17.0.201812190825/tools/compiler/bin/../lib/gcc/arm-none-eabi/7.3.1/../../../../arm-none-eabi/lib/thumb/v7-m\libc_nano.a(lib_a-memmove.o)
                0x08006bb8                memmove
 *fill*         0x08006bea        0x2 
 .text._free_r  0x08006bec       0x98 c:/program files/ac6/systemworkbench/plugins/fr.ac6.mcu.externaltools.arm-none.win32_1.17.0.201812190825/tools/compiler/bin/../lib/gcc/arm-none-eabi/7.3.1/../../../../arm-none-eabi/lib/thumb/v7-m\libc_nano.a(lib_a-nano-freer.o)
                0x08006bec                _free_r
 .text._malloc_r
                0x08006c84       0xb4 c:/program files/ac6/systemworkbench/plugins/fr.ac6.mcu.externaltools.arm-none.win32_1.17.0.201812190825/tools/compiler/bin/../lib/gcc/arm-none-eabi/7.3.1/../../../../arm-none-eabi/lib/thumb/v7-m\libc_nano.a(lib_a-nano-mallocr.o)
                0x08006c84                _malloc_r
 .text._realloc_r
                0x08006d38       0x4c c:/program files/ac6/systemworkbench/plugins/fr.ac6.mcu.externaltools.arm-none.win32_1.17.0.201812190825/tools/compiler/bin/../lib/gcc/arm-none-eabi/7.3.1/../../../../arm-none-eabi/lib/thumb/v7-m\libc_nano.a(lib_a-nano-reallocr.o)
                0x08006d38                _realloc_r
 .text._sbrk_r  0x08006d84       0x20 c:/program files/ac6/systemworkbench/plugins/fr.ac6.mcu.externaltools.arm-none.win32_1.17.0.201812190825/tools/compiler/bin/../lib/gcc/arm-none-eabi/7.3.1/../../../../arm-none-eabi/lib/thumb/v7-m\libc_nano.a(lib_a-sbrkr.o)
                0x08006d84                _sbrk_r
 .text.__malloc_lock
                0x08006da4        0x2 c:/program files/ac6/systemworkbench/plugins/fr.ac6.mcu.externaltools.arm-none.win32_1.17.0.201812190825/tools/compiler/bin/../lib/gcc/arm-none-eabi/7.3.1/../../../../arm-none-eabi/lib/thumb/v7-m\libc_nano.a(lib_a-mlock.o)
                0x08006da4                __malloc_lock
 .text.__malloc_unlock
                0x08006da6        0x2 c:/program files/ac6/systemworkbench/plugins/fr.ac6.mcu.externaltools.arm-none.win32_1.17.0.201812190825/tools/compiler/bin/../lib/gcc/arm-none-eabi/7.3.1/../../../../arm-none-eabi/lib/thumb/v7-m\libc_nano.a(lib_a-mlock.o)
                0x08006da6                __malloc_unlock
 .text._malloc_usable_size_r
                0x08006da8       0x10 c:/program files/ac6/systemworkbench/plugins/fr.ac6.mcu.externaltools.arm-none.win32_1.17.0.201812190825/tools/compiler/bin/../lib/gcc/arm-none-eabi/7.3.1/../../../../arm-none-eabi/lib/thumb/v7-m\libc_nano.a(lib_a-nano-msizer.o)
                0x08006da8                _malloc_usable_size_r
 *(.glue_7)
 .glue_7        0x08006db8        0x0 linker stubs
 *(.glue_7t)
 .glue_7t       0x08006db8        0x0 linker stubs
 *(.eh_frame)
 .eh_frame      0x08006db8        0x0 c:/program files/ac6/systemworkbench/plugins/fr.ac6.mcu.externaltools.arm-none.win32_1.17.0.201812190825/tools/compiler/bin/../lib/gcc/arm-none-eabi/7.3.1/thumb/v7-m/crtbegin.o
 *(.init)
 .init          0x08006db8        0x4 c:/program files/ac6/systemworkbench/plugins/fr.ac6.mcu.externaltools.arm-none.win32_1.17.0.201812190825/tools/compiler/bin/../lib/gcc/arm-none-eabi/7.3.1/thumb/v7-m/crti.o
                0x08006db8                _init
 .init          0x08006dbc        0x8 c:/program files/ac6/systemworkbench/plugins/fr.ac6.mcu.externaltools.arm-none.win32_1.17.0.201812190825/tools/compiler/bin/../lib/gcc/arm-none-eabi/7.3.1/thumb/v7-m/crtn.o
 *(.fini)
 .fini          0x08006dc4        0x4 c:/program files/ac6/systemworkbench/plugins/fr.ac6.mcu.externaltools.arm-none.win32_1.17.0.201812190825/tools/compiler/bin/../lib/gcc/arm-none-eabi/7.3.1/thumb/v7-m/crti.o
                0x08006dc4                _fini
 .fini          0x08006dc8        0x8 c:/program files/ac6/systemworkbench/plugins/fr.ac6.mcu.externaltools.arm-none.win32_1.17.0.201812190825/tools/compiler/bin/../lib/gcc/arm-none-eabi/7.3.1/thumb/v7-m/crtn.o
                0x08006dd0                . = ALIGN (0x4)
                0x08006dd0                _etext = .

.vfp11_veneer   0x08006dd0        0x0
 .vfp11_veneer  0x08006dd0        0x0 linker stubs

.v4_bx          0x08006dd0        0x0
 .v4_bx         0x08006dd0        0x0 linker stubs

.iplt           0x08006dd0        0x0
 .iplt          0x08006dd0        0x0 c:/program files/ac6/systemworkbench/plugins/fr.ac6.mcu.externaltools.arm-none.win32_1.17.0.201812190825/tools/compiler/bin/../lib/gcc/arm-none-eabi/7.3.1/thumb/v7-m/crtbegin.o

.rodata         0x08006dd0     0x29a4
                0x08006dd0                . = ALIGN (0x4)
 *(.rodata)
 .rodata        0x08006dd0     0x2814 Core/Src/fonts.o
                0x08006dd0                Font16x26
                0x0800811c                Font11x18
                0x08008e78                Font7x10
 .rodata        0x080095e4       0x90 Core/Src/main.o
                0x080095e4                AeratorsTask_attributes
                0x08009608                DisplayTask_attributes
                0x0800962c                WiFiTask_attributes
                0x08009650                ButtonsTask_attributes
 .rodata        0x08009674       0x18 Drivers/CMSIS/Device/ST/STM32F1xx/Source/Templates/system_stm32f1xx.o
                0x08009674                AHBPrescTable
                0x08009684                APBPrescTable
 .rodata        0x0800968c       0x12 Drivers/STM32F1xx_HAL_Driver/Src/stm32f1xx_hal_rcc.o
 *fill*         0x0800969e        0x2 
 .rodata        0x080096a0       0x12 Drivers/STM32F1xx_HAL_Driver/Src/stm32f1xx_hal_rcc_ex.o
 *(.rodata*)
 *fill*         0x080096b2        0x2 
 .rodata.str1.4
                0x080096b4       0x71 Core/Src/main.o
 *fill*         0x08009725        0x3 
 .rodata.str1.4
                0x08009728        0x5 Middlewares/Third_Party/FreeRTOS/Source/tasks.o
 *fill*         0x0800972d        0x3 
 .rodata.str1.4
                0x08009730       0x10 Middlewares/Third_Party/FreeRTOS/Source/timers.o
 .rodata._svfprintf_r.str1.1
                0x08009740       0x11 c:/program files/ac6/systemworkbench/plugins/fr.ac6.mcu.externaltools.arm-none.win32_1.17.0.201812190825/tools/compiler/bin/../lib/gcc/arm-none-eabi/7.3.1/../../../../arm-none-eabi/lib/thumb/v7-m\libc_nano.a(lib_a-nano-svfprintf.o)
 .rodata._printf_i.str1.1
                0x08009751       0x22 c:/program files/ac6/systemworkbench/plugins/fr.ac6.mcu.externaltools.arm-none.win32_1.17.0.201812190825/tools/compiler/bin/../lib/gcc/arm-none-eabi/7.3.1/../../../../arm-none-eabi/lib/thumb/v7-m\libc_nano.a(lib_a-nano-vfprintf_i.o)
                0x08009774                . = ALIGN (0x4)
 *fill*         0x08009773        0x1 

.rel.dyn        0x08009774        0x0
 .rel.iplt      0x08009774        0x0 c:/program files/ac6/systemworkbench/plugins/fr.ac6.mcu.externaltools.arm-none.win32_1.17.0.201812190825/tools/compiler/bin/../lib/gcc/arm-none-eabi/7.3.1/thumb/v7-m/crtbegin.o

.ARM.extab
 *(.ARM.extab* .gnu.linkonce.armextab.*)

.ARM            0x08009774        0x0
                0x08009774                __exidx_start = .
 *(.ARM.exidx*)
                0x08009774                __exidx_end = .

.preinit_array  0x08009774        0x0
                0x08009774                PROVIDE (__preinit_array_start = .)
 *(.preinit_array*)
                0x08009774                PROVIDE (__preinit_array_end = .)

.init_array     0x08009774        0x4
                0x08009774                PROVIDE (__init_array_start = .)
 *(SORT_BY_NAME(.init_array.*))
 *(.init_array*)
 .init_array    0x08009774        0x4 c:/program files/ac6/systemworkbench/plugins/fr.ac6.mcu.externaltools.arm-none.win32_1.17.0.201812190825/tools/compiler/bin/../lib/gcc/arm-none-eabi/7.3.1/thumb/v7-m/crtbegin.o
                0x08009778                PROVIDE (__init_array_end = .)

.fini_array     0x08009778        0x4
                [!provide]                PROVIDE (__fini_array_start = .)
 *(SORT_BY_NAME(.fini_array.*))
 *(.fini_array*)
 .fini_array    0x08009778        0x4 c:/program files/ac6/systemworkbench/plugins/fr.ac6.mcu.externaltools.arm-none.win32_1.17.0.201812190825/tools/compiler/bin/../lib/gcc/arm-none-eabi/7.3.1/thumb/v7-m/crtbegin.o
                [!provide]                PROVIDE (__fini_array_end = .)
                0x0800977c                _sidata = LOADADDR (.data)

.data           0x20000000       0x9c load address 0x0800977c
                0x20000000                . = ALIGN (0x4)
                0x20000000                _sdata = .
 *(.data)
 .data          0x20000000       0x18 Core/Src/fonts.o
                0x20000000                Font_16x26
                0x20000008                Font_11x18
                0x20000010                Font_7x10
 .data          0x20000018        0xe Core/Src/main.o
                0x20000018                luminosityTrigger
                0x2000001c                VirtAddVarTab
                0x20000022                automaticModeEnabled
                0x20000023                messageType
                0x20000024                state
 *fill*         0x20000026        0x2 
 .data          0x20000028        0x4 Drivers/CMSIS/Device/ST/STM32F1xx/Source/Templates/system_stm32f1xx.o
                0x20000028                SystemCoreClock
 .data          0x2000002c        0x8 Drivers/STM32F1xx_HAL_Driver/Src/stm32f1xx_hal.o
                0x2000002c                uwTickFreq
                0x20000030                uwTickPrio
 .data          0x20000034        0x4 Middlewares/Third_Party/FreeRTOS/Source/portable/GCC/ARM_CM3/port.o
 *(.data*)
 .data._impure_ptr
                0x20000038        0x4 c:/program files/ac6/systemworkbench/plugins/fr.ac6.mcu.externaltools.arm-none.win32_1.17.0.201812190825/tools/compiler/bin/../lib/gcc/arm-none-eabi/7.3.1/../../../../arm-none-eabi/lib/thumb/v7-m\libc_nano.a(lib_a-impure.o)
                0x20000038                _impure_ptr
 .data.impure_data
                0x2000003c       0x60 c:/program files/ac6/systemworkbench/plugins/fr.ac6.mcu.externaltools.arm-none.win32_1.17.0.201812190825/tools/compiler/bin/../lib/gcc/arm-none-eabi/7.3.1/../../../../arm-none-eabi/lib/thumb/v7-m\libc_nano.a(lib_a-impure.o)
                0x2000009c                . = ALIGN (0x4)
                0x2000009c                _edata = .

.igot.plt       0x2000009c        0x0 load address 0x08009818
 .igot.plt      0x2000009c        0x0 c:/program files/ac6/systemworkbench/plugins/fr.ac6.mcu.externaltools.arm-none.win32_1.17.0.201812190825/tools/compiler/bin/../lib/gcc/arm-none-eabi/7.3.1/thumb/v7-m/crtbegin.o
                0x2000009c                . = ALIGN (0x4)

.bss            0x200000a0     0x1ecc load address 0x08009818
                0x200000a0                _sbss = .
                0x200000a0                __bss_start__ = _sbss
 *(.bss)
 .bss           0x200000a0       0x1c c:/program files/ac6/systemworkbench/plugins/fr.ac6.mcu.externaltools.arm-none.win32_1.17.0.201812190825/tools/compiler/bin/../lib/gcc/arm-none-eabi/7.3.1/thumb/v7-m/crtbegin.o
 .bss           0x200000bc        0x2 Core/Src/eeprom.o
                0x200000bc                DataVar
 *fill*         0x200000be        0x2 
 .bss           0x200000c0        0x8 Core/Src/main.o
                0x200000c0                relativeLuminosity
                0x200000c4                ldrResistence
 .bss           0x200000c8      0x408 Core/Src/ssd1306.o
 .bss           0x200004d0        0x8 Core/Src/syscalls.o
                0x200004d4                __env
 .bss           0x200004d8      0x6bc Middlewares/Third_Party/FreeRTOS/Source/CMSIS_RTOS_V2/cmsis_os2.o
 .bss           0x20000b94      0x4fc Middlewares/Third_Party/FreeRTOS/Source/tasks.o
                0x20001068                pxCurrentTCB
 .bss           0x20001090      0x12c Middlewares/Third_Party/FreeRTOS/Source/timers.o
 .bss           0x200011bc        0x8 Middlewares/Third_Party/FreeRTOS/Source/portable/GCC/ARM_CM3/port.o
 .bss           0x200011c4      0xbd0 Middlewares/Third_Party/FreeRTOS/Source/portable/MemMang/heap_4.o
 *(.bss*)
 .bss.__malloc_free_list
                0x20001d94        0x4 c:/program files/ac6/systemworkbench/plugins/fr.ac6.mcu.externaltools.arm-none.win32_1.17.0.201812190825/tools/compiler/bin/../lib/gcc/arm-none-eabi/7.3.1/../../../../arm-none-eabi/lib/thumb/v7-m\libc_nano.a(lib_a-nano-mallocr.o)
                0x20001d94                __malloc_free_list
 .bss.__malloc_sbrk_start
                0x20001d98        0x4 c:/program files/ac6/systemworkbench/plugins/fr.ac6.mcu.externaltools.arm-none.win32_1.17.0.201812190825/tools/compiler/bin/../lib/gcc/arm-none-eabi/7.3.1/../../../../arm-none-eabi/lib/thumb/v7-m\libc_nano.a(lib_a-nano-mallocr.o)
                0x20001d98                __malloc_sbrk_start
 *(COMMON)
 COMMON         0x20001d9c      0x11e Core/Src/main.o
                0x20001d9c                AeratorsTaskHandle
                0x20001da0                hi2c1
                0x20001df4                ButtonsTaskHandle
                0x20001df8                hadc1
                0x20001e28                huart1
                0x20001e68                htim1
                0x20001eb0                DisplayTaskHandle
                0x20001eb4                WiFiTaskHandle
                0x20001eb8                motorVoltageDetected
                0x20001eb9                lowLuminosityDetected
 *fill*         0x20001eba        0x2 
 COMMON         0x20001ebc       0x48 Core/Src/stm32f1xx_hal_timebase_tim.o
                0x20001ebc                htim4
 COMMON         0x20001f04        0x4 Drivers/STM32F1xx_HAL_Driver/Src/stm32f1xx_hal.o
                0x20001f04                uwTick
 COMMON         0x20001f08       0x20 Drivers/STM32F1xx_HAL_Driver/Src/stm32f1xx_hal_flash.o
                0x20001f08                pFlash
 COMMON         0x20001f28       0x40 Middlewares/Third_Party/FreeRTOS/Source/queue.o
                0x20001f28                xQueueRegistry
 COMMON         0x20001f68        0x4 c:/program files/ac6/systemworkbench/plugins/fr.ac6.mcu.externaltools.arm-none.win32_1.17.0.201812190825/tools/compiler/bin/../lib/gcc/arm-none-eabi/7.3.1/../../../../arm-none-eabi/lib/thumb/v7-m\libc_nano.a(lib_a-reent.o)
                0x20001f68                errno
                0x20001f6c                . = ALIGN (0x4)
                0x20001f6c                _ebss = .
                0x20001f6c                __bss_end__ = _ebss

._user_heap_stack
                0x20001f6c      0x604 load address 0x08009818
                0x20001f70                . = ALIGN (0x8)
 *fill*         0x20001f6c        0x4 
                0x20001f70                PROVIDE (end = .)
                [!provide]                PROVIDE (_end = .)
                0x20002170                . = (. + _Min_Heap_Size)
 *fill*         0x20001f70      0x200 
                0x20002570                . = (. + _Min_Stack_Size)
 *fill*         0x20002170      0x400 
                0x20002570                . = ALIGN (0x8)

/DISCARD/
 libc.a(*)
 libm.a(*)
 libgcc.a(*)

.ARM.attributes
                0x00000000       0x29
 *(.ARM.attributes)
 .ARM.attributes
                0x00000000       0x1d c:/program files/ac6/systemworkbench/plugins/fr.ac6.mcu.externaltools.arm-none.win32_1.17.0.201812190825/tools/compiler/bin/../lib/gcc/arm-none-eabi/7.3.1/thumb/v7-m/crti.o
 .ARM.attributes
                0x0000001d       0x2d c:/program files/ac6/systemworkbench/plugins/fr.ac6.mcu.externaltools.arm-none.win32_1.17.0.201812190825/tools/compiler/bin/../lib/gcc/arm-none-eabi/7.3.1/thumb/v7-m/crtbegin.o
 .ARM.attributes
                0x0000004a       0x33 Core/Src/eeprom.o
 .ARM.attributes
                0x0000007d       0x33 Core/Src/fonts.o
 .ARM.attributes
                0x000000b0       0x33 Core/Src/main.o
 .ARM.attributes
                0x000000e3       0x33 Core/Src/ssd1306.o
 .ARM.attributes
                0x00000116       0x33 Core/Src/stm32f1xx_hal_msp.o
 .ARM.attributes
                0x00000149       0x33 Core/Src/stm32f1xx_hal_timebase_tim.o
 .ARM.attributes
                0x0000017c       0x33 Core/Src/stm32f1xx_it.o
 .ARM.attributes
                0x000001af       0x33 Core/Src/syscalls.o
 .ARM.attributes
                0x000001e2       0x33 Drivers/CMSIS/Device/ST/STM32F1xx/Source/Templates/system_stm32f1xx.o
 .ARM.attributes
                0x00000215       0x33 Drivers/STM32F1xx_HAL_Driver/Src/stm32f1xx_hal.o
 .ARM.attributes
                0x00000248       0x33 Drivers/STM32F1xx_HAL_Driver/Src/stm32f1xx_hal_adc.o
 .ARM.attributes
                0x0000027b       0x33 Drivers/STM32F1xx_HAL_Driver/Src/stm32f1xx_hal_cortex.o
 .ARM.attributes
                0x000002ae       0x33 Drivers/STM32F1xx_HAL_Driver/Src/stm32f1xx_hal_flash.o
 .ARM.attributes
                0x000002e1       0x33 Drivers/STM32F1xx_HAL_Driver/Src/stm32f1xx_hal_flash_ex.o
 .ARM.attributes
                0x00000314       0x33 Drivers/STM32F1xx_HAL_Driver/Src/stm32f1xx_hal_gpio.o
 .ARM.attributes
                0x00000347       0x33 Drivers/STM32F1xx_HAL_Driver/Src/stm32f1xx_hal_i2c.o
 .ARM.attributes
                0x0000037a       0x33 Drivers/STM32F1xx_HAL_Driver/Src/stm32f1xx_hal_rcc.o
 .ARM.attributes
                0x000003ad       0x33 Drivers/STM32F1xx_HAL_Driver/Src/stm32f1xx_hal_rcc_ex.o
 .ARM.attributes
                0x000003e0       0x33 Drivers/STM32F1xx_HAL_Driver/Src/stm32f1xx_hal_tim.o
 .ARM.attributes
                0x00000413       0x33 Drivers/STM32F1xx_HAL_Driver/Src/stm32f1xx_hal_tim_ex.o
 .ARM.attributes
                0x00000446       0x33 Drivers/STM32F1xx_HAL_Driver/Src/stm32f1xx_hal_uart.o
 .ARM.attributes
                0x00000479       0x33 Middlewares/Third_Party/FreeRTOS/Source/CMSIS_RTOS_V2/cmsis_os2.o
 .ARM.attributes
                0x000004ac       0x33 Middlewares/Third_Party/FreeRTOS/Source/list.o
 .ARM.attributes
                0x000004df       0x33 Middlewares/Third_Party/FreeRTOS/Source/queue.o
 .ARM.attributes
                0x00000512       0x33 Middlewares/Third_Party/FreeRTOS/Source/tasks.o
 .ARM.attributes
                0x00000545       0x33 Middlewares/Third_Party/FreeRTOS/Source/timers.o
 .ARM.attributes
                0x00000578       0x33 Middlewares/Third_Party/FreeRTOS/Source/portable/GCC/ARM_CM3/port.o
 .ARM.attributes
                0x000005ab       0x33 Middlewares/Third_Party/FreeRTOS/Source/portable/MemMang/heap_4.o
 .ARM.attributes
                0x000005de       0x21 startup/startup_stm32f103xb.o
 .ARM.attributes
                0x000005ff       0x1d c:/program files/ac6/systemworkbench/plugins/fr.ac6.mcu.externaltools.arm-none.win32_1.17.0.201812190825/tools/compiler/bin/../lib/gcc/arm-none-eabi/7.3.1/thumb/v7-m\libgcc.a(_arm_addsubdf3.o)
 .ARM.attributes
                0x0000061c       0x1d c:/program files/ac6/systemworkbench/plugins/fr.ac6.mcu.externaltools.arm-none.win32_1.17.0.201812190825/tools/compiler/bin/../lib/gcc/arm-none-eabi/7.3.1/thumb/v7-m\libgcc.a(_arm_muldivdf3.o)
 .ARM.attributes
                0x00000639       0x1d c:/program files/ac6/systemworkbench/plugins/fr.ac6.mcu.externaltools.arm-none.win32_1.17.0.201812190825/tools/compiler/bin/../lib/gcc/arm-none-eabi/7.3.1/thumb/v7-m\libgcc.a(_arm_fixunsdfsi.o)
 .ARM.attributes
                0x00000656       0x1d c:/program files/ac6/systemworkbench/plugins/fr.ac6.mcu.externaltools.arm-none.win32_1.17.0.201812190825/tools/compiler/bin/../lib/gcc/arm-none-eabi/7.3.1/thumb/v7-m\libgcc.a(_arm_truncdfsf2.o)
 .ARM.attributes
                0x00000673       0x1d c:/program files/ac6/systemworkbench/plugins/fr.ac6.mcu.externaltools.arm-none.win32_1.17.0.201812190825/tools/compiler/bin/../lib/gcc/arm-none-eabi/7.3.1/thumb/v7-m\libgcc.a(_arm_addsubsf3.o)
 .ARM.attributes
                0x00000690       0x1d c:/program files/ac6/systemworkbench/plugins/fr.ac6.mcu.externaltools.arm-none.win32_1.17.0.201812190825/tools/compiler/bin/../lib/gcc/arm-none-eabi/7.3.1/thumb/v7-m\libgcc.a(_arm_muldivsf3.o)
 .ARM.attributes
                0x000006ad       0x1d c:/program files/ac6/systemworkbench/plugins/fr.ac6.mcu.externaltools.arm-none.win32_1.17.0.201812190825/tools/compiler/bin/../lib/gcc/arm-none-eabi/7.3.1/thumb/v7-m\libgcc.a(_arm_cmpsf2.o)
 .ARM.attributes
                0x000006ca       0x1d c:/program files/ac6/systemworkbench/plugins/fr.ac6.mcu.externaltools.arm-none.win32_1.17.0.201812190825/tools/compiler/bin/../lib/gcc/arm-none-eabi/7.3.1/thumb/v7-m\libgcc.a(_arm_fixsfsi.o)
 .ARM.attributes
                0x000006e7       0x2d c:/program files/ac6/systemworkbench/plugins/fr.ac6.mcu.externaltools.arm-none.win32_1.17.0.201812190825/tools/compiler/bin/../lib/gcc/arm-none-eabi/7.3.1/../../../../arm-none-eabi/lib/thumb/v7-m\libc_nano.a(lib_a-errno.o)
 .ARM.attributes
                0x00000714       0x2d c:/program files/ac6/systemworkbench/plugins/fr.ac6.mcu.externaltools.arm-none.win32_1.17.0.201812190825/tools/compiler/bin/../lib/gcc/arm-none-eabi/7.3.1/../../../../arm-none-eabi/lib/thumb/v7-m\libc_nano.a(lib_a-impure.o)
 .ARM.attributes
                0x00000741       0x2d c:/program files/ac6/systemworkbench/plugins/fr.ac6.mcu.externaltools.arm-none.win32_1.17.0.201812190825/tools/compiler/bin/../lib/gcc/arm-none-eabi/7.3.1/../../../../arm-none-eabi/lib/thumb/v7-m\libc_nano.a(lib_a-init.o)
 .ARM.attributes
                0x0000076e       0x2d c:/program files/ac6/systemworkbench/plugins/fr.ac6.mcu.externaltools.arm-none.win32_1.17.0.201812190825/tools/compiler/bin/../lib/gcc/arm-none-eabi/7.3.1/../../../../arm-none-eabi/lib/thumb/v7-m\libc_nano.a(lib_a-memcpy-stub.o)
 .ARM.attributes
                0x0000079b       0x2d c:/program files/ac6/systemworkbench/plugins/fr.ac6.mcu.externaltools.arm-none.win32_1.17.0.201812190825/tools/compiler/bin/../lib/gcc/arm-none-eabi/7.3.1/../../../../arm-none-eabi/lib/thumb/v7-m\libc_nano.a(lib_a-memset.o)
 .ARM.attributes
                0x000007c8       0x2d c:/program files/ac6/systemworkbench/plugins/fr.ac6.mcu.externaltools.arm-none.win32_1.17.0.201812190825/tools/compiler/bin/../lib/gcc/arm-none-eabi/7.3.1/../../../../arm-none-eabi/lib/thumb/v7-m\libc_nano.a(lib_a-sprintf.o)
 .ARM.attributes
                0x000007f5       0x2d c:/program files/ac6/systemworkbench/plugins/fr.ac6.mcu.externaltools.arm-none.win32_1.17.0.201812190825/tools/compiler/bin/../lib/gcc/arm-none-eabi/7.3.1/../../../../arm-none-eabi/lib/thumb/v7-m\libc_nano.a(lib_a-nano-svfprintf.o)
 .ARM.attributes
                0x00000822       0x2d c:/program files/ac6/systemworkbench/plugins/fr.ac6.mcu.externaltools.arm-none.win32_1.17.0.201812190825/tools/compiler/bin/../lib/gcc/arm-none-eabi/7.3.1/../../../../arm-none-eabi/lib/thumb/v7-m\libc_nano.a(lib_a-nano-vfprintf_i.o)
 .ARM.attributes
                0x0000084f       0x2d c:/program files/ac6/systemworkbench/plugins/fr.ac6.mcu.externaltools.arm-none.win32_1.17.0.201812190825/tools/compiler/bin/../lib/gcc/arm-none-eabi/7.3.1/../../../../arm-none-eabi/lib/thumb/v7-m\libc_nano.a(lib_a-memchr-stub.o)
 .ARM.attributes
                0x0000087c       0x2d c:/program files/ac6/systemworkbench/plugins/fr.ac6.mcu.externaltools.arm-none.win32_1.17.0.201812190825/tools/compiler/bin/../lib/gcc/arm-none-eabi/7.3.1/../../../../arm-none-eabi/lib/thumb/v7-m\libc_nano.a(lib_a-memmove.o)
 .ARM.attributes
                0x000008a9       0x2d c:/program files/ac6/systemworkbench/plugins/fr.ac6.mcu.externaltools.arm-none.win32_1.17.0.201812190825/tools/compiler/bin/../lib/gcc/arm-none-eabi/7.3.1/../../../../arm-none-eabi/lib/thumb/v7-m\libc_nano.a(lib_a-nano-freer.o)
 .ARM.attributes
                0x000008d6       0x2d c:/program files/ac6/systemworkbench/plugins/fr.ac6.mcu.externaltools.arm-none.win32_1.17.0.201812190825/tools/compiler/bin/../lib/gcc/arm-none-eabi/7.3.1/../../../../arm-none-eabi/lib/thumb/v7-m\libc_nano.a(lib_a-nano-mallocr.o)
 .ARM.attributes
                0x00000903       0x2d c:/program files/ac6/systemworkbench/plugins/fr.ac6.mcu.externaltools.arm-none.win32_1.17.0.201812190825/tools/compiler/bin/../lib/gcc/arm-none-eabi/7.3.1/../../../../arm-none-eabi/lib/thumb/v7-m\libc_nano.a(lib_a-nano-reallocr.o)
 .ARM.attributes
                0x00000930       0x2d c:/program files/ac6/systemworkbench/plugins/fr.ac6.mcu.externaltools.arm-none.win32_1.17.0.201812190825/tools/compiler/bin/../lib/gcc/arm-none-eabi/7.3.1/../../../../arm-none-eabi/lib/thumb/v7-m\libc_nano.a(lib_a-sbrkr.o)
 .ARM.attributes
                0x0000095d       0x2d c:/program files/ac6/systemworkbench/plugins/fr.ac6.mcu.externaltools.arm-none.win32_1.17.0.201812190825/tools/compiler/bin/../lib/gcc/arm-none-eabi/7.3.1/../../../../arm-none-eabi/lib/thumb/v7-m\libc_nano.a(lib_a-mlock.o)
 .ARM.attributes
                0x0000098a       0x2d c:/program files/ac6/systemworkbench/plugins/fr.ac6.mcu.externaltools.arm-none.win32_1.17.0.201812190825/tools/compiler/bin/../lib/gcc/arm-none-eabi/7.3.1/../../../../arm-none-eabi/lib/thumb/v7-m\libc_nano.a(lib_a-nano-msizer.o)
 .ARM.attributes
                0x000009b7       0x2d c:/program files/ac6/systemworkbench/plugins/fr.ac6.mcu.externaltools.arm-none.win32_1.17.0.201812190825/tools/compiler/bin/../lib/gcc/arm-none-eabi/7.3.1/../../../../arm-none-eabi/lib/thumb/v7-m\libc_nano.a(lib_a-reent.o)
 .ARM.attributes
                0x000009e4       0x1d c:/program files/ac6/systemworkbench/plugins/fr.ac6.mcu.externaltools.arm-none.win32_1.17.0.201812190825/tools/compiler/bin/../lib/gcc/arm-none-eabi/7.3.1/thumb/v7-m/crtn.o
OUTPUT(codes.elf elf32-littlearm)

.debug_info     0x00000000    0x26ff7
 .debug_info    0x00000000      0x977 Core/Src/eeprom.o
 .debug_info    0x00000977      0xb4a Core/Src/fonts.o
 .debug_info    0x000014c1     0x3093 Core/Src/main.o
 .debug_info    0x00004554     0x28ca Core/Src/ssd1306.o
 .debug_info    0x00006e1e     0x145a Core/Src/stm32f1xx_hal_msp.o
 .debug_info    0x00008278      0xa65 Core/Src/stm32f1xx_hal_timebase_tim.o
 .debug_info    0x00008cdd      0x773 Core/Src/stm32f1xx_it.o
 .debug_info    0x00009450      0xfd3 Core/Src/syscalls.o
 .debug_info    0x0000a423      0x29d Drivers/CMSIS/Device/ST/STM32F1xx/Source/Templates/system_stm32f1xx.o
 .debug_info    0x0000a6c0      0x7c0 Drivers/STM32F1xx_HAL_Driver/Src/stm32f1xx_hal.o
 .debug_info    0x0000ae80      0xe6b Drivers/STM32F1xx_HAL_Driver/Src/stm32f1xx_hal_adc.o
 .debug_info    0x0000bceb      0xcb5 Drivers/STM32F1xx_HAL_Driver/Src/stm32f1xx_hal_cortex.o
 .debug_info    0x0000c9a0      0x6e5 Drivers/STM32F1xx_HAL_Driver/Src/stm32f1xx_hal_flash.o
 .debug_info    0x0000d085      0xad6 Drivers/STM32F1xx_HAL_Driver/Src/stm32f1xx_hal_flash_ex.o
 .debug_info    0x0000db5b      0x6ab Drivers/STM32F1xx_HAL_Driver/Src/stm32f1xx_hal_gpio.o
 .debug_info    0x0000e206     0x3484 Drivers/STM32F1xx_HAL_Driver/Src/stm32f1xx_hal_i2c.o
 .debug_info    0x0001168a      0x9ef Drivers/STM32F1xx_HAL_Driver/Src/stm32f1xx_hal_rcc.o
 .debug_info    0x00012079      0x497 Drivers/STM32F1xx_HAL_Driver/Src/stm32f1xx_hal_rcc_ex.o
 .debug_info    0x00012510     0x3554 Drivers/STM32F1xx_HAL_Driver/Src/stm32f1xx_hal_tim.o
 .debug_info    0x00015a64     0x1787 Drivers/STM32F1xx_HAL_Driver/Src/stm32f1xx_hal_tim_ex.o
 .debug_info    0x000171eb     0x1681 Drivers/STM32F1xx_HAL_Driver/Src/stm32f1xx_hal_uart.o
 .debug_info    0x0001886c     0x4b13 Middlewares/Third_Party/FreeRTOS/Source/CMSIS_RTOS_V2/cmsis_os2.o
 .debug_info    0x0001d37f      0xad2 Middlewares/Third_Party/FreeRTOS/Source/list.o
 .debug_info    0x0001de51     0x2c63 Middlewares/Third_Party/FreeRTOS/Source/queue.o
 .debug_info    0x00020ab4     0x3423 Middlewares/Third_Party/FreeRTOS/Source/tasks.o
 .debug_info    0x00023ed7     0x1f82 Middlewares/Third_Party/FreeRTOS/Source/timers.o
 .debug_info    0x00025e59      0x50b Middlewares/Third_Party/FreeRTOS/Source/portable/GCC/ARM_CM3/port.o
 .debug_info    0x00026364      0xc71 Middlewares/Third_Party/FreeRTOS/Source/portable/MemMang/heap_4.o
 .debug_info    0x00026fd5       0x22 startup/startup_stm32f103xb.o

.debug_abbrev   0x00000000     0x4581
 .debug_abbrev  0x00000000      0x1b8 Core/Src/eeprom.o
 .debug_abbrev  0x000001b8      0x23c Core/Src/fonts.o
 .debug_abbrev  0x000003f4      0x34a Core/Src/main.o
 .debug_abbrev  0x0000073e      0x395 Core/Src/ssd1306.o
 .debug_abbrev  0x00000ad3      0x212 Core/Src/stm32f1xx_hal_msp.o
 .debug_abbrev  0x00000ce5      0x1f0 Core/Src/stm32f1xx_hal_timebase_tim.o
 .debug_abbrev  0x00000ed5      0x178 Core/Src/stm32f1xx_it.o
 .debug_abbrev  0x0000104d      0x2d4 Core/Src/syscalls.o
 .debug_abbrev  0x00001321      0x134 Drivers/CMSIS/Device/ST/STM32F1xx/Source/Templates/system_stm32f1xx.o
 .debug_abbrev  0x00001455      0x1ed Drivers/STM32F1xx_HAL_Driver/Src/stm32f1xx_hal.o
 .debug_abbrev  0x00001642      0x1ee Drivers/STM32F1xx_HAL_Driver/Src/stm32f1xx_hal_adc.o
 .debug_abbrev  0x00001830      0x303 Drivers/STM32F1xx_HAL_Driver/Src/stm32f1xx_hal_cortex.o
 .debug_abbrev  0x00001b33      0x242 Drivers/STM32F1xx_HAL_Driver/Src/stm32f1xx_hal_flash.o
 .debug_abbrev  0x00001d75      0x229 Drivers/STM32F1xx_HAL_Driver/Src/stm32f1xx_hal_flash_ex.o
 .debug_abbrev  0x00001f9e      0x1de Drivers/STM32F1xx_HAL_Driver/Src/stm32f1xx_hal_gpio.o
 .debug_abbrev  0x0000217c      0x282 Drivers/STM32F1xx_HAL_Driver/Src/stm32f1xx_hal_i2c.o
 .debug_abbrev  0x000023fe      0x257 Drivers/STM32F1xx_HAL_Driver/Src/stm32f1xx_hal_rcc.o
 .debug_abbrev  0x00002655      0x1c9 Drivers/STM32F1xx_HAL_Driver/Src/stm32f1xx_hal_rcc_ex.o
 .debug_abbrev  0x0000281e      0x237 Drivers/STM32F1xx_HAL_Driver/Src/stm32f1xx_hal_tim.o
 .debug_abbrev  0x00002a55      0x246 Drivers/STM32F1xx_HAL_Driver/Src/stm32f1xx_hal_tim_ex.o
 .debug_abbrev  0x00002c9b      0x25f Drivers/STM32F1xx_HAL_Driver/Src/stm32f1xx_hal_uart.o
 .debug_abbrev  0x00002efa      0x434 Middlewares/Third_Party/FreeRTOS/Source/CMSIS_RTOS_V2/cmsis_os2.o
 .debug_abbrev  0x0000332e      0x223 Middlewares/Third_Party/FreeRTOS/Source/list.o
 .debug_abbrev  0x00003551      0x3ce Middlewares/Third_Party/FreeRTOS/Source/queue.o
 .debug_abbrev  0x0000391f      0x3a8 Middlewares/Third_Party/FreeRTOS/Source/tasks.o
 .debug_abbrev  0x00003cc7      0x353 Middlewares/Third_Party/FreeRTOS/Source/timers.o
 .debug_abbrev  0x0000401a      0x23d Middlewares/Third_Party/FreeRTOS/Source/portable/GCC/ARM_CM3/port.o
 .debug_abbrev  0x00004257      0x318 Middlewares/Third_Party/FreeRTOS/Source/portable/MemMang/heap_4.o
 .debug_abbrev  0x0000456f       0x12 startup/startup_stm32f103xb.o

.debug_loc      0x00000000    0x17b25
 .debug_loc     0x00000000      0x9a8 Core/Src/eeprom.o
 .debug_loc     0x000009a8       0x5d Core/Src/fonts.o
 .debug_loc     0x00000a05      0x2e5 Core/Src/main.o
 .debug_loc     0x00000cea     0x11fc Core/Src/ssd1306.o
 .debug_loc     0x00001ee6      0x1ce Core/Src/stm32f1xx_hal_msp.o
 .debug_loc     0x000020b4       0x79 Core/Src/stm32f1xx_hal_timebase_tim.o
 .debug_loc     0x0000212d      0x3af Core/Src/syscalls.o
 .debug_loc     0x000024dc       0xdf Drivers/CMSIS/Device/ST/STM32F1xx/Source/Templates/system_stm32f1xx.o
 .debug_loc     0x000025bb      0x11b Drivers/STM32F1xx_HAL_Driver/Src/stm32f1xx_hal.o
 .debug_loc     0x000026d6      0x9ef Drivers/STM32F1xx_HAL_Driver/Src/stm32f1xx_hal_adc.o
 .debug_loc     0x000030c5      0x5ad Drivers/STM32F1xx_HAL_Driver/Src/stm32f1xx_hal_cortex.o
 .debug_loc     0x00003672      0x337 Drivers/STM32F1xx_HAL_Driver/Src/stm32f1xx_hal_flash.o
 .debug_loc     0x000039a9      0x859 Drivers/STM32F1xx_HAL_Driver/Src/stm32f1xx_hal_flash_ex.o
 .debug_loc     0x00004202      0x3d8 Drivers/STM32F1xx_HAL_Driver/Src/stm32f1xx_hal_gpio.o
 .debug_loc     0x000045da     0x37c1 Drivers/STM32F1xx_HAL_Driver/Src/stm32f1xx_hal_i2c.o
 .debug_loc     0x00007d9b      0x4bb Drivers/STM32F1xx_HAL_Driver/Src/stm32f1xx_hal_rcc.o
 .debug_loc     0x00008256      0x2d0 Drivers/STM32F1xx_HAL_Driver/Src/stm32f1xx_hal_rcc_ex.o
 .debug_loc     0x00008526     0x46c3 Drivers/STM32F1xx_HAL_Driver/Src/stm32f1xx_hal_tim.o
 .debug_loc     0x0000cbe9     0x1a68 Drivers/STM32F1xx_HAL_Driver/Src/stm32f1xx_hal_tim_ex.o
 .debug_loc     0x0000e651     0x1624 Drivers/STM32F1xx_HAL_Driver/Src/stm32f1xx_hal_uart.o
 .debug_loc     0x0000fc75     0x3f51 Middlewares/Third_Party/FreeRTOS/Source/CMSIS_RTOS_V2/cmsis_os2.o
 .debug_loc     0x00013bc6       0x70 Middlewares/Third_Party/FreeRTOS/Source/list.o
 .debug_loc     0x00013c36     0x140a Middlewares/Third_Party/FreeRTOS/Source/queue.o
 .debug_loc     0x00015040     0x1b9d Middlewares/Third_Party/FreeRTOS/Source/tasks.o
 .debug_loc     0x00016bdd      0xbe9 Middlewares/Third_Party/FreeRTOS/Source/timers.o
 .debug_loc     0x000177c6       0xce Middlewares/Third_Party/FreeRTOS/Source/portable/GCC/ARM_CM3/port.o
 .debug_loc     0x00017894      0x291 Middlewares/Third_Party/FreeRTOS/Source/portable/MemMang/heap_4.o

.debug_aranges  0x00000000     0x1998
 .debug_aranges
                0x00000000       0x58 Core/Src/eeprom.o
 .debug_aranges
                0x00000058       0x20 Core/Src/fonts.o
 .debug_aranges
                0x00000078       0x90 Core/Src/main.o
 .debug_aranges
                0x00000108      0x100 Core/Src/ssd1306.o
 .debug_aranges
                0x00000208       0x60 Core/Src/stm32f1xx_hal_msp.o
 .debug_aranges
                0x00000268       0x30 Core/Src/stm32f1xx_hal_timebase_tim.o
 .debug_aranges
                0x00000298       0x60 Core/Src/stm32f1xx_it.o
 .debug_aranges
                0x000002f8       0xb0 Core/Src/syscalls.o
 .debug_aranges
                0x000003a8       0x28 Drivers/CMSIS/Device/ST/STM32F1xx/Source/Templates/system_stm32f1xx.o
 .debug_aranges
                0x000003d0       0xe0 Drivers/STM32F1xx_HAL_Driver/Src/stm32f1xx_hal.o
 .debug_aranges
                0x000004b0       0xf0 Drivers/STM32F1xx_HAL_Driver/Src/stm32f1xx_hal_adc.o
 .debug_aranges
                0x000005a0       0x90 Drivers/STM32F1xx_HAL_Driver/Src/stm32f1xx_hal_cortex.o
 .debug_aranges
                0x00000630       0x88 Drivers/STM32F1xx_HAL_Driver/Src/stm32f1xx_hal_flash.o
 .debug_aranges
                0x000006b8       0x98 Drivers/STM32F1xx_HAL_Driver/Src/stm32f1xx_hal_flash_ex.o
 .debug_aranges
                0x00000750       0x58 Drivers/STM32F1xx_HAL_Driver/Src/stm32f1xx_hal_gpio.o
 .debug_aranges
                0x000007a8      0x2a0 Drivers/STM32F1xx_HAL_Driver/Src/stm32f1xx_hal_i2c.o
 .debug_aranges
                0x00000a48       0x90 Drivers/STM32F1xx_HAL_Driver/Src/stm32f1xx_hal_rcc.o
 .debug_aranges
                0x00000ad8       0x30 Drivers/STM32F1xx_HAL_Driver/Src/stm32f1xx_hal_rcc_ex.o
 .debug_aranges
                0x00000b08      0x3d0 Drivers/STM32F1xx_HAL_Driver/Src/stm32f1xx_hal_tim.o
 .debug_aranges
                0x00000ed8      0x168 Drivers/STM32F1xx_HAL_Driver/Src/stm32f1xx_hal_tim_ex.o
 .debug_aranges
                0x00001040      0x1d0 Drivers/STM32F1xx_HAL_Driver/Src/stm32f1xx_hal_uart.o
 .debug_aranges
                0x00001210      0x228 Middlewares/Third_Party/FreeRTOS/Source/CMSIS_RTOS_V2/cmsis_os2.o
 .debug_aranges
                0x00001438       0x40 Middlewares/Third_Party/FreeRTOS/Source/list.o
 .debug_aranges
                0x00001478      0x158 Middlewares/Third_Party/FreeRTOS/Source/queue.o
 .debug_aranges
                0x000015d0      0x1f8 Middlewares/Third_Party/FreeRTOS/Source/tasks.o
 .debug_aranges
                0x000017c8       0xe0 Middlewares/Third_Party/FreeRTOS/Source/timers.o
 .debug_aranges
                0x000018a8       0x78 Middlewares/Third_Party/FreeRTOS/Source/portable/GCC/ARM_CM3/port.o
 .debug_aranges
                0x00001920       0x50 Middlewares/Third_Party/FreeRTOS/Source/portable/MemMang/heap_4.o
 .debug_aranges
                0x00001970       0x28 startup/startup_stm32f103xb.o

.debug_ranges   0x00000000     0x1a88
 .debug_ranges  0x00000000       0x48 Core/Src/eeprom.o
 .debug_ranges  0x00000048       0x10 Core/Src/fonts.o
 .debug_ranges  0x00000058       0x80 Core/Src/main.o
 .debug_ranges  0x000000d8      0x128 Core/Src/ssd1306.o
 .debug_ranges  0x00000200       0x50 Core/Src/stm32f1xx_hal_msp.o
 .debug_ranges  0x00000250       0x20 Core/Src/stm32f1xx_hal_timebase_tim.o
 .debug_ranges  0x00000270       0x50 Core/Src/stm32f1xx_it.o
 .debug_ranges  0x000002c0       0xa0 Core/Src/syscalls.o
 .debug_ranges  0x00000360       0x18 Drivers/CMSIS/Device/ST/STM32F1xx/Source/Templates/system_stm32f1xx.o
 .debug_ranges  0x00000378       0xd0 Drivers/STM32F1xx_HAL_Driver/Src/stm32f1xx_hal.o
 .debug_ranges  0x00000448       0xe0 Drivers/STM32F1xx_HAL_Driver/Src/stm32f1xx_hal_adc.o
 .debug_ranges  0x00000528       0xe0 Drivers/STM32F1xx_HAL_Driver/Src/stm32f1xx_hal_cortex.o
 .debug_ranges  0x00000608       0x78 Drivers/STM32F1xx_HAL_Driver/Src/stm32f1xx_hal_flash.o
 .debug_ranges  0x00000680       0x88 Drivers/STM32F1xx_HAL_Driver/Src/stm32f1xx_hal_flash_ex.o
 .debug_ranges  0x00000708       0x48 Drivers/STM32F1xx_HAL_Driver/Src/stm32f1xx_hal_gpio.o
 .debug_ranges  0x00000750      0x2b0 Drivers/STM32F1xx_HAL_Driver/Src/stm32f1xx_hal_i2c.o
 .debug_ranges  0x00000a00       0xa0 Drivers/STM32F1xx_HAL_Driver/Src/stm32f1xx_hal_rcc.o
 .debug_ranges  0x00000aa0       0x38 Drivers/STM32F1xx_HAL_Driver/Src/stm32f1xx_hal_rcc_ex.o
 .debug_ranges  0x00000ad8      0x3c0 Drivers/STM32F1xx_HAL_Driver/Src/stm32f1xx_hal_tim.o
 .debug_ranges  0x00000e98      0x158 Drivers/STM32F1xx_HAL_Driver/Src/stm32f1xx_hal_tim_ex.o
 .debug_ranges  0x00000ff0      0x1c0 Drivers/STM32F1xx_HAL_Driver/Src/stm32f1xx_hal_uart.o
 .debug_ranges  0x000011b0      0x218 Middlewares/Third_Party/FreeRTOS/Source/CMSIS_RTOS_V2/cmsis_os2.o
 .debug_ranges  0x000013c8       0x30 Middlewares/Third_Party/FreeRTOS/Source/list.o
 .debug_ranges  0x000013f8      0x228 Middlewares/Third_Party/FreeRTOS/Source/queue.o
 .debug_ranges  0x00001620      0x2d0 Middlewares/Third_Party/FreeRTOS/Source/tasks.o
 .debug_ranges  0x000018f0       0xd0 Middlewares/Third_Party/FreeRTOS/Source/timers.o
 .debug_ranges  0x000019c0       0x68 Middlewares/Third_Party/FreeRTOS/Source/portable/GCC/ARM_CM3/port.o
 .debug_ranges  0x00001a28       0x40 Middlewares/Third_Party/FreeRTOS/Source/portable/MemMang/heap_4.o
 .debug_ranges  0x00001a68       0x20 startup/startup_stm32f103xb.o

.debug_macro    0x00000000    0x1b9ab
 .debug_macro   0x00000000      0x1d0 Core/Src/eeprom.o
 .debug_macro   0x000001d0      0xa54 Core/Src/eeprom.o
 .debug_macro   0x00000c24      0x227 Core/Src/eeprom.o
 .debug_macro   0x00000e4b       0x2e Core/Src/eeprom.o
 .debug_macro   0x00000e79       0x22 Core/Src/eeprom.o
 .debug_macro   0x00000e9b       0x22 Core/Src/eeprom.o
 .debug_macro   0x00000ebd       0x8e Core/Src/eeprom.o
 .debug_macro   0x00000f4b       0x51 Core/Src/eeprom.o
 .debug_macro   0x00000f9c       0xef Core/Src/eeprom.o
 .debug_macro   0x0000108b       0x6a Core/Src/eeprom.o
 .debug_macro   0x000010f5      0x1df Core/Src/eeprom.o
 .debug_macro   0x000012d4       0x1c Core/Src/eeprom.o
 .debug_macro   0x000012f0       0x22 Core/Src/eeprom.o
 .debug_macro   0x00001312       0xc3 Core/Src/eeprom.o
 .debug_macro   0x000013d5      0xd23 Core/Src/eeprom.o
 .debug_macro   0x000020f8     0xe097 Core/Src/eeprom.o
 .debug_macro   0x0001018f       0x43 Core/Src/eeprom.o
 .debug_macro   0x000101d2     0x3468 Core/Src/eeprom.o
 .debug_macro   0x0001363a      0x174 Core/Src/eeprom.o
 .debug_macro   0x000137ae       0x5c Core/Src/eeprom.o
 .debug_macro   0x0001380a      0x5be Core/Src/eeprom.o
 .debug_macro   0x00013dc8      0x289 Core/Src/eeprom.o
 .debug_macro   0x00014051      0x1cb Core/Src/eeprom.o
 .debug_macro   0x0001421c      0x114 Core/Src/eeprom.o
 .debug_macro   0x00014330      0x1b2 Core/Src/eeprom.o
 .debug_macro   0x000144e2       0x27 Core/Src/eeprom.o
 .debug_macro   0x00014509      0x136 Core/Src/eeprom.o
 .debug_macro   0x0001463f      0x1bc Core/Src/eeprom.o
 .debug_macro   0x000147fb       0x34 Core/Src/eeprom.o
 .debug_macro   0x0001482f       0x3c Core/Src/eeprom.o
 .debug_macro   0x0001486b       0x57 Core/Src/eeprom.o
 .debug_macro   0x000148c2      0x46a Core/Src/eeprom.o
 .debug_macro   0x00014d2c      0x1b5 Core/Src/eeprom.o
 .debug_macro   0x00014ee1       0x88 Core/Src/eeprom.o
 .debug_macro   0x00014f69      0x241 Core/Src/eeprom.o
 .debug_macro   0x000151aa      0x287 Core/Src/eeprom.o
 .debug_macro   0x00015431      0x141 Core/Src/eeprom.o
 .debug_macro   0x00015572      0x8d1 Core/Src/eeprom.o
 .debug_macro   0x00015e43      0x26b Core/Src/eeprom.o
 .debug_macro   0x000160ae       0x83 Core/Src/eeprom.o
 .debug_macro   0x00016131      0x3a0 Core/Src/eeprom.o
 .debug_macro   0x000164d1      0x287 Core/Src/fonts.o
 .debug_macro   0x00016758       0x5e Core/Src/fonts.o
 .debug_macro   0x000167b6       0x18 Core/Src/fonts.o
 .debug_macro   0x000167ce       0x35 Core/Src/fonts.o
 .debug_macro   0x00016803       0x34 Core/Src/fonts.o
 .debug_macro   0x00016837       0x58 Core/Src/fonts.o
 .debug_macro   0x0001688f       0x1f Core/Src/fonts.o
 .debug_macro   0x000168ae       0x43 Core/Src/fonts.o
 .debug_macro   0x000168f1       0x20 Core/Src/fonts.o
 .debug_macro   0x00016911      0x18e Core/Src/fonts.o
 .debug_macro   0x00016a9f      0x32a Core/Src/fonts.o
 .debug_macro   0x00016dc9       0x10 Core/Src/fonts.o
 .debug_macro   0x00016dd9       0x35 Core/Src/fonts.o
 .debug_macro   0x00016e0e      0x407 Core/Src/main.o
 .debug_macro   0x00017215       0x5b Core/Src/main.o
 .debug_macro   0x00017270       0x74 Core/Src/main.o
 .debug_macro   0x000172e4      0x122 Core/Src/main.o
 .debug_macro   0x00017406       0xdd Core/Src/main.o
 .debug_macro   0x000174e3      0x3a6 Core/Src/main.o
 .debug_macro   0x00017889       0x16 Core/Src/main.o
 .debug_macro   0x0001789f       0x16 Core/Src/main.o
 .debug_macro   0x000178b5       0x29 Core/Src/main.o
 .debug_macro   0x000178de       0x1d Core/Src/main.o
 .debug_macro   0x000178fb      0x312 Core/Src/ssd1306.o
 .debug_macro   0x00017c0d      0x1d0 Core/Src/stm32f1xx_hal_msp.o
 .debug_macro   0x00017ddd      0x1c1 Core/Src/stm32f1xx_hal_timebase_tim.o
 .debug_macro   0x00017f9e      0x1da Core/Src/stm32f1xx_it.o
 .debug_macro   0x00018178      0x243 Core/Src/syscalls.o
 .debug_macro   0x000183bb       0x58 Core/Src/syscalls.o
 .debug_macro   0x00018413       0x94 Core/Src/syscalls.o
 .debug_macro   0x000184a7       0x57 Core/Src/syscalls.o
 .debug_macro   0x000184fe      0x330 Core/Src/syscalls.o
 .debug_macro   0x0001882e       0x10 Core/Src/syscalls.o
 .debug_macro   0x0001883e       0x10 Core/Src/syscalls.o
 .debug_macro   0x0001884e       0x10 Core/Src/syscalls.o
 .debug_macro   0x0001885e       0x10 Core/Src/syscalls.o
 .debug_macro   0x0001886e       0x1c Core/Src/syscalls.o
 .debug_macro   0x0001888a       0x52 Core/Src/syscalls.o
 .debug_macro   0x000188dc       0x40 Core/Src/syscalls.o
 .debug_macro   0x0001891c       0x10 Core/Src/syscalls.o
 .debug_macro   0x0001892c       0x40 Core/Src/syscalls.o
 .debug_macro   0x0001896c       0xd7 Core/Src/syscalls.o
 .debug_macro   0x00018a43       0x1c Core/Src/syscalls.o
 .debug_macro   0x00018a5f       0x3d Core/Src/syscalls.o
 .debug_macro   0x00018a9c       0x35 Core/Src/syscalls.o
 .debug_macro   0x00018ad1      0x122 Core/Src/syscalls.o
 .debug_macro   0x00018bf3       0x10 Core/Src/syscalls.o
 .debug_macro   0x00018c03      0x241 Core/Src/syscalls.o
 .debug_macro   0x00018e44       0x1c Core/Src/syscalls.o
 .debug_macro   0x00018e60       0x10 Core/Src/syscalls.o
 .debug_macro   0x00018e70       0x10 Core/Src/syscalls.o
 .debug_macro   0x00018e80       0x16 Core/Src/syscalls.o
 .debug_macro   0x00018e96      0x16f Core/Src/syscalls.o
 .debug_macro   0x00019005      0x189 Core/Src/syscalls.o
 .debug_macro   0x0001918e       0x16 Core/Src/syscalls.o
 .debug_macro   0x000191a4       0x88 Core/Src/syscalls.o
 .debug_macro   0x0001922c      0x1c1 Drivers/CMSIS/Device/ST/STM32F1xx/Source/Templates/system_stm32f1xx.o
 .debug_macro   0x000193ed      0x1e5 Drivers/STM32F1xx_HAL_Driver/Src/stm32f1xx_hal.o
 .debug_macro   0x000195d2      0x1de Drivers/STM32F1xx_HAL_Driver/Src/stm32f1xx_hal_adc.o
 .debug_macro   0x000197b0      0x1c1 Drivers/STM32F1xx_HAL_Driver/Src/stm32f1xx_hal_cortex.o
 .debug_macro   0x00019971      0x1c1 Drivers/STM32F1xx_HAL_Driver/Src/stm32f1xx_hal_flash.o
 .debug_macro   0x00019b32      0x1d3 Drivers/STM32F1xx_HAL_Driver/Src/stm32f1xx_hal_flash_ex.o
 .debug_macro   0x00019d05      0x22c Drivers/STM32F1xx_HAL_Driver/Src/stm32f1xx_hal_gpio.o
 .debug_macro   0x00019f31      0x208 Drivers/STM32F1xx_HAL_Driver/Src/stm32f1xx_hal_i2c.o
 .debug_macro   0x0001a139      0x1d3 Drivers/STM32F1xx_HAL_Driver/Src/stm32f1xx_hal_rcc.o
 .debug_macro   0x0001a30c      0x1c1 Drivers/STM32F1xx_HAL_Driver/Src/stm32f1xx_hal_rcc_ex.o
 .debug_macro   0x0001a4cd      0x1c2 Drivers/STM32F1xx_HAL_Driver/Src/stm32f1xx_hal_tim.o
 .debug_macro   0x0001a68f      0x1c1 Drivers/STM32F1xx_HAL_Driver/Src/stm32f1xx_hal_tim_ex.o
 .debug_macro   0x0001a850      0x1c2 Drivers/STM32F1xx_HAL_Driver/Src/stm32f1xx_hal_uart.o
 .debug_macro   0x0001aa12      0x235 Middlewares/Third_Party/FreeRTOS/Source/CMSIS_RTOS_V2/cmsis_os2.o
 .debug_macro   0x0001ac47       0x10 Middlewares/Third_Party/FreeRTOS/Source/CMSIS_RTOS_V2/cmsis_os2.o
 .debug_macro   0x0001ac57       0xb7 Middlewares/Third_Party/FreeRTOS/Source/CMSIS_RTOS_V2/cmsis_os2.o
 .debug_macro   0x0001ad0e       0x91 Middlewares/Third_Party/FreeRTOS/Source/CMSIS_RTOS_V2/cmsis_os2.o
 .debug_macro   0x0001ad9f       0x8d Middlewares/Third_Party/FreeRTOS/Source/CMSIS_RTOS_V2/cmsis_os2.o
 .debug_macro   0x0001ae2c       0x9a Middlewares/Third_Party/FreeRTOS/Source/CMSIS_RTOS_V2/cmsis_os2.o
 .debug_macro   0x0001aec6      0x17a Middlewares/Third_Party/FreeRTOS/Source/list.o
 .debug_macro   0x0001b040      0x200 Middlewares/Third_Party/FreeRTOS/Source/queue.o
 .debug_macro   0x0001b240       0x16 Middlewares/Third_Party/FreeRTOS/Source/queue.o
 .debug_macro   0x0001b256      0x275 Middlewares/Third_Party/FreeRTOS/Source/tasks.o
 .debug_macro   0x0001b4cb       0x10 Middlewares/Third_Party/FreeRTOS/Source/tasks.o
 .debug_macro   0x0001b4db      0x1bd Middlewares/Third_Party/FreeRTOS/Source/timers.o
 .debug_macro   0x0001b698      0x172 Middlewares/Third_Party/FreeRTOS/Source/portable/GCC/ARM_CM3/port.o
 .debug_macro   0x0001b80a      0x1a1 Middlewares/Third_Party/FreeRTOS/Source/portable/MemMang/heap_4.o

.debug_line     0x00000000    0x15da6
 .debug_line    0x00000000      0x94e Core/Src/eeprom.o
 .debug_line    0x0000094e      0x82c Core/Src/fonts.o
 .debug_line    0x0000117a      0xd03 Core/Src/main.o
 .debug_line    0x00001e7d      0xca6 Core/Src/ssd1306.o
 .debug_line    0x00002b23      0x878 Core/Src/stm32f1xx_hal_msp.o
 .debug_line    0x0000339b      0x7cc Core/Src/stm32f1xx_hal_timebase_tim.o
 .debug_line    0x00003b67      0x82f Core/Src/stm32f1xx_it.o
 .debug_line    0x00004396      0x60e Core/Src/syscalls.o
 .debug_line    0x000049a4      0x7f2 Drivers/CMSIS/Device/ST/STM32F1xx/Source/Templates/system_stm32f1xx.o
 .debug_line    0x00005196      0x972 Drivers/STM32F1xx_HAL_Driver/Src/stm32f1xx_hal.o
 .debug_line    0x00005b08      0xce3 Drivers/STM32F1xx_HAL_Driver/Src/stm32f1xx_hal_adc.o
 .debug_line    0x000067eb      0x981 Drivers/STM32F1xx_HAL_Driver/Src/stm32f1xx_hal_cortex.o
 .debug_line    0x0000716c      0x99b Drivers/STM32F1xx_HAL_Driver/Src/stm32f1xx_hal_flash.o
 .debug_line    0x00007b07      0xa2c Drivers/STM32F1xx_HAL_Driver/Src/stm32f1xx_hal_flash_ex.o